2021-08-16 17:47:18.209 18199-18199/? D/wpa_supplicant: id_str - hexdump(len=89): 25 37 42 25 32 32 63 72 65 61 74 6f 72 55 69 64 25 32 32 25 33 41 25 32 32 31 30 30 38 32 25 32 ...
2021-08-16 17:47:18.291 18199-18199/? D/wpa_supplicant: PSK (from passphrase) - hexdump(len=32): [REMOVED]
2021-08-16 17:47:18.291 18199-18199/? D/wpa_supplicant: Line: 26 - start of a new network block
2021-08-16 17:47:18.291 18199-18199/? D/wpa_supplicant: ssid - hexdump(len=10): 44 41 4e 49 45 4c 41 20 35 47
2021-08-16 17:47:18.291 18199-18199/? D/wpa_supplicant: BSSID - hexdump(len=6): cc ed dc 53 bf 29
2021-08-16 17:47:18.291 18199-18199/? D/wpa_supplicant: PSK (ASCII passphrase) - hexdump(len=8): [REMOVED]
2021-08-16 17:47:18.291 18199-18199/? D/wpa_supplicant: key_mgmt: 0x2
2021-08-16 17:47:18.291 18199-18199/? D/wpa_supplicant: priority=2 (0x2)
2021-08-16 17:47:18.291 18199-18199/? D/wpa_supplicant: id_str - hexdump(len=91): 25 37 42 25 32 32 63 72 65 61 74 6f 72 55 69 64 25 32 32 25 33 41 25 32 32 31 30 30 30 25 32 32 ...
2021-08-16 17:47:18.371 18199-18199/? D/wpa_supplicant: PSK (from passphrase) - hexdump(len=32): [REMOVED]
2021-08-16 17:47:18.371 18199-18199/? D/wpa_supplicant: Priority group 2
2021-08-16 17:47:18.371 18199-18199/? D/wpa_supplicant:    id=1 ssid='DANIELA 5G'
2021-08-16 17:47:18.371 18199-18199/? D/wpa_supplicant: Priority group 1
2021-08-16 17:47:18.371 18199-18199/? D/wpa_supplicant:    id=0 ssid='Calipso'
2021-08-16 17:47:18.371 18199-18199/? D/wpa_supplicant: Reading configuration file '/system/etc/wifi/wpa_supplicant_overlay.conf'
2021-08-16 17:47:18.372 18199-18199/? D/wpa_supplicant: disable_scan_offload=1
2021-08-16 17:47:18.372 18199-18199/? D/wpa_supplicant: p2p_disabled=1
2021-08-16 17:47:18.372 18199-18199/? D/wpa_supplicant: interworking=1
2021-08-16 17:47:18.372 18199-18199/? D/wpa_supplicant: hs20=1
2021-08-16 17:47:18.372 18199-18199/? D/wpa_supplicant: Priority group 2
2021-08-16 17:47:18.372 18199-18199/? D/wpa_supplicant:    id=1 ssid='DANIELA 5G'
2021-08-16 17:47:18.372 18199-18199/? D/wpa_supplicant: Priority group 1
2021-08-16 17:47:18.372 18199-18199/? D/wpa_supplicant:    id=0 ssid='Calipso'
2021-08-16 17:47:18.374 18199-18199/? D/wpa_supplicant: nl80211: Using driver-based roaming
2021-08-16 17:47:18.374 18199-18199/? D/wpa_supplicant: nl80211: TDLS supported
2021-08-16 17:47:18.374 18199-18199/? D/wpa_supplicant: nl80211: TDLS external setup
2021-08-16 17:47:18.374 18199-18199/? D/wpa_supplicant: nl80211: Supported cipher 00-0f-ac:1
2021-08-16 17:47:18.374 18199-18199/? D/wpa_supplicant: nl80211: Supported cipher 00-0f-ac:5
2021-08-16 17:47:18.374 18199-18199/? D/wpa_supplicant: nl80211: Supported cipher 00-0f-ac:2
2021-08-16 17:47:18.374 18199-18199/? D/wpa_supplicant: nl80211: Supported cipher 00-0f-ac:4
2021-08-16 17:47:18.374 18199-18199/? D/wpa_supplicant: nl80211: Supported cipher 00-14-72:1
2021-08-16 17:47:18.374 18199-18199/? D/wpa_supplicant: nl80211: Supported cipher 00-0f-ac:6
2021-08-16 17:47:18.374 18199-18199/? D/wpa_supplicant: nl80211: Supports Probe Response offload in AP mode
2021-08-16 17:47:18.375 18199-18199/? D/wpa_supplicant: nl80211: Using driver-based off-channel TX
2021-08-16 17:47:18.375 18199-18199/? D/wpa_supplicant: nl80211: Supported vendor command: vendor_id=0x1374 subcmd=9
2021-08-16 17:47:18.375 18199-18199/? D/wpa_supplicant: nl80211: Supported vendor command: vendor_id=0x1374 subcmd=12
2021-08-16 17:47:18.375 18199-18199/? D/wpa_supplicant: nl80211: Supported vendor command: vendor_id=0x1374 subcmd=16
2021-08-16 17:47:18.375 18199-18199/? D/wpa_supplicant: nl80211: Supported vendor command: vendor_id=0x1374 subcmd=14
2021-08-16 17:47:18.375 18199-18199/? D/wpa_supplicant: nl80211: Supported vendor command: vendor_id=0x1374 subcmd=15
2021-08-16 17:47:18.375 18199-18199/? D/wpa_supplicant: nl80211: Supported vendor command: vendor_id=0x1374 subcmd=20
2021-08-16 17:47:18.375 18199-18199/? D/wpa_supplicant: nl80211: Supported vendor command: vendor_id=0x1374 subcmd=21
2021-08-16 17:47:18.375 18199-18199/? D/wpa_supplicant: nl80211: Supported vendor command: vendor_id=0x1374 subcmd=22
2021-08-16 17:47:18.375 18199-18199/? D/wpa_supplicant: nl80211: Supported vendor command: vendor_id=0x1374 subcmd=23
2021-08-16 17:47:18.375 18199-18199/? D/wpa_supplicant: nl80211: Supported vendor command: vendor_id=0x1374 subcmd=24
2021-08-16 17:47:18.375 18199-18199/? D/wpa_supplicant: nl80211: Supported vendor command: vendor_id=0x1374 subcmd=29
2021-08-16 17:47:18.375 18199-18199/? D/wpa_supplicant: nl80211: Supported vendor command: vendor_id=0x1374 subcmd=30
2021-08-16 17:47:18.375 18199-18199/? D/wpa_supplicant: nl80211: Supported vendor command: vendor_id=0x1374 subcmd=34
2021-08-16 17:47:18.375 18199-18199/? D/wpa_supplicant: nl80211: Supported vendor command: vendor_id=0x1374 subcmd=35
2021-08-16 17:47:18.375 18199-18199/? D/wpa_supplicant: nl80211: Supported vendor command: vendor_id=0x1374 subcmd=36
2021-08-16 17:47:18.375 18199-18199/? D/wpa_supplicant: nl80211: Supported vendor command: vendor_id=0x1374 subcmd=38
2021-08-16 17:47:18.375 18199-18199/? D/wpa_supplicant: nl80211: Supported vendor command: vendor_id=0x1374 subcmd=40
2021-08-16 17:47:18.375 18199-18199/? D/wpa_supplicant: nl80211: Supported vendor command: vendor_id=0x1374 subcmd=39
2021-08-16 17:47:18.375 18199-18199/? D/wpa_supplicant: nl80211: Supported vendor command: vendor_id=0x1374 subcmd=42
2021-08-16 17:47:18.375 18199-18199/? D/wpa_supplicant: nl80211: Supported vendor command: vendor_id=0x1374 subcmd=63
2021-08-16 17:47:18.376 18199-18199/? D/wpa_supplicant: nl80211: Supported vendor command: vendor_id=0x1374 subcmd=105
2021-08-16 17:47:18.376 18199-18199/? D/wpa_supplicant: nl80211: Supported vendor command: vendor_id=0x1374 subcmd=62
2021-08-16 17:47:18.376 18199-18199/? D/wpa_supplicant: nl80211: Supported vendor command: vendor_id=0x1374 subcmd=61
2021-08-16 17:47:18.376 18199-18199/? D/wpa_supplicant: nl80211: Supported vendor command: vendor_id=0x1374 subcmd=77
2021-08-16 17:47:18.376 18199-18199/? D/wpa_supplicant: nl80211: Supported vendor command: vendor_id=0x1374 subcmd=80
2021-08-16 17:47:18.376 18199-18199/? D/wpa_supplicant: nl80211: Supported vendor command: vendor_id=0x1374 subcmd=79
2021-08-16 17:47:18.376 18199-18199/? D/wpa_supplicant: nl80211: Supported vendor command: vendor_id=0x1374 subcmd=101
2021-08-16 17:47:18.376 18199-18199/? D/wpa_supplicant: nl80211: Supported vendor command: vendor_id=0x1374 subcmd=74
2021-08-16 17:47:18.376 18199-18199/? D/wpa_supplicant: nl80211: Supported vendor command: vendor_id=0x1374 subcmd=149
2021-08-16 17:47:18.376 18199-18199/? D/wpa_supplicant: nl80211: Supported vendor command: vendor_id=0x1374 subcmd=150
2021-08-16 17:47:18.376 18199-18199/? D/wpa_supplicant: nl80211: Supported vendor command: vendor_id=0x1374 subcmd=121
2021-08-16 17:47:18.376 18199-18199/? D/wpa_supplicant: nl80211: Supported vendor event: vendor_id=0x1374 subcmd=10
2021-08-16 17:47:18.376 18199-18199/? D/wpa_supplicant: nl80211: Supported vendor event: vendor_id=0x1374 subcmd=14
2021-08-16 17:47:18.376 18199-18199/? D/wpa_supplicant: nl80211: Supported vendor event: vendor_id=0x1374 subcmd=15
2021-08-16 17:47:18.376 18199-18199/? D/wpa_supplicant: nl80211: Supported vendor event: vendor_id=0x1374 subcmd=16
2021-08-16 17:47:18.376 18199-18199/? D/wpa_supplicant: nl80211: Supported vendor event: vendor_id=0x1374 subcmd=17
2021-08-16 17:47:18.376 18199-18199/? D/wpa_supplicant: nl80211: Supported vendor event: vendor_id=0x1374 subcmd=18
2021-08-16 17:47:18.376 18199-18199/? D/wpa_supplicant: nl80211: Supported vendor event: vendor_id=0x1374 subcmd=19
2021-08-16 17:47:18.376 18199-18199/? D/wpa_supplicant: nl80211: Supported vendor event: vendor_id=0x1374 subcmd=20
2021-08-16 17:47:18.376 18199-18199/? D/wpa_supplicant: nl80211: Supported vendor event: vendor_id=0x1374 subcmd=21
2021-08-16 17:47:18.376 18199-18199/? D/wpa_supplicant: nl80211: Supported vendor event: vendor_id=0x1374 subcmd=23
2021-08-16 17:47:18.376 18199-18199/? D/wpa_supplicant: nl80211: Supported vendor event: vendor_id=0x1374 subcmd=24
2021-08-16 17:47:18.376 18199-18199/? D/wpa_supplicant: nl80211: Supported vendor event: vendor_id=0x1374 subcmd=25
2021-08-16 17:47:18.376 18199-18199/? D/wpa_supplicant: nl80211: Supported vendor event: vendor_id=0x1374 subcmd=26
2021-08-16 17:47:18.376 18199-18199/? D/wpa_supplicant: nl80211: Supported vendor event: vendor_id=0x1374 subcmd=27
2021-08-16 17:47:18.376 18199-18199/? D/wpa_supplicant: nl80211: Supported vendor event: vendor_id=0x1374 subcmd=28
2021-08-16 17:47:18.376 18199-18199/? D/wpa_supplicant: nl80211: Supported vendor event: vendor_id=0x1374 subcmd=29
2021-08-16 17:47:18.376 18199-18199/? D/wpa_supplicant: nl80211: Supported vendor event: vendor_id=0x1374 subcmd=30
2021-08-16 17:47:18.376 18199-18199/? D/wpa_supplicant: nl80211: Supported vendor event: vendor_id=0x1374 subcmd=37
2021-08-16 17:47:18.376 18199-18199/? D/wpa_supplicant: nl80211: Supported vendor event: vendor_id=0x0 subcmd=0
2021-08-16 17:47:18.377 18199-18199/? D/wpa_supplicant: nl80211: Supported vendor event: vendor_id=0x1374 subcmd=63
2021-08-16 17:47:18.377 18199-18199/? D/wpa_supplicant: nl80211: Supported vendor event: vendor_id=0x1374 subcmd=80
2021-08-16 17:47:18.377 18199-18199/? D/wpa_supplicant: nl80211: Supported vendor event: vendor_id=0x1374 subcmd=41
2021-08-16 17:47:18.377 18199-18199/? D/wpa_supplicant: nl80211: Supported vendor event: vendor_id=0x1374 subcmd=150
2021-08-16 17:47:18.377 18199-18199/? D/wpa_supplicant: nl80211: Use separate P2P group interface (driver advertised support)
2021-08-16 17:47:18.377 18199-18199/? D/wpa_supplicant: nl80211: Enable multi-channel concurrent (driver advertised support)
2021-08-16 17:47:18.377 18199-18199/? D/wpa_supplicant: nl80211: interface wlan0 in phy phy6
2021-08-16 17:47:18.377 18199-18199/? D/wpa_supplicant: nl80211: Set mode ifindex 34 iftype 2 (STATION)
2021-08-16 17:47:18.377 18199-18199/? D/wpa_supplicant: nl80211: Subscribe to mgmt frames with non-AP handle 0xa8b161b0
2021-08-16 17:47:18.377 18199-18199/? D/wpa_supplicant: nl80211: Register frame type=0xd0 (WLAN_FC_STYPE_ACTION) nl_handle=0xa8b161b0 match=0104
2021-08-16 17:47:18.377 18199-18199/? D/wpa_supplicant: nl80211: Register frame type=0xd0 (WLAN_FC_STYPE_ACTION) nl_handle=0xa8b161b0 match=040a
2021-08-16 17:47:18.377 18199-18199/? D/wpa_supplicant: nl80211: Register frame type=0xd0 (WLAN_FC_STYPE_ACTION) nl_handle=0xa8b161b0 match=040b
2021-08-16 17:47:18.378 18199-18199/? D/wpa_supplicant: nl80211: Register frame type=0xd0 (WLAN_FC_STYPE_ACTION) nl_handle=0xa8b161b0 match=040c
2021-08-16 17:47:18.378 18199-18199/? D/wpa_supplicant: nl80211: Register frame type=0xd0 (WLAN_FC_STYPE_ACTION) nl_handle=0xa8b161b0 match=040d
2021-08-16 17:47:18.378 18199-18199/? D/wpa_supplicant: nl80211: Register frame type=0xd0 (WLAN_FC_STYPE_ACTION) nl_handle=0xa8b161b0 match=090a
2021-08-16 17:47:18.379 18199-18199/? D/wpa_supplicant: nl80211: Register frame type=0xd0 (WLAN_FC_STYPE_ACTION) nl_handle=0xa8b161b0 match=090b
2021-08-16 17:47:18.379 18199-18199/? D/wpa_supplicant: nl80211: Register frame type=0xd0 (WLAN_FC_STYPE_ACTION) nl_handle=0xa8b161b0 match=090c
2021-08-16 17:47:18.379 18199-18199/? D/wpa_supplicant: nl80211: Register frame type=0xd0 (WLAN_FC_STYPE_ACTION) nl_handle=0xa8b161b0 match=090d
2021-08-16 17:47:18.379 18199-18199/? D/wpa_supplicant: nl80211: Register frame type=0xd0 (WLAN_FC_STYPE_ACTION) nl_handle=0xa8b161b0 match=0409506f9a09
2021-08-16 17:47:18.379 18199-18199/? D/wpa_supplicant: nl80211: Register frame type=0xd0 (WLAN_FC_STYPE_ACTION) nl_handle=0xa8b161b0 match=7f506f9a09
2021-08-16 17:47:18.379 18199-18199/? D/wpa_supplicant: nl80211: Register frame type=0xd0 (WLAN_FC_STYPE_ACTION) nl_handle=0xa8b161b0 match=0801
2021-08-16 17:47:18.379 18199-18199/? D/wpa_supplicant: nl80211: Register frame type=0xd0 (WLAN_FC_STYPE_ACTION) nl_handle=0xa8b161b0 match=040e
2021-08-16 17:47:18.379 18199-18199/? D/wpa_supplicant: nl80211: Register frame type=0xd0 (WLAN_FC_STYPE_ACTION) nl_handle=0xa8b161b0 match=12
2021-08-16 17:47:18.379 18199-18199/? D/wpa_supplicant: nl80211: Register frame type=0xd0 (WLAN_FC_STYPE_ACTION) nl_handle=0xa8b161b0 match=06
2021-08-16 17:47:18.380 18199-18199/? D/wpa_supplicant: nl80211: Register frame type=0xd0 (WLAN_FC_STYPE_ACTION) nl_handle=0xa8b161b0 match=0a07
2021-08-16 17:47:18.380 18199-18199/? D/wpa_supplicant: nl80211: Register frame type=0xd0 (WLAN_FC_STYPE_ACTION) nl_handle=0xa8b161b0 match=0a11
2021-08-16 17:47:18.380 18199-18199/? D/wpa_supplicant: nl80211: Register frame type=0xd0 (WLAN_FC_STYPE_ACTION) nl_handle=0xa8b161b0 match=0a1a
2021-08-16 17:47:18.380 18199-18199/? D/wpa_supplicant: nl80211: Register frame type=0xd0 (WLAN_FC_STYPE_ACTION) nl_handle=0xa8b161b0 match=1101
2021-08-16 17:47:18.380 18199-18199/? D/wpa_supplicant: nl80211: Register frame type=0xd0 (WLAN_FC_STYPE_ACTION) nl_handle=0xa8b161b0 match=1102
2021-08-16 17:47:18.380 18199-18199/? D/wpa_supplicant: nl80211: Register frame type=0xd0 (WLAN_FC_STYPE_ACTION) nl_handle=0xa8b161b0 match=0505
2021-08-16 17:47:18.381 18199-18199/? I/wpa_supplicant: rfkill: Cannot open RFKILL control device
2021-08-16 17:47:18.381 18199-18199/? D/wpa_supplicant: nl80211: RFKILL status not available
2021-08-16 17:47:18.381 18199-18199/? D/wpa_supplicant: netlink: Operstate: ifindex=34 linkmode=1 (userspace-control), operstate=5 (IF_OPER_DORMANT)
2021-08-16 17:47:18.383 18199-18199/? D/wpa_supplicant: nl80211: driver param='use_p2p_group_interface=1'
2021-08-16 17:47:18.383 18199-18199/? D/wpa_supplicant: nl80211: Use separate P2P group interface
2021-08-16 17:47:18.383 18199-18199/? D/wpa_supplicant: Add interface wlan0 to existing radio phy6
2021-08-16 17:47:18.384 18199-18199/? D/wpa_supplicant: nl80211: Regulatory information - country=98
2021-08-16 17:47:18.385 18199-18199/? D/wpa_supplicant: nl80211: 2402-2482 @ 40 MHz 20 mBm
2021-08-16 17:47:18.385 18199-18199/? D/wpa_supplicant: nl80211: 5170-5250 @ 80 MHz 20 mBm
2021-08-16 17:47:18.385 18199-18199/? D/wpa_supplicant: nl80211: 5250-5330 @ 80 MHz 20 mBm (DFS)
2021-08-16 17:47:18.385 18199-18199/? D/wpa_supplicant: nl80211: 5735-5835 @ 80 MHz 20 mBm
2021-08-16 17:47:18.385 18199-18199/? D/wpa_supplicant: nl80211: Added 802.11b mode based on 802.11g information
2021-08-16 17:47:18.433 18199-18199/? D/wpa_supplicant: wlan0: Own MAC address: a4:d4:b2:89:14:7c
2021-08-16 17:47:18.433 18199-18199/? D/wpa_supplicant: wpa_driver_nl80211_set_key: ifindex=34 (wlan0) alg=0 addr=0x0 key_idx=0 set_tx=0 seq_len=0 key_len=0
2021-08-16 17:47:18.434 18199-18199/? D/wpa_supplicant: wpa_driver_nl80211_set_key: ifindex=34 (wlan0) alg=0 addr=0x0 key_idx=1 set_tx=0 seq_len=0 key_len=0
2021-08-16 17:47:18.434 18199-18199/? D/wpa_supplicant: wpa_driver_nl80211_set_key: ifindex=34 (wlan0) alg=0 addr=0x0 key_idx=2 set_tx=0 seq_len=0 key_len=0
2021-08-16 17:47:18.434 18199-18199/? D/wpa_supplicant: wpa_driver_nl80211_set_key: ifindex=34 (wlan0) alg=0 addr=0x0 key_idx=3 set_tx=0 seq_len=0 key_len=0
2021-08-16 17:47:18.434 18199-18199/? D/wpa_supplicant: wpa_driver_nl80211_set_key: ifindex=34 (wlan0) alg=0 addr=0x0 key_idx=4 set_tx=0 seq_len=0 key_len=0
2021-08-16 17:47:18.434 18199-18199/? D/wpa_supplicant: wpa_driver_nl80211_set_key: ifindex=34 (wlan0) alg=0 addr=0x0 key_idx=5 set_tx=0 seq_len=0 key_len=0
2021-08-16 17:47:18.435 18199-18199/? D/wpa_supplicant: wlan0: RSN: flushing PMKID list in the driver
2021-08-16 17:47:18.435 18199-18199/? D/wpa_supplicant: nl80211: Flush PMKIDs
2021-08-16 17:47:18.498 18199-18199/? D/wpa_supplicant: TDLS: TDLS operation supported by driver
2021-08-16 17:47:18.498 18199-18199/? D/wpa_supplicant: TDLS: Driver uses external link setup
2021-08-16 17:47:18.498 18199-18199/? D/wpa_supplicant: TDLS: Driver does not support TDLS channel switching
2021-08-16 17:47:18.498 18199-18199/? D/wpa_supplicant: wlan0: WPS: UUID from the first interface: a9b924e6-b9eb-5ac9-8e53-ca7ab937f033
2021-08-16 17:47:18.499 18199-18199/? D/wpa_supplicant: eap_proxy: eap_proxy_init  wpa_qmi_ssr 0
2021-08-16 17:47:18.499 18199-18199/? D/wpa_supplicant: EAPOL: SUPP_PAE entering state DISCONNECTED
2021-08-16 17:47:18.499 18199-18199/? D/wpa_supplicant: EAPOL: Supplicant port status: Unauthorized
2021-08-16 17:47:18.499 18199-18199/? D/wpa_supplicant: nl80211: Skip set_supp_port(unauthorized) while not associated
2021-08-16 17:47:18.499 18199-18199/? D/wpa_supplicant: EAPOL: KEY_RX entering state NO_KEY_RECEIVE
2021-08-16 17:47:18.499 18199-18199/? D/wpa_supplicant: EAPOL: SUPP_BE entering state INITIALIZE
2021-08-16 17:47:18.499 18199-18199/? D/wpa_supplicant: EAP: EAP entering state DISABLED
2021-08-16 17:47:18.500 18199-18199/? D/wpa_supplicant: Using existing control interface directory.
2021-08-16 17:47:18.500 18199-18199/? E/wpa_supplicant: eap_proxy:eap_proxy_get_imsi: Not initialized
2021-08-16 17:47:18.500 18199-18199/? D/wpa_supplicant: eap_proxy: IMSI not available
2021-08-16 17:47:18.500 18199-18199/? D/wpa_supplicant: nl80211: Scan default IEs - hexdump(len=8): 7f 06 00 00 0a 82 01 40
2021-08-16 17:47:18.501 18199-18199/? E/wpa_supplicant: nl80211: Set scan default IEs failed: ret=-524 (Unknown error 524)
2021-08-16 17:47:18.501 18199-18199/? D/wpa_supplicant: wlan0: Added interface wlan0
2021-08-16 17:47:18.501 18199-18199/? D/wpa_supplicant: wlan0: State: DISCONNECTED -> DISCONNECTED
2021-08-16 17:47:18.501 18199-18199/? D/wpa_supplicant: nl80211: Set wlan0 operstate 0->0 (DORMANT)
2021-08-16 17:47:18.501 18199-18199/? D/wpa_supplicant: netlink: Operstate: ifindex=34 linkmode=-1 (no change), operstate=5 (IF_OPER_DORMANT)
2021-08-16 17:47:18.501 18199-18199/? D/wpa_supplicant: random: Got 20/20 bytes from /dev/random
2021-08-16 17:47:18.501 18199-18199/? D/wpa_supplicant: Get randomness: len=20 entropy=0
2021-08-16 17:47:18.501 18199-18223/? I/libmdmdetect: ESOC framework not supported
2021-08-16 17:47:18.503 18199-18223/? I/libmdmdetect: Found internal modem: modem
2021-08-16 17:47:18.489 18223-18223/? I/wpa_supplicant: type=1400 audit(0.0:6539): avc: denied { read write } for name="diag" dev="tmpfs" ino=7414 scontext=u:r:wpa:s0 tcontext=u:object_r:diag_device:s0 tclass=chr_file permissive=1
2021-08-16 17:47:18.489 18223-18223/? I/wpa_supplicant: type=1400 audit(0.0:6540): avc: denied { open } for path="/dev/diag" dev="tmpfs" ino=7414 scontext=u:r:wpa:s0 tcontext=u:object_r:diag_device:s0 tclass=chr_file permissive=1
2021-08-16 17:47:18.489 18223-18223/? I/wpa_supplicant: type=1400 audit(0.0:6541): avc: denied { ioctl } for path="/dev/diag" dev="tmpfs" ino=7414 ioctlcmd=20 scontext=u:r:wpa:s0 tcontext=u:object_r:diag_device:s0 tclass=chr_file permissive=1
2021-08-16 17:47:18.504 18199-18223/? D/wpa_supplicant: eap_proxy: num_modems = 1
2021-08-16 17:47:18.504 18199-18223/? E/wpa_supplicant: eap_proxy: eap_proxy Initializing for DUAL SIM build 2 tid 18223
2021-08-16 17:47:18.504 18199-18223/? I/libmdmdetect: ESOC framework not supported
2021-08-16 17:47:18.505 18199-18223/? I/libmdmdetect: Found internal modem: modem
2021-08-16 17:47:18.505 18199-18199/? D/wpa_supplicant: random: Updated entropy file /data/misc/wifi/entropy.bin (own_pool_ready=2)
2021-08-16 17:47:18.506 18199-18199/? D/wpa_supplicant: CTRL_IFACE monitor attached /data/misc/wifi/sockets/wpa_ctrl_3609-29\x00
2021-08-16 17:47:18.506 18199-18199/? D/wpa_supplicant: CTRL-DEBUG: global_ctrl_sock-sendto: sock=8 sndbuf=163840 outq=0 send_len=3
2021-08-16 17:47:18.508 18199-18199/? D/wpa_supplicant: RTM_NEWLINK: ifi_index=35 ifname=p2p0 operstate=0 linkmode=0 ifi_family=0 ifi_flags=0x1043 ([UP][RUNNING])
2021-08-16 17:47:18.509 18199-18199/? D/wpa_supplicant: RTM_NEWLINK: ifi_index=35 ifname=p2p0 operstate=5 linkmode=0 ifi_family=0 ifi_flags=0x1003 ([UP])
2021-08-16 17:47:18.509 18199-18199/? D/wpa_supplicant: wlan0: Control interface command 'DRIVER MACADDR'
2021-08-16 17:47:18.510 18199-18224/? I/libmdmdetect: ESOC framework not supported
2021-08-16 17:47:18.511 18199-18199/? D/wpa_supplicant: CTRL-DEBUG: global_ctrl_sock-sendto: sock=8 sndbuf=163840 outq=0 send_len=28
2021-08-16 17:47:18.511 18199-18224/? I/libmdmdetect: Found internal modem: modem
2021-08-16 17:47:18.511 18199-18224/? D/wpa_supplicant: eap_proxy: num_modems = 1
2021-08-16 17:47:18.511 18199-18224/? E/wpa_supplicant: eap_proxy: eap_proxy Initializing for DUAL SIM build 2 tid 18224
2021-08-16 17:47:18.513 18199-18199/? D/wpa_supplicant: wlan0: Control interface command 'SET SETBAND AUTO'
2021-08-16 17:47:18.514 18199-18199/? D/wpa_supplicant: CTRL_IFACE SET 'SETBAND'='AUTO'
2021-08-16 17:47:18.515 18199-18199/? D/wpa_supplicant: wlan0: Event CHANNEL_LIST_CHANGED (28) received
2021-08-16 17:47:18.515 18199-18199/? I/wpa_supplicant: wlan0: CTRL-EVENT-REGDOM-CHANGE init=USER type=UNKNOWN
2021-08-16 17:47:18.515 18199-18199/? D/wpa_supplicant: CTRL-DEBUG: ctrl_sock-sendmsg: sock=8 sndbuf=163840 outq=0 send_len=47
2021-08-16 17:47:18.518 18199-18199/? D/wpa_supplicant: CTRL_IFACE monitor sent successfully to /data/misc/wifi/sockets/wpa_ctrl_3609-29\x00
2021-08-16 17:47:18.518 18199-18199/? D/wpa_supplicant: wlan0: Updating hw mode
2021-08-16 17:47:18.520 18199-18199/? D/wpa_supplicant: nl80211: Regulatory information - country=98
2021-08-16 17:47:18.520 18199-18199/? D/wpa_supplicant: nl80211: 2402-2482 @ 40 MHz 20 mBm
2021-08-16 17:47:18.520 18199-18199/? D/wpa_supplicant: nl80211: 5170-5250 @ 80 MHz 20 mBm
2021-08-16 17:47:18.521 18199-18199/? D/wpa_supplicant: nl80211: 5250-5330 @ 80 MHz 20 mBm (DFS)
2021-08-16 17:47:18.521 18199-18199/? D/wpa_supplicant: nl80211: 5735-5835 @ 80 MHz 20 mBm
2021-08-16 17:47:18.521 18199-18199/? D/wpa_supplicant: nl80211: Added 802.11b mode based on 802.11g information
2021-08-16 17:47:18.521 18199-18199/? D/wpa_supplicant: p2p0: Updating hw mode
2021-08-16 17:47:18.522 18199-18199/? D/wpa_supplicant: nl80211: Regulatory information - country=98
2021-08-16 17:47:18.522 18199-18199/? D/wpa_supplicant: nl80211: 2402-2482 @ 40 MHz 20 mBm
2021-08-16 17:47:18.522 18199-18199/? D/wpa_supplicant: nl80211: 5170-5250 @ 80 MHz 20 mBm
2021-08-16 17:47:18.522 18199-18199/? D/wpa_supplicant: nl80211: 5250-5330 @ 80 MHz 20 mBm (DFS)
2021-08-16 17:47:18.523 18199-18199/? D/wpa_supplicant: nl80211: 5735-5835 @ 80 MHz 20 mBm
2021-08-16 17:47:18.523 18199-18199/? D/wpa_supplicant: nl80211: Added 802.11b mode based on 802.11g information
2021-08-16 17:47:18.523 18199-18199/? D/wpa_supplicant: wlan0: Determining shared radio frequencies (max len 2)
2021-08-16 17:47:18.523 18199-18199/? D/wpa_supplicant: wlan0: Shared frequencies (len=0): completed iteration
2021-08-16 17:47:18.524 18199-18199/? D/wpa_supplicant: P2P: Add operating class 81
2021-08-16 17:47:18.524 18199-18199/? D/wpa_supplicant: P2P: Channels - hexdump(len=13): 01 02 03 04 05 06 07 08 09 0a 0b 0c 0d
2021-08-16 17:47:18.524 18199-18199/? D/wpa_supplicant: P2P: Add operating class 115
2021-08-16 17:47:18.524 18199-18199/? D/wpa_supplicant: P2P: Channels - hexdump(len=4): 24 28 2c 30
2021-08-16 17:47:18.524 18199-18199/? D/wpa_supplicant: P2P: Add operating class 116
2021-08-16 17:47:18.524 18199-18199/? D/wpa_supplicant: P2P: Channels - hexdump(len=2): 24 2c
2021-08-16 17:47:18.524 18199-18199/? D/wpa_supplicant: P2P: Add operating class 117
2021-08-16 17:47:18.524 18199-18199/? D/wpa_supplicant: P2P: Channels - hexdump(len=2): 28 30
2021-08-16 17:47:18.524 18199-18199/? D/wpa_supplicant: P2P: Add operating class 124
2021-08-16 17:47:18.524 18199-18199/? D/wpa_supplicant: P2P: Channels - hexdump(len=4): 95 99 9d a1
2021-08-16 17:47:18.524 18199-18199/? D/wpa_supplicant: P2P: Add operating class 125
2021-08-16 17:47:18.524 18199-18199/? D/wpa_supplicant: P2P: Channels - hexdump(len=5): 95 99 9d a1 a5
2021-08-16 17:47:18.525 18199-18199/? D/wpa_supplicant: P2P: Add operating class 126
2021-08-16 17:47:18.525 18199-18199/? D/wpa_supplicant: P2P: Channels - hexdump(len=2): 95 9d
2021-08-16 17:47:18.525 18199-18199/? D/wpa_supplicant: P2P: Add operating class 127
2021-08-16 17:47:18.525 18199-18199/? D/wpa_supplicant: P2P: Channels - hexdump(len=2): 99 a1
2021-08-16 17:47:18.525 18199-18199/? D/wpa_supplicant: P2P: Add operating class 130
2021-08-16 17:47:18.525 18199-18199/? D/wpa_supplicant: P2P: Channels - hexdump(len=4): 24 28 2c 30
2021-08-16 17:47:18.525 18199-18199/? D/wpa_supplicant: P2P: Update channel list
2021-08-16 17:47:18.526 18199-18199/? D/wpa_supplicant: P2P: channels: 81:1,2,3,4,5,6,7,8,9,10,11,12,13 115:36,40,44,48 116:36,44 117:40,48 124:149,153,157,161 125:149,153,157,161,165 126:149,157 127:153,161 130:36,40,44,48
2021-08-16 17:47:18.526 18199-18199/? D/wpa_supplicant: P2P: cli_channels:
2021-08-16 17:47:18.526 18199-18199/? D/wpa_supplicant: CTRL-DEBUG: global_ctrl_sock-sendto: sock=8 sndbuf=163840 outq=0 send_len=3
2021-08-16 17:47:18.527 3609-4690/? I/WifiConnectivityManager: User band preference: 0
2021-08-16 17:47:18.529 18199-18199/? D/wpa_supplicant: wlan0: Control interface command 'SET update_config 1'
2021-08-16 17:47:18.529 18199-18199/? D/wpa_supplicant: CTRL_IFACE SET 'update_config'='1'
2021-08-16 17:47:18.529 18199-18199/? D/wpa_supplicant: update_config=1
2021-08-16 17:47:18.529 18199-18199/? D/wpa_supplicant: CTRL-DEBUG: global_ctrl_sock-sendto: sock=8 sndbuf=163840 outq=0 send_len=3
2021-08-16 17:47:18.530 3609-4690/? D/WifiConfigManager: Loading config and enabling all networks 
2021-08-16 17:47:18.531 18199-18199/? D/wpa_supplicant: wlan0: Control interface command 'LIST_NETWORKS LAST_ID=-1'
2021-08-16 17:47:18.531 18199-18228/? E/QC-QMI: qmi_client [18199] 1bb: failed to locate client data
2021-08-16 17:47:18.531 18199-18199/? D/wpa_supplicant: CTRL-DEBUG: global_ctrl_sock-sendto: sock=8 sndbuf=163840 outq=0 send_len=81
2021-08-16 17:47:18.532 764-764/? E/QC-DS-LIB: qmuxd: RX on fd=18 returned error=0 errno[2:No such file or directory]
2021-08-16 17:47:18.532 764-764/? E/QC-QMI: QMUX qmux_client_id=1bb not found in qmux client list, unable to remove
2021-08-16 17:47:18.534 18199-18199/? D/wpa_supplicant: CTRL-DEBUG: global_ctrl_sock-sendto: sock=8 sndbuf=163840 outq=0 send_len=9
2021-08-16 17:47:18.535 18199-18199/? D/wpa_supplicant: CTRL-DEBUG: global_ctrl_sock-sendto: sock=8 sndbuf=163840 outq=0 send_len=5
2021-08-16 17:47:18.535 18199-18199/? D/wpa_supplicant: CTRL-DEBUG: global_ctrl_sock-sendto: sock=8 sndbuf=163840 outq=0 send_len=1
2021-08-16 17:47:18.536 18199-18199/? D/wpa_supplicant: CTRL-DEBUG: global_ctrl_sock-sendto: sock=8 sndbuf=163840 outq=0 send_len=1
2021-08-16 17:47:18.536 18199-18199/? D/wpa_supplicant: CTRL-DEBUG: global_ctrl_sock-sendto: sock=8 sndbuf=163840 outq=0 send_len=1
2021-08-16 17:47:18.537 18199-18199/? D/wpa_supplicant: CTRL-DEBUG: global_ctrl_sock-sendto: sock=8 sndbuf=163840 outq=0 send_len=1
2021-08-16 17:47:18.538 18199-18199/? D/wpa_supplicant: CTRL-DEBUG: global_ctrl_sock-sendto: sock=8 sndbuf=163840 outq=0 send_len=1
2021-08-16 17:47:18.540 18199-18199/? D/wpa_supplicant: CTRL-DEBUG: global_ctrl_sock-sendto: sock=8 sndbuf=163840 outq=0 send_len=5
2021-08-16 17:47:18.541 18199-18199/? D/wpa_supplicant: CTRL-DEBUG: global_ctrl_sock-sendto: sock=8 sndbuf=163840 outq=0 send_len=5
2021-08-16 17:47:18.541 18199-18199/? D/wpa_supplicant: CTRL-DEBUG: global_ctrl_sock-sendto: sock=8 sndbuf=163840 outq=0 send_len=5
2021-08-16 17:47:18.542 18199-18199/? D/wpa_supplicant: CTRL-DEBUG: global_ctrl_sock-sendto: sock=8 sndbuf=163840 outq=0 send_len=5
2021-08-16 17:47:18.543 18199-18199/? D/wpa_supplicant: Do not allow key_data field to be exposed
2021-08-16 17:47:18.543 18199-18199/? D/wpa_supplicant: CTRL-DEBUG: global_ctrl_sock-sendto: sock=8 sndbuf=163840 outq=0 send_len=1
2021-08-16 17:47:18.543 18199-18199/? D/wpa_supplicant: CTRL-DEBUG: global_ctrl_sock-sendto: sock=8 sndbuf=163840 outq=0 send_len=7
2021-08-16 17:47:18.545 18199-18199/? D/wpa_supplicant: CTRL-DEBUG: global_ctrl_sock-sendto: sock=8 sndbuf=163840 outq=0 send_len=15
2021-08-16 17:47:18.546 18199-18199/? D/wpa_supplicant: CTRL-DEBUG: global_ctrl_sock-sendto: sock=8 sndbuf=163840 outq=0 send_len=5
2021-08-16 17:47:18.547 18199-18237/? E/QC-QMI: qmi_client [18199] 1bc: failed to locate client data
2021-08-16 17:47:18.547 18199-18199/? D/wpa_supplicant: CTRL-DEBUG: global_ctrl_sock-sendto: sock=8 sndbuf=163840 outq=0 send_len=9
2021-08-16 17:47:18.548 764-764/? E/QC-DS-LIB: qmuxd: RX on fd=18 returned error=0 errno[2:No such file or directory]
2021-08-16 17:47:18.548 764-764/? E/QC-QMI: QMUX qmux_client_id=1bc not found in qmux client list, unable to remove
2021-08-16 17:47:18.549 18199-18199/? D/wpa_supplicant: CTRL-DEBUG: global_ctrl_sock-sendto: sock=8 sndbuf=163840 outq=0 send_len=9
2021-08-16 17:47:18.551 18199-18199/? D/wpa_supplicant: CTRL-DEBUG: global_ctrl_sock-sendto: sock=8 sndbuf=163840 outq=0 send_len=5
2021-08-16 17:47:18.551 18199-18199/? D/wpa_supplicant: CTRL-DEBUG: global_ctrl_sock-sendto: sock=8 sndbuf=163840 outq=0 send_len=5
2021-08-16 17:47:18.552 18199-18199/? D/wpa_supplicant: CTRL-DEBUG: global_ctrl_sock-sendto: sock=8 sndbuf=163840 outq=0 send_len=5
2021-08-16 17:47:18.553 18199-18199/? D/wpa_supplicant: CTRL-DEBUG: global_ctrl_sock-sendto: sock=8 sndbuf=163840 outq=0 send_len=5
2021-08-16 17:47:18.553 18199-18199/? D/wpa_supplicant: CTRL-DEBUG: global_ctrl_sock-sendto: sock=8 sndbuf=163840 outq=0 send_len=5
2021-08-16 17:47:18.554 18199-18199/? D/wpa_supplicant: CTRL-DEBUG: global_ctrl_sock-sendto: sock=8 sndbuf=163840 outq=0 send_len=5
2021-08-16 17:47:18.554 18199-18199/? D/wpa_supplicant: CTRL-DEBUG: global_ctrl_sock-sendto: sock=8 sndbuf=163840 outq=0 send_len=1
2021-08-16 17:47:18.555 18199-18199/? D/wpa_supplicant: CTRL-DEBUG: global_ctrl_sock-sendto: sock=8 sndbuf=163840 outq=0 send_len=5
2021-08-16 17:47:18.556 18199-18244/? E/QC-QMI: qmi_client [18199] 1bd: failed to locate client data
2021-08-16 17:47:18.556 18199-18199/? D/wpa_supplicant: CTRL-DEBUG: global_ctrl_sock-sendto: sock=8 sndbuf=163840 outq=0 send_len=5
2021-08-16 17:47:18.556 18199-18223/? E/wpa_supplicant: eap_proxy: QMI uim service client initialized withsuccess tid is 18223 0x1 0
2021-08-16 17:47:18.557 764-764/? E/QC-DS-LIB: qmuxd: RX on fd=18 returned error=0 errno[2:No such file or directory]
2021-08-16 17:47:18.557 18199-18199/? D/wpa_supplicant: CTRL-DEBUG: global_ctrl_sock-sendto: sock=8 sndbuf=163840 outq=0 send_len=5
2021-08-16 17:47:18.557 764-764/? E/QC-QMI: QMUX qmux_client_id=1bd not found in qmux client list, unable to remove
2021-08-16 17:47:18.558 18199-18199/? D/wpa_supplicant: CTRL-DEBUG: global_ctrl_sock-sendto: sock=8 sndbuf=163840 outq=0 send_len=5
2021-08-16 17:47:18.559 18199-18199/? D/wpa_supplicant: CTRL-DEBUG: global_ctrl_sock-sendto: sock=8 sndbuf=163840 outq=0 send_len=5
2021-08-16 17:47:18.560 18199-18199/? D/wpa_supplicant: CTRL-DEBUG: global_ctrl_sock-sendto: sock=8 sndbuf=163840 outq=0 send_len=5
2021-08-16 17:47:18.561 18199-18199/? D/wpa_supplicant: CTRL-DEBUG: global_ctrl_sock-sendto: sock=8 sndbuf=163840 outq=0 send_len=5
2021-08-16 17:47:18.561 18199-18223/? E/wpa_supplicant: eap_proxy: QMI_UIM_EVENT_REG_REQ_V01, qmi_err_code: 0x0 wpa_uim[0].qmi_uim_svc_client_ptr =0x1Error=0x0
2021-08-16 17:47:18.561 18199-18223/? E/wpa_supplicant: eap_proxy: event_resp_msg.event=1,
2021-08-16 17:47:18.561 18199-18223/? E/wpa_supplicant: eap_proxy: reading card 1 values
2021-08-16 17:47:18.562 18199-18199/? D/wpa_supplicant: CTRL-DEBUG: global_ctrl_sock-sendto: sock=8 sndbuf=163840 outq=0 send_len=91
2021-08-16 17:47:18.562 18199-18223/? E/wpa_supplicant: eap_proxy: card_info[i].card_state: 0x1
2021-08-16 17:47:18.562 18199-18223/? E/wpa_supplicant: eap_proxy: card_info[i].error_code: 0x0
2021-08-16 17:47:18.562 18199-18223/? E/wpa_supplicant: eap_proxy: read_card_status: prime slot = 0
2021-08-16 17:47:18.562 18199-18223/? E/wpa_supplicant: eap_proxy: card READY
2021-08-16 17:47:18.562 18199-18223/? E/wpa_supplicant: eap_proxy: card_info[i].app_type: 0x2
2021-08-16 17:47:18.562 18199-18223/? E/wpa_supplicant: eap_proxy: card_info[i].app_state : 0x7
2021-08-16 17:47:18.562 18199-18223/? E/wpa_supplicant: eap_proxy: card found for SIM = 1
2021-08-16 17:47:18.562 18199-18223/? E/wpa_supplicant: eap_proxy: SIM/USIM ready
2021-08-16 17:47:18.562 18199-18223/? D/wpa_supplicant: eap_proxy: qmi_client_register_error_cb() status 0
2021-08-16 17:47:18.563 18199-18199/? D/wpa_supplicant: CTRL-DEBUG: global_ctrl_sock-sendto: sock=8 sndbuf=163840 outq=0 send_len=12
2021-08-16 17:47:18.564 18199-18199/? D/wpa_supplicant: CTRL-DEBUG: global_ctrl_sock-sendto: sock=8 sndbuf=163840 outq=0 send_len=17
2021-08-16 17:47:18.564 18199-18199/? D/wpa_supplicant: CTRL-DEBUG: global_ctrl_sock-sendto: sock=8 sndbuf=163840 outq=0 send_len=1
2021-08-16 17:47:18.565 18199-18199/? D/wpa_supplicant: CTRL-DEBUG: global_ctrl_sock-sendto: sock=8 sndbuf=163840 outq=0 send_len=1
2021-08-16 17:47:18.566 18199-18199/? D/wpa_supplicant: CTRL-DEBUG: global_ctrl_sock-sendto: sock=8 sndbuf=163840 outq=0 send_len=1
2021-08-16 17:47:18.567 18199-18199/? D/wpa_supplicant: CTRL-DEBUG: global_ctrl_sock-sendto: sock=8 sndbuf=163840 outq=0 send_len=1
2021-08-16 17:47:18.568 18199-18199/? D/wpa_supplicant: CTRL-DEBUG: global_ctrl_sock-sendto: sock=8 sndbuf=163840 outq=0 send_len=1
2021-08-16 17:47:18.568 18199-18199/? D/wpa_supplicant: CTRL-DEBUG: global_ctrl_sock-sendto: sock=8 sndbuf=163840 outq=0 send_len=5
2021-08-16 17:47:18.569 18199-18199/? D/wpa_supplicant: CTRL-DEBUG: global_ctrl_sock-sendto: sock=8 sndbuf=163840 outq=0 send_len=5
2021-08-16 17:47:18.569 18199-18199/? D/wpa_supplicant: CTRL-DEBUG: global_ctrl_sock-sendto: sock=8 sndbuf=163840 outq=0 send_len=5
2021-08-16 17:47:18.570 18199-18199/? D/wpa_supplicant: CTRL-DEBUG: global_ctrl_sock-sendto: sock=8 sndbuf=163840 outq=0 send_len=5
2021-08-16 17:47:18.570 18199-18199/? D/wpa_supplicant: Do not allow key_data field to be exposed
2021-08-16 17:47:18.570 18199-18199/? D/wpa_supplicant: CTRL-DEBUG: global_ctrl_sock-sendto: sock=8 sndbuf=163840 outq=0 send_len=1
2021-08-16 17:47:18.571 18199-18251/? E/QC-QMI: qmi_client [18199] 1be: failed to locate client data
2021-08-16 17:47:18.571 18199-18199/? D/wpa_supplicant: CTRL-DEBUG: global_ctrl_sock-sendto: sock=8 sndbuf=163840 outq=0 send_len=7
2021-08-16 17:47:18.571 18199-18199/? D/wpa_supplicant: CTRL-DEBUG: global_ctrl_sock-sendto: sock=8 sndbuf=163840 outq=0 send_len=7
2021-08-16 17:47:18.572 764-764/? E/QC-DS-LIB: qmuxd: RX on fd=18 returned error=0 errno[2:No such file or directory]
2021-08-16 17:47:18.572 18199-18199/? D/wpa_supplicant: CTRL-DEBUG: global_ctrl_sock-sendto: sock=8 sndbuf=163840 outq=0 send_len=5
2021-08-16 17:47:18.572 764-764/? E/QC-QMI: QMUX qmux_client_id=1be not found in qmux client list, unable to remove
2021-08-16 17:47:18.573 18199-18199/? D/wpa_supplicant: CTRL-DEBUG: global_ctrl_sock-sendto: sock=8 sndbuf=163840 outq=0 send_len=9
2021-08-16 17:47:18.573 18199-18199/? D/wpa_supplicant: CTRL-DEBUG: global_ctrl_sock-sendto: sock=8 sndbuf=163840 outq=0 send_len=9
2021-08-16 17:47:18.574 18199-18199/? D/wpa_supplicant: CTRL-DEBUG: global_ctrl_sock-sendto: sock=8 sndbuf=163840 outq=0 send_len=5
2021-08-16 17:47:18.575 18199-18199/? D/wpa_supplicant: CTRL-DEBUG: global_ctrl_sock-sendto: sock=8 sndbuf=163840 outq=0 send_len=5
2021-08-16 17:47:18.576 18199-18199/? D/wpa_supplicant: CTRL-DEBUG: global_ctrl_sock-sendto: sock=8 sndbuf=163840 outq=0 send_len=5
2021-08-16 17:47:18.576 18199-18199/? D/wpa_supplicant: CTRL-DEBUG: global_ctrl_sock-sendto: sock=8 sndbuf=163840 outq=0 send_len=5
2021-08-16 17:47:18.577 18199-18199/? D/wpa_supplicant: CTRL-DEBUG: global_ctrl_sock-sendto: sock=8 sndbuf=163840 outq=0 send_len=5
2021-08-16 17:47:18.577 18199-18199/? D/wpa_supplicant: CTRL-DEBUG: global_ctrl_sock-sendto: sock=8 sndbuf=163840 outq=0 send_len=5
2021-08-16 17:47:18.580 18199-18199/? D/wpa_supplicant: CTRL-DEBUG: global_ctrl_sock-sendto: sock=8 sndbuf=163840 outq=0 send_len=1
2021-08-16 17:47:18.581 18199-18199/? D/wpa_supplicant: CTRL-DEBUG: global_ctrl_sock-sendto: sock=8 sndbuf=163840 outq=0 send_len=5
2021-08-16 17:47:18.582 18199-18199/? D/wpa_supplicant: CTRL-DEBUG: global_ctrl_sock-sendto: sock=8 sndbuf=163840 outq=0 send_len=5
2021-08-16 17:47:18.582 18199-18199/? D/wpa_supplicant: CTRL-DEBUG: global_ctrl_sock-sendto: sock=8 sndbuf=163840 outq=0 send_len=5
2021-08-16 17:47:18.583 18199-18199/? D/wpa_supplicant: CTRL-DEBUG: global_ctrl_sock-sendto: sock=8 sndbuf=163840 outq=0 send_len=5
2021-08-16 17:47:18.584 18199-18199/? D/wpa_supplicant: CTRL-DEBUG: global_ctrl_sock-sendto: sock=8 sndbuf=163840 outq=0 send_len=5
2021-08-16 17:47:18.585 18199-18199/? D/wpa_supplicant: CTRL-DEBUG: global_ctrl_sock-sendto: sock=8 sndbuf=163840 outq=0 send_len=5
2021-08-16 17:47:18.586 18199-18259/? E/QC-QMI: qmi_client [18199] 1bf: failed to locate client data
2021-08-16 17:47:18.587 764-764/? E/QC-DS-LIB: qmuxd: RX on fd=18 returned error=0 errno[2:No such file or directory]
2021-08-16 17:47:18.587 764-764/? E/QC-QMI: QMUX qmux_client_id=1bf not found in qmux client list, unable to remove
2021-08-16 17:47:18.588 18199-18199/? D/wpa_supplicant: CTRL-DEBUG: global_ctrl_sock-sendto: sock=8 sndbuf=163840 outq=0 send_len=5
2021-08-16 17:47:18.589 18199-18199/? D/wpa_supplicant: CTRL-DEBUG: global_ctrl_sock-sendto: sock=8 sndbuf=163840 outq=0 send_len=93
2021-08-16 17:47:18.590 18199-18199/? D/wpa_supplicant: wlan0: Control interface command 'LIST_NETWORKS LAST_ID=1'
2021-08-16 17:47:18.590 18199-18199/? D/wpa_supplicant: CTRL-DEBUG: global_ctrl_sock-sendto: sock=8 sndbuf=163840 outq=0 send_len=34
2021-08-16 17:47:18.592 3609-4690/? W/WifiNetworkHistory: Upgrading network 0 to android.uid.system:1000
2021-08-16 17:47:18.592 3609-4690/? W/WifiNetworkHistory: Upgrading network 1 to android.uid.system:1000
2021-08-16 17:47:18.593 3609-4690/? D/WifiConfigManager: loaded 0 passpoint configs
2021-08-16 17:47:18.596 18199-18199/? D/wpa_supplicant: wlan0: Control interface command 'SET device_name msm8909'
2021-08-16 17:47:18.596 18199-18199/? D/wpa_supplicant: CTRL_IFACE SET 'device_name'='msm8909'
2021-08-16 17:47:18.596 18199-18199/? D/wpa_supplicant: device_name='msm8909'
2021-08-16 17:47:18.596 18199-18199/? D/wpa_supplicant: CTRL-DEBUG: global_ctrl_sock-sendto: sock=8 sndbuf=163840 outq=0 send_len=3
2021-08-16 17:47:18.597 18199-18199/? D/wpa_supplicant: wlan0: Control interface command 'SET manufacturer PAX'
2021-08-16 17:47:18.598 18199-18199/? D/wpa_supplicant: CTRL_IFACE SET 'manufacturer'='PAX'
2021-08-16 17:47:18.598 18199-18199/? D/wpa_supplicant: manufacturer='PAX'
2021-08-16 17:47:18.598 18199-18199/? D/wpa_supplicant: CTRL-DEBUG: global_ctrl_sock-sendto: sock=8 sndbuf=163840 outq=0 send_len=3
2021-08-16 17:47:18.600 18199-18199/? D/wpa_supplicant: wlan0: Control interface command 'SET model_name A920'
2021-08-16 17:47:18.600 18199-18199/? D/wpa_supplicant: CTRL_IFACE SET 'model_name'='A920'
2021-08-16 17:47:18.600 18199-18199/? D/wpa_supplicant: model_name='A920'
2021-08-16 17:47:18.600 18199-18199/? D/wpa_supplicant: CTRL-DEBUG: global_ctrl_sock-sendto: sock=8 sndbuf=163840 outq=0 send_len=3
2021-08-16 17:47:18.601 18199-18199/? D/wpa_supplicant: wlan0: Control interface command 'SET model_number A920'
2021-08-16 17:47:18.601 18199-18199/? D/wpa_supplicant: CTRL_IFACE SET 'model_number'='A920'
2021-08-16 17:47:18.601 18199-18199/? D/wpa_supplicant: model_number='A920'
2021-08-16 17:47:18.601 18199-18199/? D/wpa_supplicant: CTRL-DEBUG: global_ctrl_sock-sendto: sock=8 sndbuf=163840 outq=0 send_len=3
2021-08-16 17:47:18.605 18199-18199/? D/wpa_supplicant: wlan0: Control interface command 'SET serial_number 0821667500'
2021-08-16 17:47:18.605 18199-18199/? D/wpa_supplicant: CTRL_IFACE SET 'serial_number'='0821667500'
2021-08-16 17:47:18.605 18199-18199/? D/wpa_supplicant: serial_number='0821667500'
2021-08-16 17:47:18.605 18199-18199/? D/wpa_supplicant: CTRL-DEBUG: global_ctrl_sock-sendto: sock=8 sndbuf=163840 outq=0 send_len=3
2021-08-16 17:47:18.606 18199-18199/? D/wpa_supplicant: wlan0: Control interface command 'SET config_methods physical_display virtual_push_button'
2021-08-16 17:47:18.606 18199-18199/? D/wpa_supplicant: CTRL_IFACE SET 'config_methods'='physical_display virtual_push_button'
2021-08-16 17:47:18.606 18199-18199/? D/wpa_supplicant: config_methods='physical_display virtual_push_button'
2021-08-16 17:47:18.606 18199-18199/? D/wpa_supplicant: CTRL-DEBUG: global_ctrl_sock-sendto: sock=8 sndbuf=163840 outq=0 send_len=3
2021-08-16 17:47:18.607 18199-18199/? D/wpa_supplicant: wlan0: Control interface command 'SET device_type 10-0050F204-5'
2021-08-16 17:47:18.608 18199-18199/? D/wpa_supplicant: CTRL_IFACE SET 'device_type'='10-0050F204-5'
2021-08-16 17:47:18.608 18199-18199/? D/wpa_supplicant: CTRL-DEBUG: global_ctrl_sock-sendto: sock=8 sndbuf=163840 outq=0 send_len=3
2021-08-16 17:47:18.609 18199-18199/? D/wpa_supplicant: wlan0: Control interface command 'SET tdls_external_control 1'
2021-08-16 17:47:18.610 18199-18199/? D/wpa_supplicant: CTRL_IFACE SET 'tdls_external_control'='1'
2021-08-16 17:47:18.610 18199-18199/? D/wpa_supplicant: tdls_external_control=1
2021-08-16 17:47:18.610 18199-18199/? D/wpa_supplicant: CTRL-DEBUG: global_ctrl_sock-sendto: sock=8 sndbuf=163840 outq=0 send_len=3
2021-08-16 17:47:18.611 18199-18267/? E/QC-QMI: qmi_client [18199] 1c0: failed to locate client data
2021-08-16 17:47:18.612 18199-18199/? D/wpa_supplicant: wlan0: Control interface command 'SET disable_scan_offload 1'
2021-08-16 17:47:18.612 764-764/? E/QC-DS-LIB: qmuxd: RX on fd=18 returned error=0 errno[2:No such file or directory]
2021-08-16 17:47:18.612 18199-18199/? D/wpa_supplicant: CTRL_IFACE SET 'disable_scan_offload'='1'
2021-08-16 17:47:18.612 764-764/? E/QC-QMI: QMUX qmux_client_id=1c0 not found in qmux client list, unable to remove
2021-08-16 17:47:18.612 18199-18199/? D/wpa_supplicant: disable_scan_offload=1
2021-08-16 17:47:18.612 18199-18199/? D/wpa_supplicant: CTRL-DEBUG: global_ctrl_sock-sendto: sock=8 sndbuf=163840 outq=0 send_len=3
2021-08-16 17:47:18.614 18199-18199/? D/wpa_supplicant: wlan0: Control interface command 'SET p2p_disabled 1'
2021-08-16 17:47:18.615 18199-18199/? D/wpa_supplicant: CTRL_IFACE SET 'p2p_disabled'='1'
2021-08-16 17:47:18.615 18199-18199/? D/wpa_supplicant: p2p_disabled=1
2021-08-16 17:47:18.616 18199-18199/? D/wpa_supplicant: CTRL-DEBUG: global_ctrl_sock-sendto: sock=8 sndbuf=163840 outq=0 send_len=3
2021-08-16 17:47:18.618 18199-18199/? D/wpa_supplicant: wlan0: Control interface command 'SCAN_INTERVAL 15'
2021-08-16 17:47:18.618 18199-18199/? D/wpa_supplicant: wlan0: Setting scan interval: 15 sec
2021-08-16 17:47:18.620 18199-18199/? D/wpa_supplicant: CTRL-DEBUG: global_ctrl_sock-sendto: sock=8 sndbuf=163840 outq=0 send_len=3
2021-08-16 17:47:18.620 18199-18274/? E/QC-QMI: qmi_client [18199] 1c1: failed to locate client data
2021-08-16 17:47:18.620 18199-18224/? E/wpa_supplicant: eap_proxy: QMI uim service client initialized withsuccess tid is 18224 0x2 0
2021-08-16 17:47:18.621 764-764/? E/QC-DS-LIB: qmuxd: RX on fd=18 returned error=0 errno[2:No such file or directory]
2021-08-16 17:47:18.621 764-764/? E/QC-QMI: QMUX qmux_client_id=1c1 not found in qmux client list, unable to remove
2021-08-16 17:47:18.622 18199-18224/? E/wpa_supplicant: eap_proxy: QMI_UIM_EVENT_REG_REQ_V01, qmi_err_code: 0x0 wpa_uim[0].qmi_uim_svc_client_ptr =0x2Error=0x0
2021-08-16 17:47:18.622 18199-18224/? E/wpa_supplicant: eap_proxy: event_resp_msg.event=1,
2021-08-16 17:47:18.622 18199-18224/? E/wpa_supplicant: eap_proxy: reading card 1 values
2021-08-16 17:47:18.623 3609-4690/? D/WifiNative-HAL: Setting external_sim to 1
2021-08-16 17:47:18.623 18199-18199/? D/wpa_supplicant: wlan0: Control interface command 'SET external_sim 1'
2021-08-16 17:47:18.623 18199-18224/? E/wpa_supplicant: eap_proxy: card_info[i].card_state: 0x1
2021-08-16 17:47:18.623 18199-18199/? D/wpa_supplicant: CTRL_IFACE SET 'external_sim'='1'
2021-08-16 17:47:18.623 18199-18224/? E/wpa_supplicant: eap_proxy: card_info[i].error_code: 0x0
2021-08-16 17:47:18.623 18199-18199/? D/wpa_supplicant: external_sim=1
2021-08-16 17:47:18.623 18199-18224/? E/wpa_supplicant: eap_proxy: read_card_status: prime slot = 0
2021-08-16 17:47:18.624 18199-18199/? D/wpa_supplicant: CTRL-DEBUG: global_ctrl_sock-sendto: sock=8 sndbuf=163840 outq=0 send_len=3
2021-08-16 17:47:18.624 18199-18224/? E/wpa_supplicant: eap_proxy: card READY
2021-08-16 17:47:18.624 18199-18224/? E/wpa_supplicant: eap_proxy: card_info[i].app_type: 0x2
2021-08-16 17:47:18.624 18199-18224/? E/wpa_supplicant: eap_proxy: card_info[i].app_state : 0x7
2021-08-16 17:47:18.624 18199-18224/? E/wpa_supplicant: eap_proxy: card found for SIM = 1
2021-08-16 17:47:18.624 18199-18224/? E/wpa_supplicant: eap_proxy: SIM/USIM ready
2021-08-16 17:47:18.624 18199-18224/? D/wpa_supplicant: eap_proxy: qmi_client_register_error_cb() status 0
2021-08-16 17:47:18.625 3609-4690/? D/wifi: setting dfs flag to true, 0x8faa6840
2021-08-16 17:47:18.629 3609-4690/? D/WifiStateMachine: Setting OUI to DA-A1-19
2021-08-16 17:47:18.630 3609-4690/? D/wifi: setting scan oui 0x8faa6840
2021-08-16 17:47:18.631 18199-18199/? D/wpa_supplicant: wlan0: Control interface command 'STA_AUTOCONNECT 0'
2021-08-16 17:47:18.631 18199-18199/? D/wpa_supplicant: CTRL-DEBUG: global_ctrl_sock-sendto: sock=8 sndbuf=163840 outq=0 send_len=3
2021-08-16 17:47:18.633 18199-18199/? D/wpa_supplicant: wlan0: Control interface command 'DRIVER COUNTRY CL'
2021-08-16 17:47:18.636 18199-18281/? E/QC-QMI: qmi_client [18199] 1c2: failed to locate client data
2021-08-16 17:47:18.637 764-764/? E/QC-DS-LIB: qmuxd: RX on fd=18 returned error=0 errno[2:No such file or directory]
2021-08-16 17:47:18.637 764-764/? E/QC-QMI: QMUX qmux_client_id=1c2 not found in qmux client list, unable to remove
2021-08-16 17:47:18.648 18199-18288/? E/QC-QMI: qmi_client [18199] 1c3: failed to locate client data
2021-08-16 17:47:18.649 18199-18223/? E/wpa_supplicant: eap_proxy: QMI auth service client initialized with success tid is 18223  0x3 eapol_proxy=0xa8b4c0c0
2021-08-16 17:47:18.649 18199-18223/? D/wpa_supplicant: registering for notification codes
2021-08-16 17:47:18.649 764-764/? E/QC-DS-LIB: qmuxd: RX on fd=18 returned error=0 errno[2:No such file or directory]
2021-08-16 17:47:18.649 764-764/? E/QC-QMI: QMUX qmux_client_id=1c3 not found in qmux client list, unable to remove
2021-08-16 17:47:18.658 18199-18295/? E/QC-QMI: qmi_client [18199] 1c4: failed to locate client data
2021-08-16 17:47:18.660 764-764/? E/QC-DS-LIB: qmuxd: RX on fd=18 returned error=0 errno[2:No such file or directory]
2021-08-16 17:47:18.661 764-764/? E/QC-QMI: QMUX qmux_client_id=1c4 not found in qmux client list, unable to remove
2021-08-16 17:47:18.670 18199-18303/? E/QC-QMI: qmi_client [18199] 1c5: failed to locate client data
2021-08-16 17:47:18.671 764-764/? E/QC-DS-LIB: qmuxd: RX on fd=18 returned error=0 errno[2:No such file or directory]
2021-08-16 17:47:18.671 764-764/? E/QC-QMI: QMUX qmux_client_id=1c5 not found in qmux client list, unable to remove
2021-08-16 17:47:18.681 18199-18310/? E/QC-QMI: qmi_client [18199] 1c6: failed to locate client data
2021-08-16 17:47:18.681 18199-18224/? E/wpa_supplicant: eap_proxy: QMI auth service client initialized with success tid is 18224  0x4 eapol_proxy=0xa8b4c300
2021-08-16 17:47:18.681 18199-18224/? D/wpa_supplicant: registering for notification codes
2021-08-16 17:47:18.681 764-764/? E/QC-DS-LIB: qmuxd: RX on fd=18 returned error=0 errno[2:No such file or directory]
2021-08-16 17:47:18.681 764-764/? E/QC-QMI: QMUX qmux_client_id=1c6 not found in qmux client list, unable to remove
2021-08-16 17:47:18.691 18199-18317/? E/QC-QMI: qmi_client [18199] 1c7: failed to locate client data
2021-08-16 17:47:18.692 764-764/? E/QC-DS-LIB: qmuxd: RX on fd=18 returned error=0 errno[2:No such file or directory]
2021-08-16 17:47:18.692 764-764/? E/QC-QMI: QMUX qmux_client_id=1c7 not found in qmux client list, unable to remove
2021-08-16 17:47:18.702 18199-18325/? E/QC-QMI: qmi_client [18199] 1c8: failed to locate client data
2021-08-16 17:47:18.704 764-764/? E/QC-DS-LIB: qmuxd: RX on fd=18 returned error=0 errno[2:No such file or directory]
2021-08-16 17:47:18.704 764-764/? E/QC-QMI: QMUX qmux_client_id=1c8 not found in qmux client list, unable to remove
2021-08-16 17:47:18.712 18199-18331/? E/QC-QMI: qmi_client [18199] 1c9: failed to locate client data
2021-08-16 17:47:18.713 18199-18223/? E/wpa_supplicant: eap_proxy: QMI uim service client initialized withsuccess tid is 18223 0x5 0
2021-08-16 17:47:18.713 764-764/? E/QC-DS-LIB: qmuxd: RX on fd=18 returned error=0 errno[2:No such file or directory]
2021-08-16 17:47:18.713 764-764/? E/QC-QMI: QMUX qmux_client_id=1c9 not found in qmux client list, unable to remove
2021-08-16 17:47:18.714 18199-18223/? E/wpa_supplicant: eap_proxy: QMI_UIM_EVENT_REG_REQ_V01, qmi_err_code: 0x0 wpa_uim[1].qmi_uim_svc_client_ptr =0x5Error=0x0
2021-08-16 17:47:18.715 18199-18223/? E/wpa_supplicant: eap_proxy: event_resp_msg.event=1,
2021-08-16 17:47:18.715 18199-18223/? E/wpa_supplicant: eap_proxy: reading card 2 values
2021-08-16 17:47:18.715 18199-18223/? E/wpa_supplicant: eap_proxy: card_info[i].card_state: 0x2
2021-08-16 17:47:18.715 18199-18223/? E/wpa_supplicant: eap_proxy: card_info[i].error_code: 0x3
2021-08-16 17:47:18.715 18199-18223/? E/wpa_supplicant: eap_proxy: read_card_status: Not GW it's 1x
2021-08-16 17:47:18.715 18199-18223/? E/wpa_supplicant: eap_proxy: Error while reading SIM card status
2021-08-16 17:47:18.715 18199-18223/? D/wpa_supplicant: eap_proxy: qmi_client_register_error_cb() status 0
2021-08-16 17:47:18.725 18199-18338/? E/QC-QMI: qmi_client [18199] 1ca: failed to locate client data
2021-08-16 17:47:18.727 764-764/? E/QC-DS-LIB: qmuxd: RX on fd=18 returned error=0 errno[2:No such file or directory]
2021-08-16 17:47:18.727 764-764/? E/QC-QMI: QMUX qmux_client_id=1ca not found in qmux client list, unable to remove
