2021-08-16 17:47:58.852 3609-4700/? D/ConnectivityService: Switching to new default network: NetworkAgentInfo{ ni{[type: MOBILE[LTE], state: CONNECTED/CONNECTED, reason: connected, extra: M2M.ENTEL.CL, failover: false, available: true, roaming: false, metered: true]}  network{112}  nethandle{481052773086}  lp{{InterfaceName: rmnet_data0 LinkAddresses: [10.4.181.125/30,]  Routes: [0.0.0.0/0 -> 10.4.181.126 rmnet_data0,] DnsAddresses: [172.18.150.65,172.18.150.66,] Domains: null MTU: 1500 TcpBufferSizes: 2097152,4194304,8388608,262144,524288,1048576}}  nc{[ Transports: CELLULAR Capabilities: SUPL&INTERNET&NOT_RESTRICTED&TRUSTED&NOT_VPN&FOREGROUND LinkUpBandwidth>=51200Kbps LinkDnBandwidth>=102400Kbps Specifier: <6>]}  Score{10}  everValidated{false}  lastValidated{false}  created{true} lingering{false} explicitlySelected{false} acceptUnvalidated{false} everCaptivePortalDetected{false} lastCaptivePortalDetected{false} }
2021-08-16 17:47:58.863 3609-4725/? I/GnssLocationProvider: WakeLock acquired by sendMessage(6, 0, null)
2021-08-16 17:47:58.864 3609-4700/? D/ConnectivityService: Sending CONNECTED broadcast for type 0 NetworkAgentInfo [MOBILE (LTE) - 112] isDefaultNetwork=true
2021-08-16 17:47:58.865 3609-3810/? D/GnssLocationProvider: handleDownloadXtraData() called when Xtra not supported
2021-08-16 17:47:58.867 8593-17984/? D/[isThisNetworkOnline]: Calling network 112
2021-08-16 17:47:58.869 4999-4999/? I/NetworkConnectChangedReceiver: enableWifiAssistant =false
2021-08-16 17:47:58.869 3609-4700/? W/ConnectivityService: updateShareNetwork(), networkinfo=[ [type: MOBILE[LTE], state: CONNECTED/CONNECTED, reason: connected, extra: M2M.ENTEL.CL, failover: false, available: true, roaming: false, metered: true] ]; state= 1
2021-08-16 17:47:58.869 4743-5398/? D/TelephonyIcons: updateDataType slot=0, type=13, inetCondition=0 showAtLeast3G=false show4GforLte=true hspaDistinguishable=false
2021-08-16 17:47:58.870 3609-4700/? W/ConnectivityService: updateShareNetwork share network size=1 >>>>>>
2021-08-16 17:47:58.870 3609-4700/? W/ConnectivityService: network: [type: MOBILE[LTE], state: DISCONNECTED/DISCONNECTED, reason: (unspecified), extra: (none), failover: false, available: true, roaming: false, metered: true]
2021-08-16 17:47:58.870 3609-4700/? W/ConnectivityService: updateShareNetwork share network <<<<<<
2021-08-16 17:47:58.870 4743-5398/? D/TelephonyIcons: data type item name: array/telephony_data_type_sim1 id:2131427376
2021-08-16 17:47:58.871 3609-4700/? D/ConnectivityService: NetworkAgentInfo [MOBILE (LTE) - 112] validation passed
2021-08-16 17:47:58.872 4743-5398/? D/TelephonyIcons: updateDataType mSelectedDataTypeIcon[0]=2130838284, mSelectedDataActivityIndex=5
2021-08-16 17:47:58.872 4743-5398/? D/TelephonyIcons: getSignalStrengthIcon: slot=0, inetCondition=0, level=4, roaming=false
2021-08-16 17:47:58.873 4743-5398/? D/TelephonyIcons: signalStrengthArray.length=9
2021-08-16 17:47:58.875 3609-3810/? I/GnssLocationProvider: WakeLock released by handleMessage(6, 0, null)
2021-08-16 17:47:58.874 4743-5398/? D/TelephonyIcons: selectedTypeArray.length=2
2021-08-16 17:47:58.884 4743-5398/? D/TelephonyIcons: inetArray.length=5
2021-08-16 17:47:58.886 4743-5398/? D/TelephonyIcons: getDataActivity, slot=0, activity=0
2021-08-16 17:47:58.892 4743-5398/? D/TelephonyIcons: null signal icon name: drawable/stat_sys_signal_null
2021-08-16 17:47:58.893 4743-5398/? D/TelephonyIcons: getDataTypeIcon sub=0
2021-08-16 17:47:58.896 4743-5398/? D/TelephonyIcons: updateDataType slot=0, type=13, inetCondition=1 showAtLeast3G=false show4GforLte=true hspaDistinguishable=false
2021-08-16 17:47:58.897 4743-5398/? D/TelephonyIcons: data type item name: array/telephony_data_type_sim1 id:2131427376
2021-08-16 17:47:58.899 4743-5398/? D/TelephonyIcons: updateDataType mSelectedDataTypeIcon[0]=2130838284, mSelectedDataActivityIndex=5
2021-08-16 17:47:58.899 4743-5398/? D/TelephonyIcons: getSignalStrengthIcon: slot=0, inetCondition=1, level=4, roaming=false
2021-08-16 17:47:58.900 4743-5398/? D/TelephonyIcons: signalStrengthArray.length=9
2021-08-16 17:47:58.902 4743-5398/? D/TelephonyIcons: selectedTypeArray.length=2
2021-08-16 17:47:58.904 4743-5398/? D/TelephonyIcons: inetArray.length=5
2021-08-16 17:47:58.905 4743-5398/? D/TelephonyIcons: getDataActivity, slot=0, activity=0
2021-08-16 17:47:58.910 4743-5398/? D/TelephonyIcons: null signal icon name: drawable/stat_sys_signal_null
2021-08-16 17:47:58.912 4743-5398/? D/TelephonyIcons: getDataTypeIcon sub=0
2021-08-16 17:47:58.919 3609-4690/? D/wifi: In wifi stop Hal
2021-08-16 17:47:58.919 3609-4690/? D/wifi: halHandle = 0x8fae6a00, mVM = 0xabdf3000, mCls = 0x188a
2021-08-16 17:47:58.919 3609-4690/? I/WifiHAL: Sent msg on exit sock to unblock poll()
2021-08-16 17:47:58.919 3609-18198/? D/wifi: In wifi cleaned up handler
2021-08-16 17:47:58.924 3609-18198/? D/wifi: set interface wlan0 flags (DOWN)
2021-08-16 17:47:58.928 3609-4690/? D/WifiNative-HAL: HAL event thread stopped successfully
2021-08-16 17:47:59.024 3609-3609/? I/NetworkPolicy: 	mCurrNetWork === 0
2021-08-16 17:47:59.064 5804-5804/? D/OTA/BootBroadcastReceiver: NET true
2021-08-16 17:47:59.064 5804-5804/? D/OTA/BootBroadcastReceiver: startLongService
2021-08-16 17:47:59.065 5804-5804/? W/ContextImpl: Calling a method in the system process without a qualified user: android.app.ContextImpl.startService:1432 android.content.ContextWrapper.startService:620 android.content.ContextWrapper.startService:620 com.pax.rtm.broadcast.BootBroadcastReceiver.startLongService:67 com.pax.rtm.broadcast.BootBroadcastReceiver.onReceive:33 
2021-08-16 17:47:59.082 5804-5804/? D/OTA/OTAUpdateDetectService: triggertime = Mon Aug 16 18:47:59 GMT-03:00 2021,--interval = 360
2021-08-16 17:47:59.082 6062-6062/? W/ContextImpl: Calling a method in the system process without a qualified user: android.app.ContextImpl.startService:1432 android.content.ContextWrapper.startService:620 android.content.ContextWrapper.startService:620 com.pax.market.android.app.presentation.common.receiver.ConnectivityChangeReceiver.onReceive:3 android.app.ActivityThread.handleReceiver:3041 
2021-08-16 17:47:59.092 5804-5804/? D/OTA/OTAUpdateDetectService: scheduleUpdate, action false
2021-08-16 17:47:59.093 5804-5804/? D/OTA/OTAUpdateDetectService: scheduleDownload!!!
2021-08-16 17:47:59.094 5804-19064/? D/OTA/OTAUpdateCheckTask: task run === time=1629150479093
2021-08-16 17:47:59.095 5804-5804/? D/OTA/LongRunningService: onStartCommand
2021-08-16 17:47:59.094 5804-19064/? D/OTA/OTAUpdateCheckTask: check from action: false
2021-08-16 17:47:59.095 5804-19064/? W/OTA/OTAUpdateCheckTask: Automatic checking for updates is not allowed
2021-08-16 17:47:59.095 5804-5804/? D/OTA/LongRunningService: action = net_action
2021-08-16 17:47:59.095 5804-5804/? D/OTA/LongRunningService: start QueryStrateryThread
2021-08-16 17:47:59.095 5804-19064/? D/OTA/Util: isUpdateCheckOnce false
2021-08-16 17:47:59.096 5804-5804/? D/OTA/LongRunningService: start PlanTaskThread
2021-08-16 17:47:59.098 6062-19063/? D/ConnectivityChangeService -: Net connected 
2021-08-16 17:47:59.098 6062-6062/? W/ContextImpl: Calling a method in the system process without a qualified user: android.app.ContextImpl.startService:1432 android.content.ContextWrapper.startService:620 android.content.ContextWrapper.startService:620 com.pax.market.android.app.push.mpush.MPushReceiver.onReceive:15 android.app.ActivityThread.handleReceiver:3041 
2021-08-16 17:47:59.103 5804-19065/? D/OTA/OTADownloadTask: task run === time= 1629150479100
2021-08-16 17:47:59.103 6062-19063/? W/ContextImpl: Calling a method in the system process without a qualified user: android.app.ContextImpl.startService:1432 android.content.ContextWrapper.startService:620 com.pax.market.android.app.presentation.common.service.ConnectivityChangeService.OooOO0:1 com.pax.market.android.app.presentation.common.service.ConnectivityChangeService.OooO0oo:10 com.pax.market.android.app.presentation.common.service.ConnectivityChangeService.onHandleIntent:5 
2021-08-16 17:47:59.103 5804-19065/? I/OTA/DownloadInfo: getOtaApHasUpdate ,get result = false
2021-08-16 17:47:59.107 6062-6062/? I/OooO0o: >>> Polling started.
2021-08-16 17:47:59.108 6062-19063/? W/ContextImpl: Calling a method in the system process without a qualified user: android.app.ContextImpl.startService:1432 android.content.ContextWrapper.startService:620 com.pax.market.android.app.presentation.common.service.ConnectivityChangeService.OooOO0:2 com.pax.market.android.app.presentation.common.service.ConnectivityChangeService.OooO0oo:10 com.pax.market.android.app.presentation.common.service.ConnectivityChangeService.onHandleIntent:5 
2021-08-16 17:47:59.108 5804-19066/? D/OTA/LongRunningService: QueryStrateryThread 2021/08/16 18:47:59 
2021-08-16 17:47:59.111 5804-19066/? D/OTA/TimeUtils: str = 2021年08月16日 18:47:59 
2021-08-16 17:47:59.112 5804-19066/? D/OTA/LongRunningService: next getQueryStrateryTime = 372 min
2021-08-16 17:47:59.112 5804-19066/? W/ContextImpl: Calling a method in the system process without a qualified user: android.app.ContextImpl.sendBroadcast:952 android.content.ContextWrapper.sendBroadcast:428 com.pax.rtm.service.LongRunningService$QueryStrateryThread.run:134 <bottom of call stack> <bottom of call stack> 
2021-08-16 17:47:59.116 6062-6062/? W/ContextImpl: Calling a method in the system process without a qualified user: android.app.ContextImpl.startService:1432 android.content.ContextWrapper.startService:620 com.pax.market.android.app.push.mpush.MPushReceiver.OooO0o0:9 com.pax.market.android.app.push.mpush.MPushReceiver.onReceive:18 android.app.ActivityThread.handleReceiver:3041 
2021-08-16 17:47:59.118 6062-19063/? W/ContextImpl: Calling a method in the system process without a qualified user: android.app.ContextImpl.startService:1432 android.content.ContextWrapper.startService:620 com.pax.market.android.app.presentation.common.service.ConnectivityChangeService.OooOO0:6 com.pax.market.android.app.presentation.common.service.ConnectivityChangeService.OooO0oo:10 com.pax.market.android.app.presentation.common.service.ConnectivityChangeService.onHandleIntent:5 
2021-08-16 17:47:59.129 5804-19065/? I/OTA/DownloadInfo: getAllowDownload ,get result = false
2021-08-16 17:47:59.134 6062-19063/? D/ConnectivityChangeService -: Delay call apis alarm exists
2021-08-16 17:47:59.140 6062-6062/? E/o000O00O -: acquire partial wake lock:o000O00O
2021-08-16 17:47:59.143 6062-19071/? I/NetStateChangeService: MPush onNetStateChange: true
2021-08-16 17:47:59.144 6062-19071/? I/MPUSH: network state change, isConnected=true, connection=TcpConnection{state=disconnected, channel=null, lastReadTime=0, lastWriteTime=0, totalReconnectCount=8, reconnectCount=0, autoConnect=true}
2021-08-16 17:47:59.146 6062-6062/? D/o000O00O: serviceStartTime:2021-08-16 18:47:59
2021-08-16 17:47:59.146 6062-6062/? I/UpdateDownloadService -: >>> resumeFromOneHourCheck...
2021-08-16 17:47:59.150 5804-5804/? D/OTA/BootBroadcastReceiver: strategy intervalMillis 1629172800000
2021-08-16 17:47:59.158 6062-6062/? D/o000O00O -: No self update to resume
2021-08-16 17:47:59.159 6062-6062/? E/UpdateDownloadService: Stopping UpdateDownloadService....
2021-08-16 17:47:59.159 6062-19073/? D/MPUSH: try doReconnect, count=1, total=9, autoConnect=true, state=connecting
2021-08-16 17:47:59.160 6062-19073/? W/MPUSH: doReconnect, count=1, total=9, autoConnect=true, state=connecting
2021-08-16 17:47:59.160 6062-19073/? W/MPUSH: try connect server [mpush2.whatspos.com:3000]
2021-08-16 17:47:59.161 6062-6062/? E/FirmwareDownloadService: onCreate
2021-08-16 17:47:59.165 6062-6062/? E/FirmwareDownloadPresenter -: acquire partial wake lock:FirmwareDownloadPresenter
2021-08-16 17:47:59.169 6062-6062/? D/FirmwareDownloadService: firmWareStart
2021-08-16 17:47:59.170 6062-6062/? I/FirmwareDownloadPresenter: Resume firmware from one hour interval
2021-08-16 17:47:59.170 562-4629/? E/Netd: netlink response contains error (No such file or directory)
2021-08-16 17:47:59.171 6062-6062/? I/FirmwareDownloadPresenter: no firmware task
2021-08-16 17:47:59.184 6062-6062/? E/DownloadApksService: onCreate
2021-08-16 17:47:59.187 6062-6062/? E/OooOO0O -: acquire partial wake lock:OooOO0O
2021-08-16 17:47:59.193 6062-6062/? D/OooOO0O: Count down start: 600000minutes
2021-08-16 17:47:59.195 6062-6062/? D/DownloadApksService: DownloadApksService onStartCommand
2021-08-16 17:47:59.198 6062-6062/? D/OooOO0O: serviceStartTime:2021-08-16 18:47:59
2021-08-16 17:47:59.199 6062-6062/? E/OooOO0O -: resumeBackendTasks
2021-08-16 17:47:59.206 6062-6062/? E/o000O00O -: release partial wake lock:o000O00O
2021-08-16 17:47:59.208 6062-6062/? E/FirmwareDownloadPresenter -: release partial wake lock:FirmwareDownloadPresenter
2021-08-16 17:47:59.211 6062-6062/? E/OooOO0O -: release partial wake lock:OooOO0O
2021-08-16 17:47:59.465 6062-19073/? W/MPUSH: connect server ok [mpush2.whatspos.com:3000]
2021-08-16 17:47:59.466 6062-19073/? W/MPUSH: connection connected !!!
2021-08-16 17:47:59.467 6062-14543/? I/MPushService -: mpush onConnected
2021-08-16 17:47:59.467 6062-14543/? I/MPushService: >>> onConnected, client handshakeOk is false
2021-08-16 17:47:59.467 6062-19073/? W/MPUSH: a task was rejected r=java.util.concurrent.ScheduledThreadPoolExecutor$ScheduledFutureTask@30a9dbd
2021-08-16 17:47:59.468 6062-19073/? W/MPUSH: <<< do fast connect, message=FastConnectMessage{sessionId=47, sessionId='92a7f08951a669a80f4080e6cefb4f2a', deviceId='0821667500', minHeartbeat=240000, maxHeartbeat=240000}
2021-08-16 17:47:59.468 6062-14543/? W/ContextImpl: Calling a method in the system process without a qualified user: android.app.ContextImpl.sendBroadcast:952 android.content.ContextWrapper.sendBroadcast:428 com.pax.market.android.app.push.mpush.MPushService.OooO00o:7 com.mpush.client.OooO$OooO00o.run:2 java.util.concurrent.ThreadPoolExecutor.runWorker:1133 
2021-08-16 17:47:59.470 6062-14542/? D/MPUSH: write packet end, packet.cmd=7, packet.body=54 costTime=2
2021-08-16 17:47:59.504 562-4620/? W/SocketClient: write error (Broken pipe)
2021-08-16 17:47:59.504 562-4620/? W/SocketClient: Unable to send msg '600 Iface removed wlan0'
2021-08-16 17:47:59.504 562-4620/? W/SocketListener: Error sending broadcast (Broken pipe)
2021-08-16 17:47:59.505 3609-4122/? D/IpManager.wlan0: interfaceRemoved(wlan0)
2021-08-16 17:47:59.532 5052-6387/? I/QtiTetherService/TetherNotifier: Active=[]; Available=[]; Errored=[]
2021-08-16 17:47:59.532 5052-6387/? I/QtiTetherService/TetherCommunication: Posting: TetherEvent -- TetherStateChangedEvent{Active=[], Available=[], Errored=[]}
2021-08-16 17:47:59.532 5052-6387/? I/QtiTetherService: handleMessage(TetherEvent -- TetherStateChangedEvent{Active=[], Available=[], Errored=[]})
2021-08-16 17:47:59.714 6062-14541/? D/MPUSH: receive one ack response, sessionId=47, costTime=246, request=Packet{cmd=7, cc=0, flags=0, sessionId=47, lrc=0, body=54}, response=Packet{cmd=7, cc=0, flags=1, sessionId=47, lrc=0, body=16}
2021-08-16 17:47:59.715 6062-14541/? W/MPUSH: >>> fast connect ok, message=FastConnectOkMessage{sessionId=47, heartbeat=180000}
2021-08-16 17:47:59.717 6062-14541/? W/ContextImpl: Calling a method in the system process without a qualified user: android.app.ContextImpl.startService:1432 android.content.ContextWrapper.startService:620 com.pax.market.android.app.push.mpush.MPushReceiver.OooO0Oo:5 com.pax.market.android.app.push.mpush.MPushService.OooO0oo:2 com.mpush.client.OooO.OooO0oo:2 
2021-08-16 17:47:59.722 562-4620/? W/SocketClient: write error (Broken pipe)
2021-08-16 17:47:59.722 562-4620/? W/SocketClient: Unable to send msg '600 Iface removed p2p0'
2021-08-16 17:47:59.722 562-4620/? W/SocketListener: Error sending broadcast (Broken pipe)
2021-08-16 17:47:59.734 6062-14541/? I/MPushReceiver: >>> Mpush health check startAlarm, MPushReceiver.delay: 179000
2021-08-16 17:47:59.734 6062-14541/? D/MPushService -: MPushReceiver L295>>> CANCEL POLLING ALARM
2021-08-16 17:47:59.735 6062-14541/? I/OooO0o: >>> Polling stopped.
2021-08-16 17:47:59.739 6062-14541/? W/ContextImpl: Calling a method in the system process without a qualified user: android.app.ContextImpl.startService:1432 android.content.ContextWrapper.startService:620 com.pax.market.android.app.push.mpush.MPushReceiver.OooO0O0:6 com.pax.market.android.app.push.mpush.MPushService.OooO0oo:4 com.mpush.client.OooO.OooO0oo:2 
2021-08-16 17:47:59.741 6062-14541/? I/MPushService: >>> onHandshakeOk, handshakeOk is true startHeartbeatAlarm and cancelPollingAlarm...
2021-08-16 17:47:59.741 6062-14541/? W/ContextImpl: Calling a method in the system process without a qualified user: android.app.ContextImpl.sendBroadcast:952 android.content.ContextWrapper.sendBroadcast:428 com.pax.market.android.app.push.mpush.MPushService.OooO0oo:10 com.mpush.client.OooO.OooO0oo:2 OooO00o.OooO0O0.OooO0OO.OooO0o.OooO0o0:4 
2021-08-16 17:47:59.749 6062-14541/? W/MPUSH: a task was rejected r=java.util.concurrent.ScheduledThreadPoolExecutor$ScheduledFutureTask@1b47b03
2021-08-16 17:47:59.750 6062-14541/? W/MPUSH: <<< do bind user, userId=0821667500
2021-08-16 17:47:59.750 6062-14541/? D/MpushClient -: <<< do bind user, userId=0821667500
2021-08-16 17:47:59.751 6062-19139/? E/AlarmService: operation is not null, cancel it!!
2021-08-16 17:47:59.757 6062-14542/? D/MPUSH: write packet end, packet.cmd=5, packet.body=32 costTime=3
2021-08-16 17:47:59.993 6062-14543/? D/MPUSH: receive one ack response, sessionId=48, costTime=243, request=Packet{cmd=5, cc=0, flags=1, sessionId=48, lrc=0, body=32}, response=Packet{cmd=11, cc=0, flags=0, sessionId=48, lrc=0, body=16}
2021-08-16 17:47:59.993 6062-14543/? W/ContextImpl: Calling a method in the system process without a qualified user: android.app.ContextImpl.sendBroadcast:952 android.content.ContextWrapper.sendBroadcast:428 com.pax.market.android.app.push.mpush.MPushService.OooO0O0:6 com.mpush.client.OooO.OooO0O0:2 OooO00o.OooO0O0.OooO0OO.OooOOO.OooO0o0:2 
2021-08-16 17:47:59.999 6062-14543/? W/MPUSH: >>> receive ok message=OkMessage{cmd=5, code=0, data='bind success'}
2021-08-16 17:48:00.002 3609-4685/? E/NetdConnector: NDC Command {368 bandwidth setiquota rmnet_data0 9223372036854775807} took too long (980ms)
2021-08-16 17:48:00.003 3609-4685/? I/TetherStatsReporting: setQuota() called for ConnectivityExt jar9223372036854775807 iface rmnet_data0
2021-08-16 17:48:00.005 3609-4685/? I/TetherStatsReporting: setQuotaDone
2021-08-16 17:48:00.006 4743-4743/? D/KeyguardUpdateMonitor: received broadcast android.intent.action.TIME_TICK
2021-08-16 17:48:00.006 4743-4743/? D/KeyguardUpdateMonitor: handleTimeUpdate
2021-08-16 17:48:00.013 3609-4683/? I/TetherStatsReporting: getTetherStats() called
2021-08-16 17:48:00.014 5052-6389/? D/QtiTetherService/IpaWrapper: getStats(false)
2021-08-16 17:48:00.108 4743-5398/? D/TelephonyIcons: updateDataType slot=0, type=13, inetCondition=1 showAtLeast3G=false show4GforLte=true hspaDistinguishable=false
2021-08-16 17:48:00.110 4743-5398/? D/TelephonyIcons: data type item name: array/telephony_data_type_sim1 id:2131427376
2021-08-16 17:48:00.111 4743-5398/? D/TelephonyIcons: updateDataType mSelectedDataTypeIcon[0]=2130838284, mSelectedDataActivityIndex=5
2021-08-16 17:48:00.112 4743-5398/? D/TelephonyIcons: getSignalStrengthIcon: slot=0, inetCondition=1, level=4, roaming=false
2021-08-16 17:48:00.113 4743-5398/? D/TelephonyIcons: signalStrengthArray.length=9
2021-08-16 17:48:00.114 4743-5398/? D/TelephonyIcons: selectedTypeArray.length=2
2021-08-16 17:48:00.115 4743-5398/? D/TelephonyIcons: inetArray.length=5
2021-08-16 17:48:00.119 4743-5398/? D/TelephonyIcons: getDataActivity, slot=0, activity=3
2021-08-16 17:48:00.126 4743-5398/? D/TelephonyIcons: null signal icon name: drawable/stat_sys_signal_null
2021-08-16 17:48:00.127 4743-5398/? D/TelephonyIcons: getDataTypeIcon sub=0
2021-08-16 17:48:00.443 520-1033/? D/audio_hw_primary: out_standby: enter: stream (0xb42441c0) usecase(1: low-latency-playback)
2021-08-16 17:48:00.508 520-1033/? D/audio_hw_primary: disable_audio_route: reset and update mixer path: low-latency-playback
2021-08-16 17:48:00.509 520-1033/? D/soundtrigger: audio_extn_sound_trigger_update_stream_status: uc_id 1 of type 0 for Event 2, with Raise=0
2021-08-16 17:48:00.509 520-1033/? D/hardware_info: hw_info_append_hw_type : device_name = speaker
2021-08-16 17:48:00.509 520-1033/? D/audio_hw_primary: disable_snd_device: snd_device(2: speaker)
2021-08-16 17:48:00.512 520-1033/? I/soundtrigger: audio_extn_sound_trigger_update_device_status: device 0x2 of type 0 for Event 0, with Raise=0
2021-08-16 17:48:00.618 4743-5398/? D/TelephonyIcons: updateDataType slot=0, type=13, inetCondition=1 showAtLeast3G=false show4GforLte=true hspaDistinguishable=false
2021-08-16 17:48:00.619 4743-5398/? D/TelephonyIcons: data type item name: array/telephony_data_type_sim1 id:2131427376
2021-08-16 17:48:00.621 4743-5398/? D/TelephonyIcons: updateDataType mSelectedDataTypeIcon[0]=2130838284, mSelectedDataActivityIndex=5
2021-08-16 17:48:00.621 4743-5398/? D/TelephonyIcons: getSignalStrengthIcon: slot=0, inetCondition=1, level=4, roaming=false
2021-08-16 17:48:00.623 4743-5398/? D/TelephonyIcons: signalStrengthArray.length=9
2021-08-16 17:48:00.624 4743-5398/? D/TelephonyIcons: selectedTypeArray.length=2
2021-08-16 17:48:00.625 4743-5398/? D/TelephonyIcons: inetArray.length=5
2021-08-16 17:48:00.626 4743-5398/? D/TelephonyIcons: getDataActivity, slot=0, activity=3
2021-08-16 17:48:00.627 6062-15588/? W/MPUSH: network disconnected, try test tcp connection checkCount=0, connection=TcpConnection{state=connected, channel=java.nio.channels.SocketChannel[connected local=/10.4.181.125:21312 remote=mpush2.whatspos.com/63.35.167.102:3000], lastReadTime=1629150479992, lastWriteTime=1629150479754, totalReconnectCount=9, reconnectCount=0, autoConnect=true}
2021-08-16 17:48:00.631 4743-5398/? D/TelephonyIcons: null signal icon name: drawable/stat_sys_signal_null
2021-08-16 17:48:00.633 4743-5398/? D/TelephonyIcons: getDataTypeIcon sub=0
2021-08-16 17:48:00.665 8593-8593/? D/[setApn]: Switch apn  [{"apn":"M2M.ENTEL.CL","user":"","pass":""},{"apn":"TRANSBANK.ENTELPCS.CL","user":"ENTELPCS","pass":"ENTELPCS"}] for carrier: entel
2021-08-16 17:48:00.668 3609-5081/? D/DeviceManagerService: forceCMWapConnection name: entel, newAPN: M2M.ENTEL.CL, userName: , passwd:  ,authtype: 0
2021-08-16 17:48:00.668 3609-5081/? W/MyLog-ApnManager: setApn : name=entel , apn=M2M.ENTEL.CL
2021-08-16 17:48:00.676 3609-5081/? W/MyLog-ApnManager: getCurrentApnFromDatabase currentApnID = 3224, currentApn = APN [name=entel, numeric=73001, mcc=730, mnc=01, apn=M2M.ENTEL.CL, user=, password=, type=default,supl,net]
2021-08-16 17:48:00.682 3609-5081/? W/MyLog-ApnManager: numeric is73001
2021-08-16 17:48:00.684 3609-5081/? W/MyLog-ApnManager: numeric is73001
2021-08-16 17:48:00.684 3609-5081/? W/MyLog-ApnManager: MCC is730
2021-08-16 17:48:00.687 3609-5081/? W/MyLog-ApnManager: numeric is73001
2021-08-16 17:48:00.687 3609-5081/? W/MyLog-ApnManager: MNC is01
2021-08-16 17:48:00.688 3609-5081/? E/MyLog-ApnManager: <DDX> ApnManager.isApnExist2.where =  apn = 'M2M.ENTEL.CL' and name = 'entel' and numeric = '73001' and mcc = '730' and mnc = '01' and type = 'default,supl,net'
2021-08-16 17:48:00.694 3609-5081/? W/MyLog-ApnManager: M2M.ENTEL.CL is exist, name = entel, key = 3224, apn = M2M.ENTEL.CL, type = default,supl,net, mcc = 730 ,mnc =01 ,numeric = 73001
2021-08-16 17:48:00.697 3609-4700/? D/ConnectivityService: releasing NetworkRequest [ TRACK_DEFAULT id=18, [ Capabilities: INTERNET&NOT_RESTRICTED&TRUSTED&NOT_VPN] ]
2021-08-16 17:48:00.704 5070-5070/? E/QtiRilInterface: instance = com.qualcomm.qti.internal.telephony.QtiRilInterface@9e2eae8
2021-08-16 17:48:00.711 5070-5070/? D/QC_RIL_OEM_HOOK: dds phoneId: 0
2021-08-16 17:48:00.711 5070-5070/? V/QC_RIL_OEM_HOOK: sendRilOemHookMsg: Outgoing Data is 514f454d484f4f4b270008000400000000000000
2021-08-16 17:48:00.713 5365-5365/? D/QcrilMsgTunnelIfaceManager: handleMessage what = 1
2021-08-16 17:48:00.717 5365-5365/? D/QcrilMsgTunnelIfaceManager: handleMessage what = 2
2021-08-16 17:48:00.717 5070-5070/? D/QC_RIL_OEM_HOOK: sendOemRilRequestRaw returns value = 0
2021-08-16 17:48:00.718 5070-5070/? D/QC_RIL_OEM_HOOK: dds phoneId: 0
2021-08-16 17:48:00.718 5070-5070/? V/QC_RIL_OEM_HOOK: sendRilOemHookMsg: Outgoing Data is 514f454d484f4f4b270008000400000000000000
2021-08-16 17:48:00.719 5365-5365/? D/QcrilMsgTunnelIfaceManager: handleMessage what = 0
2021-08-16 17:48:00.722 5365-5365/? D/QcrilMsgTunnelIfaceManager: handleMessage what = 1
2021-08-16 17:48:00.726 5365-5365/? D/QcrilMsgTunnelIfaceManager: handleMessage what = 2
2021-08-16 17:48:00.726 5070-5070/? D/QC_RIL_OEM_HOOK: sendOemRilRequestRaw returns value = 0
2021-08-16 17:48:00.728 5365-5365/? D/QcrilMsgTunnelIfaceManager: handleMessage what = 0
2021-08-16 17:48:00.729 5070-5070/? D/QC_RIL_OEM_HOOK: Received Broadcast Intent ACTION_UNSOL_RESPONSE_OEM_HOOK_RAW
2021-08-16 17:48:00.730 5070-5070/? D/QC_RIL_OEM_HOOK: Oem ID in QCRILHOOK UNSOL RESP is QOEMHOOK
2021-08-16 17:48:00.731 5070-5070/? D/QC_RIL_OEM_HOOK: Received Broadcast Intent ACTION_UNSOL_RESPONSE_OEM_HOOK_RAW
2021-08-16 17:48:00.731 5070-5070/? D/QC_RIL_OEM_HOOK: Oem ID in QCRILHOOK UNSOL RESP is QOEMHOOK
2021-08-16 17:48:00.731 5070-5070/? D/QC_RIL_OEM_HOOK: Received Broadcast Intent ACTION_UNSOL_RESPONSE_OEM_HOOK_RAW
2021-08-16 17:48:00.732 5070-5070/? D/QC_RIL_OEM_HOOK: Oem ID in QCRILHOOK UNSOL RESP is QOEMHOOK
2021-08-16 17:48:00.733 5070-5070/? D/QC_RIL_OEM_HOOK: Received Broadcast Intent ACTION_UNSOL_RESPONSE_OEM_HOOK_RAW
2021-08-16 17:48:00.733 5070-5070/? D/QC_RIL_OEM_HOOK: Oem ID in QCRILHOOK UNSOL RESP is QOEMHOOK
2021-08-16 17:48:00.733 5070-5070/? D/QC_RIL_OEM_HOOK: Received Broadcast Intent ACTION_UNSOL_RESPONSE_OEM_HOOK_RAW
2021-08-16 17:48:00.733 5070-5070/? D/QC_RIL_OEM_HOOK: Oem ID in QCRILHOOK UNSOL RESP is QOEMHOOK
2021-08-16 17:48:00.734 5070-5070/? D/QC_RIL_OEM_HOOK: Received Broadcast Intent ACTION_UNSOL_RESPONSE_OEM_HOOK_RAW
2021-08-16 17:48:00.734 5070-5070/? D/QC_RIL_OEM_HOOK: Oem ID in QCRILHOOK UNSOL RESP is QOEMHOOK
2021-08-16 17:48:01.351 4743-4743/? D/KeyguardUpdateMonitor: received broadcast android.intent.action.BATTERY_CHANGED
2021-08-16 17:48:01.351 5052-5110/? W/QCNEJ: |CORE| CNE received unexpected action: android.intent.action.BATTERY_CHANGED
2021-08-16 17:48:01.356 4743-4743/? D/KeyguardUpdateMonitor: handleBatteryUpdate
2021-08-16 17:48:02.115 4743-5398/? D/TelephonyIcons: updateDataType slot=0, type=13, inetCondition=1 showAtLeast3G=false show4GforLte=true hspaDistinguishable=false
2021-08-16 17:48:02.116 4743-5398/? D/TelephonyIcons: data type item name: array/telephony_data_type_sim1 id:2131427376
2021-08-16 17:48:02.118 4743-5398/? D/TelephonyIcons: updateDataType mSelectedDataTypeIcon[0]=2130838284, mSelectedDataActivityIndex=5
2021-08-16 17:48:02.119 4743-5398/? D/TelephonyIcons: getSignalStrengthIcon: slot=0, inetCondition=1, level=4, roaming=false
2021-08-16 17:48:02.121 4743-5398/? D/TelephonyIcons: signalStrengthArray.length=9
2021-08-16 17:48:02.122 4743-5398/? D/TelephonyIcons: selectedTypeArray.length=2
2021-08-16 17:48:02.124 4743-5398/? D/TelephonyIcons: inetArray.length=5
2021-08-16 17:48:02.127 4743-5398/? D/TelephonyIcons: getDataActivity, slot=0, activity=0
2021-08-16 17:48:02.133 4743-5398/? D/TelephonyIcons: null signal icon name: drawable/stat_sys_signal_null
2021-08-16 17:48:02.134 4743-5398/? D/TelephonyIcons: getDataTypeIcon sub=0
2021-08-16 17:48:03.121 4743-5398/? D/TelephonyIcons: updateDataType slot=0, type=13, inetCondition=1 showAtLeast3G=false show4GforLte=true hspaDistinguishable=false
2021-08-16 17:48:03.122 4743-5398/? D/TelephonyIcons: data type item name: array/telephony_data_type_sim1 id:2131427376
2021-08-16 17:48:03.124 4743-5398/? D/TelephonyIcons: updateDataType mSelectedDataTypeIcon[0]=2130838284, mSelectedDataActivityIndex=5
2021-08-16 17:48:03.124 4743-5398/? D/TelephonyIcons: getSignalStrengthIcon: slot=0, inetCondition=1, level=4, roaming=false
2021-08-16 17:48:03.125 4743-5398/? D/TelephonyIcons: signalStrengthArray.length=9
2021-08-16 17:48:03.126 4743-5398/? D/TelephonyIcons: selectedTypeArray.length=2
2021-08-16 17:48:03.129 4743-5398/? D/TelephonyIcons: inetArray.length=5
2021-08-16 17:48:03.131 4743-5398/? D/TelephonyIcons: getDataActivity, slot=0, activity=2
2021-08-16 17:48:03.137 4743-5398/? D/TelephonyIcons: null signal icon name: drawable/stat_sys_signal_null
2021-08-16 17:48:03.139 4743-5398/? D/TelephonyIcons: getDataTypeIcon sub=0
2021-08-16 17:48:03.751 4743-5398/? D/TelephonyIcons: updateDataType slot=0, type=13, inetCondition=1 showAtLeast3G=false show4GforLte=true hspaDistinguishable=false
2021-08-16 17:48:03.752 4743-5398/? D/TelephonyIcons: data type item name: array/telephony_data_type_sim1 id:2131427376
2021-08-16 17:48:03.754 4743-5398/? D/TelephonyIcons: updateDataType mSelectedDataTypeIcon[0]=2130838284, mSelectedDataActivityIndex=5
2021-08-16 17:48:03.754 4743-5398/? D/TelephonyIcons: getSignalStrengthIcon: slot=0, inetCondition=1, level=4, roaming=false
2021-08-16 17:48:03.756 4743-5398/? D/TelephonyIcons: signalStrengthArray.length=9
2021-08-16 17:48:03.757 4743-5398/? D/TelephonyIcons: selectedTypeArray.length=2
2021-08-16 17:48:03.759 4743-5398/? D/TelephonyIcons: inetArray.length=5
2021-08-16 17:48:03.761 4743-5398/? D/TelephonyIcons: getDataActivity, slot=0, activity=2
2021-08-16 17:48:03.768 4743-5398/? D/TelephonyIcons: null signal icon name: drawable/stat_sys_signal_null
2021-08-16 17:48:03.769 4743-5398/? D/TelephonyIcons: getDataTypeIcon sub=0
2021-08-16 17:48:04.126 4743-5398/? D/TelephonyIcons: updateDataType slot=0, type=13, inetCondition=1 showAtLeast3G=false show4GforLte=true hspaDistinguishable=false
2021-08-16 17:48:04.127 4743-5398/? D/TelephonyIcons: data type item name: array/telephony_data_type_sim1 id:2131427376
2021-08-16 17:48:04.129 4743-5398/? D/TelephonyIcons: updateDataType mSelectedDataTypeIcon[0]=2130838284, mSelectedDataActivityIndex=5
2021-08-16 17:48:04.130 4743-5398/? D/TelephonyIcons: getSignalStrengthIcon: slot=0, inetCondition=1, level=4, roaming=false
2021-08-16 17:48:04.131 4743-5398/? D/TelephonyIcons: signalStrengthArray.length=9
2021-08-16 17:48:04.132 4743-5398/? D/TelephonyIcons: selectedTypeArray.length=2
2021-08-16 17:48:04.133 4743-5398/? D/TelephonyIcons: inetArray.length=5
2021-08-16 17:48:04.134 4743-5398/? D/TelephonyIcons: getDataActivity, slot=0, activity=0
2021-08-16 17:48:04.141 4743-5398/? D/TelephonyIcons: null signal icon name: drawable/stat_sys_signal_null
2021-08-16 17:48:04.142 4743-5398/? D/TelephonyIcons: getDataTypeIcon sub=0
2021-08-16 17:48:07.138 4743-5398/? D/TelephonyIcons: updateDataType slot=0, type=13, inetCondition=1 showAtLeast3G=false show4GforLte=true hspaDistinguishable=false
2021-08-16 17:48:07.140 4743-5398/? D/TelephonyIcons: data type item name: array/telephony_data_type_sim1 id:2131427376
2021-08-16 17:48:07.142 4743-5398/? D/TelephonyIcons: updateDataType mSelectedDataTypeIcon[0]=2130838284, mSelectedDataActivityIndex=5
2021-08-16 17:48:07.142 4743-5398/? D/TelephonyIcons: getSignalStrengthIcon: slot=0, inetCondition=1, level=4, roaming=false
2021-08-16 17:48:07.144 4743-5398/? D/TelephonyIcons: signalStrengthArray.length=9
2021-08-16 17:48:07.146 4743-5398/? D/TelephonyIcons: selectedTypeArray.length=2
2021-08-16 17:48:07.147 4743-5398/? D/TelephonyIcons: inetArray.length=5
2021-08-16 17:48:07.149 4743-5398/? D/TelephonyIcons: getDataActivity, slot=0, activity=2
2021-08-16 17:48:07.156 4743-5398/? D/TelephonyIcons: null signal icon name: drawable/stat_sys_signal_null
2021-08-16 17:48:07.158 4743-5398/? D/TelephonyIcons: getDataTypeIcon sub=0
2021-08-16 17:48:08.143 4743-5398/? D/TelephonyIcons: updateDataType slot=0, type=13, inetCondition=1 showAtLeast3G=false show4GforLte=true hspaDistinguishable=false
2021-08-16 17:48:08.145 4743-5398/? D/TelephonyIcons: data type item name: array/telephony_data_type_sim1 id:2131427376
2021-08-16 17:48:08.148 4743-5398/? D/TelephonyIcons: updateDataType mSelectedDataTypeIcon[0]=2130838284, mSelectedDataActivityIndex=5
2021-08-16 17:48:08.149 4743-5398/? D/TelephonyIcons: getSignalStrengthIcon: slot=0, inetCondition=1, level=4, roaming=false
2021-08-16 17:48:08.151 4743-5398/? D/TelephonyIcons: signalStrengthArray.length=9
2021-08-16 17:48:08.153 4743-5398/? D/TelephonyIcons: selectedTypeArray.length=2
2021-08-16 17:48:08.155 4743-5398/? D/TelephonyIcons: inetArray.length=5
2021-08-16 17:48:08.158 4743-5398/? D/TelephonyIcons: getDataActivity, slot=0, activity=0
2021-08-16 17:48:08.164 4743-5398/? D/TelephonyIcons: null signal icon name: drawable/stat_sys_signal_null
2021-08-16 17:48:08.166 4743-5398/? D/TelephonyIcons: getDataTypeIcon sub=0
2021-08-16 17:48:10.860 4743-5398/? D/TelephonyIcons: updateDataType slot=0, type=13, inetCondition=1 showAtLeast3G=false show4GforLte=true hspaDistinguishable=false
2021-08-16 17:48:10.861 4743-5398/? D/TelephonyIcons: data type item name: array/telephony_data_type_sim1 id:2131427376
2021-08-16 17:48:10.863 4743-5398/? D/TelephonyIcons: updateDataType mSelectedDataTypeIcon[0]=2130838284, mSelectedDataActivityIndex=5
2021-08-16 17:48:10.863 4743-5398/? D/TelephonyIcons: getSignalStrengthIcon: slot=0, inetCondition=1, level=4, roaming=false
2021-08-16 17:48:10.864 4743-5398/? D/TelephonyIcons: signalStrengthArray.length=9
2021-08-16 17:48:10.865 4743-5398/? D/TelephonyIcons: selectedTypeArray.length=2
2021-08-16 17:48:10.866 4743-5398/? D/TelephonyIcons: inetArray.length=5
2021-08-16 17:48:10.868 4743-5398/? D/TelephonyIcons: getDataActivity, slot=0, activity=0
2021-08-16 17:48:10.872 4743-5398/? D/TelephonyIcons: null signal icon name: drawable/stat_sys_signal_null
2021-08-16 17:48:10.873 4743-5398/? D/TelephonyIcons: getDataTypeIcon sub=0
2021-08-16 17:48:10.875 4743-5398/? D/TelephonyIcons: updateDataType slot=0, type=13, inetCondition=1 showAtLeast3G=false show4GforLte=true hspaDistinguishable=false
2021-08-16 17:48:10.876 4743-5398/? D/TelephonyIcons: data type item name: array/telephony_data_type_sim1 id:2131427376
2021-08-16 17:48:10.878 4743-5398/? D/TelephonyIcons: updateDataType mSelectedDataTypeIcon[0]=2130838284, mSelectedDataActivityIndex=5
2021-08-16 17:48:10.879 4743-5398/? D/TelephonyIcons: getSignalStrengthIcon: slot=0, inetCondition=1, level=4, roaming=false
2021-08-16 17:48:10.880 4743-5398/? D/TelephonyIcons: signalStrengthArray.length=9
2021-08-16 17:48:10.881 4743-5398/? D/TelephonyIcons: selectedTypeArray.length=2
2021-08-16 17:48:10.882 4743-5398/? D/TelephonyIcons: inetArray.length=5
2021-08-16 17:48:10.884 4743-5398/? D/TelephonyIcons: getDataActivity, slot=0, activity=4
2021-08-16 17:48:10.889 4743-5398/? D/TelephonyIcons: null signal icon name: drawable/stat_sys_signal_null
2021-08-16 17:48:10.890 4743-5398/? D/TelephonyIcons: getDataTypeIcon sub=0
2021-08-16 17:48:12.971 4743-5398/? D/TelephonyIcons: updateDataType slot=0, type=13, inetCondition=1 showAtLeast3G=false show4GforLte=true hspaDistinguishable=false
2021-08-16 17:48:12.972 4743-5398/? D/TelephonyIcons: data type item name: array/telephony_data_type_sim1 id:2131427376
2021-08-16 17:48:12.973 4743-5398/? D/TelephonyIcons: updateDataType mSelectedDataTypeIcon[0]=2130838284, mSelectedDataActivityIndex=5
2021-08-16 17:48:12.974 4743-5398/? D/TelephonyIcons: getSignalStrengthIcon: slot=0, inetCondition=1, level=4, roaming=false
2021-08-16 17:48:12.976 4743-5398/? D/TelephonyIcons: signalStrengthArray.length=9
2021-08-16 17:48:12.978 4743-5398/? D/TelephonyIcons: selectedTypeArray.length=2
2021-08-16 17:48:12.979 4743-5398/? D/TelephonyIcons: inetArray.length=5
2021-08-16 17:48:12.981 4743-5398/? D/TelephonyIcons: getDataActivity, slot=0, activity=4
2021-08-16 17:48:12.987 4743-5398/? D/TelephonyIcons: null signal icon name: drawable/stat_sys_signal_null
2021-08-16 17:48:12.989 4743-5398/? D/TelephonyIcons: getDataTypeIcon sub=0
2021-08-16 17:48:16.668 562-4620/? E/NetlinkEvent: NetlinkEvent::FindParam(): Parameter 'UID' not found
2021-08-16 17:48:16.658 600-600/? I/paxdroid_logser: type=1400 audit(0.0:6552): avc: denied { lock } for path="/data/resource/logs/logBuffer.txt" dev="mmcblk0p40" ino=57131 scontext=u:r:init:s0 tcontext=u:object_r:system_data_file:s0 tclass=file permissive=1
