2021-08-16 17:47:07.272 4712-4712/? W/ADB_SERVICES: service_to_fd name ==== shell:logcat --help
2021-08-16 17:47:07.377 4712-4712/? W/ADB_SERVICES: service_to_fd name ==== shell:logcat -v long -v epoch
    
    --------- beginning of system
2021-08-16 17:47:10.794 3609-4144/? I/PowerManagerService: Going to sleep due to screen timeout (uid 1000)...
2021-08-16 17:47:10.797 4743-12758/? D/KeyguardViewMediator: onStartedGoingToSleep(3)
2021-08-16 17:47:10.802 4743-12758/? D/KeyguardViewMediator: setting alarm to turn off keyguard, seq = 29
2021-08-16 17:47:10.803 4743-12758/? D/KeyguardViewMediator: notifyStartedGoingToSleep
2021-08-16 17:47:10.804 4743-4743/? V/KeyguardUpdateMonitor: startListeningForFingerprint()
2021-08-16 17:47:10.805 4743-4743/? W/FingerprintManager: isFingerprintHardwareDetected(): Service not connected!
2021-08-16 17:47:10.805 4743-4743/? D/KeyguardViewMediator: handleNotifyStartedGoingToSleep
2021-08-16 17:47:10.814 3609-4144/? W/Adreno-EGL: <qeglDrvAPI_eglQueryContext:4368>: EGL_BAD_ATTRIBUTE
2021-08-16 17:47:10.799 600-600/? I/paxdroid_logser: type=1400 audit(0.0:6529): avc: denied { lock } for path="/cache/data/logs/persist_log.txt" dev="mmcblk0p23" ino=25 scontext=u:r:init:s0 tcontext=u:object_r:cache_file:s0 tclass=file permissive=1
2021-08-16 17:47:11.354 3609-4144/? D/ActivityTrigger: ActivityTrigger activityPauseTrigger 
2021-08-16 17:47:11.355 3609-3812/? I/VrManagerService: VR mode is disallowed
2021-08-16 17:47:11.391 3609-4144/? V/KeyguardServiceDelegate: onScreenTurnedOff()
2021-08-16 17:47:11.393 3609-3812/? D/ActivityTrigger: ActivityTrigger activityStopTrigger 
2021-08-16 17:47:11.396 4743-4760/? D/KeyguardViewMediator: notifyScreenTurnedOff
2021-08-16 17:47:11.396 4743-4743/? D/KeyguardViewMediator: handleNotifyScreenTurnedOff
2021-08-16 17:47:11.396 4743-4743/? D/CarrierText: updateCarrierText(): 1
2021-08-16 17:47:11.402 3609-4126/? I/DisplayManagerService: Display device changed state: "Pantalla integrada", OFF
2021-08-16 17:47:11.403 422-422/? D/SurfaceFlinger: Set power mode=0, type=0 flinger=0xb1428000
2021-08-16 17:47:11.409 422-422/? D/qdhwcomposer: hwc_setPowerMode: Setting mode 0 on display: 0
2021-08-16 17:47:11.427 4743-4743/? D/CarrierText: Handling (subId=6): READY entel 4G
2021-08-16 17:47:11.427 4743-4743/? D/CarrierText: SIM ready and in service: subId=6, ss=0 0 voice home data home entel entel 73001 entel entel 73001  LTE LTE CSS not supported -1 -1 RoamInd=-1 DefRoamInd=-1 EmergOnly=false IsDataRoamingFromRegistration=false IsUsingCarrierAggregation=false mRilImsRadioTechnology=0
2021-08-16 17:47:11.431 4743-4743/? D/CarrierText: updateCarrierText(): 1
2021-08-16 17:47:11.447 4743-4743/? D/CarrierText: Handling (subId=6): READY entel 4G
2021-08-16 17:47:11.447 4743-4743/? D/CarrierText: SIM ready and in service: subId=6, ss=0 0 voice home data home entel entel 73001 entel entel 73001  LTE LTE CSS not supported -1 -1 RoamInd=-1 DefRoamInd=-1 EmergOnly=false IsDataRoamingFromRegistration=false IsUsingCarrierAggregation=false mRilImsRadioTechnology=0
2021-08-16 17:47:11.452 4743-4743/? D/CarrierText: updateCarrierText(): 1
2021-08-16 17:47:11.470 4743-4743/? D/CarrierText: Handling (subId=6): READY entel 4G
2021-08-16 17:47:11.470 4743-4743/? D/CarrierText: SIM ready and in service: subId=6, ss=0 0 voice home data home entel entel 73001 entel entel 73001  LTE LTE CSS not supported -1 -1 RoamInd=-1 DefRoamInd=-1 EmergOnly=false IsDataRoamingFromRegistration=false IsUsingCarrierAggregation=false mRilImsRadioTechnology=0
2021-08-16 17:47:11.670 422-795/? I/qdhwcomposer: handle_blank_event: dpy:0 panel power state: 0
2021-08-16 17:47:11.738 422-422/? D/qdhwcomposer: hwc_setPowerMode: Done setting mode 0 on display 0
2021-08-16 17:47:11.740 3609-4728/? D/SurfaceControl: Excessive delay in setPowerMode(): 338ms
2021-08-16 17:47:11.740 3609-4144/? I/QCOM PowerHAL: Got set_interactive hint
2021-08-16 17:47:11.745 3609-4144/? I/DreamManagerService: Entering dreamland.
2021-08-16 17:47:11.746 3609-4144/? I/PowerManagerService: Dozing...
2021-08-16 17:47:11.747 3609-4122/? I/DreamController: Starting dream: name=ComponentInfo{com.android.systemui/com.android.systemui.doze.DozeService}, isTest=false, canDoze=true, userId=0
2021-08-16 17:47:11.781 4743-4760/? D/KeyguardViewMediator: onFinishedGoingToSleep(3)
2021-08-16 17:47:11.781 4743-4760/? D/KeyguardViewMediator: notifyFinishedGoingToSleep
2021-08-16 17:47:11.781 4743-4743/? D/KeyguardViewMediator: handleNotifyFinishedGoingToSleep
2021-08-16 17:47:11.782 4743-4743/? V/KeyguardStatusView: Disable transport text marquee
2021-08-16 17:47:11.784 4743-4743/? V/KeyguardUpdateMonitor: startListeningForFingerprint()
2021-08-16 17:47:11.788 4743-4743/? W/FingerprintManager: isFingerprintHardwareDetected(): Service not connected!
2021-08-16 17:47:11.789 520-520/? D/audio_hw_primary: adev_set_parameters: enter: screen_state=off
2021-08-16 17:47:12.504 3609-4663/? E/POWER: ------Key=26
2021-08-16 17:47:12.505 3609-4663/? W/ContextImpl: Calling a method in the system process without a qualified user: android.app.ContextImpl.sendBroadcast:952 com.android.server.policy.PhoneWindowManager.sendPowerKeyBroadCast:5990 com.android.server.policy.PhoneWindowManager.interceptKeyBeforeQueueing:6026 com.android.server.wm.InputMonitor.interceptKeyBeforeQueueing:399 com.android.server.input.InputManagerService.interceptKeyBeforeQueueing:1874 
2021-08-16 17:47:12.505 3609-4663/? D/WindowManager: info.topActivity.getPackageName()--->cl.transbank.autoinstalacion.qa
2021-08-16 17:47:12.506 3609-4663/? D/WindowManager: info.topActivity.getPackageName()--->com.android.documentsui
2021-08-16 17:47:12.506 3609-4663/? D/WindowManager: info.topActivity.getPackageName()--->com.android.settings
2021-08-16 17:47:12.506 3609-4663/? D/WindowManager: info.topActivity.getPackageName()--->com.android.launcher3
2021-08-16 17:47:12.516 3609-4663/? I/PowerManagerService: Waking up from dozing (uid 1000)...
2021-08-16 17:47:12.517 3609-4663/? I/QCOM PowerHAL: Got set_interactive hint
2021-08-16 17:47:12.517 3609-4144/? I/DisplayPowerController: Blocking screen on until initial contents have been drawn.
2021-08-16 17:47:12.537 3609-3609/? V/KeyguardServiceDelegate: onStartedWakingUp()
2021-08-16 17:47:12.538 4743-4760/? D/KeyguardViewMediator: onStartedWakingUp, seq = 30
2021-08-16 17:47:12.538 4743-4760/? D/KeyguardViewMediator: notifyStartedWakingUp
2021-08-16 17:47:12.539 4743-4743/? D/KeyguardViewMediator: handleNotifyWakingUp
2021-08-16 17:47:12.542 4743-4743/? V/KeyguardStatusView: Enable transport text marquee
2021-08-16 17:47:12.548 520-1001/? D/audio_hw_primary: adev_set_parameters: enter: screen_state=on
2021-08-16 17:47:12.553 3609-4144/? V/KeyguardServiceDelegate: onScreenTurnedOn(showListener = com.android.server.policy.PhoneWindowManager$2@e67e66c)
2021-08-16 17:47:12.554 3609-4144/? E/SensorManager: sensor or listener is null
2021-08-16 17:47:12.555 422-422/? D/SurfaceFlinger: Set power mode=2, type=0 flinger=0xb1428000
2021-08-16 17:47:12.556 422-422/? D/qdhwcomposer: hwc_setPowerMode: Setting mode 2 on display: 0
2021-08-16 17:47:12.557 3609-4126/? I/DisplayManagerService: Display device changed state: "Pantalla integrada", ON
2021-08-16 17:47:12.581 4743-4760/? D/KeyguardViewMediator: notifyScreenOn
2021-08-16 17:47:12.581 4743-4743/? D/KeyguardViewMediator: handleNotifyScreenTurningOn
2021-08-16 17:47:12.597 3609-4710/? V/KeyguardServiceDelegate: **** SHOWN CALLED ****
2021-08-16 17:47:12.661 3609-4144/? I/DisplayPowerController: Unblocked screen on after 144 ms
2021-08-16 17:47:12.664 3609-6491/? E/LocSvc_libulp: W/Loc HAL handshake did not happen yet...
2021-08-16 17:47:12.700 3609-4663/? E/POWER: ------Key=26
2021-08-16 17:47:12.700 3609-4663/? D/WindowManager: info.topActivity.getPackageName()--->cl.transbank.autoinstalacion.qa
2021-08-16 17:47:12.701 3609-4663/? D/WindowManager: info.topActivity.getPackageName()--->com.android.documentsui
2021-08-16 17:47:12.701 3609-4663/? D/WindowManager: info.topActivity.getPackageName()--->com.android.settings
2021-08-16 17:47:12.701 3609-4663/? D/WindowManager: info.topActivity.getPackageName()--->com.android.launcher3
2021-08-16 17:47:12.872 422-795/? I/qdhwcomposer: handle_blank_event: dpy:0 panel power state: 1
2021-08-16 17:47:13.298 422-422/? D/qdhwcomposer: hwc_setPowerMode: Done setting mode 2 on display 0
2021-08-16 17:47:13.302 3609-4728/? D/SurfaceControl: Excessive delay in setPowerMode(): 747ms
2021-08-16 17:47:13.303 3609-4144/? V/KeyguardServiceDelegate: onScreenTurnedOn()
2021-08-16 17:47:13.307 3609-4144/? I/VrManagerService: VR mode is allowed
2021-08-16 17:47:13.307 3609-4144/? I/DreamManagerService: Gently waking up from dream.
2021-08-16 17:47:13.307 4743-12758/? D/KeyguardViewMediator: notifyScreenTurnedOn
2021-08-16 17:47:13.308 4743-4743/? D/KeyguardViewMediator: handleNotifyScreenTurnedOn
2021-08-16 17:47:13.319 3609-5089/? I/DreamManagerService: Leaving dreamland.
2021-08-16 17:47:13.320 3609-4122/? I/DreamController: Stopping dream: name=ComponentInfo{com.android.systemui/com.android.systemui.doze.DozeService}, isTest=false, canDoze=true, userId=0
2021-08-16 17:47:15.249 3609-5081/? W/ActivityManager: startActivityMayWait() packageName = com.android.settings, appSourcePath = /system/priv-app/PaxSettings/PaxSettings.apk
2021-08-16 17:47:15.253 520-1033/? D/audio_hw_primary: out_set_parameters: enter: usecase(1: low-latency-playback) kvpairs: routing=2
2021-08-16 17:47:15.255 520-1033/? D/audio_hw_primary: start_output_stream: enter: stream(0xb42441c0)usecase(1: low-latency-playback) devices(0x2)
2021-08-16 17:47:15.255 520-1033/? D/audio_hw_primary: select_devices: out_snd_device(2: speaker) in_snd_device(0: )
2021-08-16 17:47:15.255 520-1033/? D/hardware_info: hw_info_append_hw_type : device_name = speaker
2021-08-16 17:47:15.255 520-1033/? D/audio_hw_primary: enable_snd_device: snd_device(2: speaker)
2021-08-16 17:47:15.255 520-1033/? I/soundtrigger: audio_extn_sound_trigger_update_device_status: device 0x2 of type 0 for Event 1, with Raise=0
2021-08-16 17:47:15.259 520-1033/? W/audio_hw_utils: audio_extn_utils_update_stream_app_type_cfg: App type could not be selected. Falling back to default
2021-08-16 17:47:15.259 520-1033/? I/audio_hw_primary: select_devices Selected apptype: 69936
2021-08-16 17:47:15.259 520-1033/? V/audio_hw_dolby: audio_extn_dolby_set_dmid Dolby device manufacturer id is:0
2021-08-16 17:47:15.260 520-1033/? V/audio_hw_dolby: audio_extn_dolby_set_license Setting DS1 License, key:0x0 dmid 0
2021-08-16 17:47:15.260 520-1033/? E/DAP_HAL: dap_hal_set_hw_info: dmid=0
     key 00x
2021-08-16 17:47:15.260 520-1033/? E/audio_hw_dolby: audio_extn_dolby_set_license Could not set DS1 License. Status: -1
2021-08-16 17:47:15.260 520-1033/? D/soundtrigger: audio_extn_sound_trigger_update_stream_status: uc_id 1 of type 0 for Event 3, with Raise=0
2021-08-16 17:47:15.260 520-1033/? D/ACDB-LOADER: ACDB -> send_audio_cal, acdb_id = 14, path =  0
2021-08-16 17:47:15.260 520-1033/? D/ACDB-LOADER: ACDB -> send_asm_topology
2021-08-16 17:47:15.260 520-1033/? D/ACDB-LOADER: ACDB -> ACDB_CMD_GET_AUDPROC_STREAM_TOPOLOGY_ID
2021-08-16 17:47:15.260 520-1033/? D/ACDB-LOADER: ACDB -> send_adm_topology
2021-08-16 17:47:15.260 520-1033/? D/ACDB-LOADER: ACDB -> ACDB_CMD_GET_AUDPROC_COMMON_TOPOLOGY_ID
2021-08-16 17:47:15.260 520-1033/? D/ACDB-LOADER: ACDB -> send_audtable
2021-08-16 17:47:15.260 520-1033/? D/ACDB-LOADER: ACDB -> ACDB_CMD_GET_AUDPROC_COMMON_TABLE_SIZE
2021-08-16 17:47:15.260 520-1033/? D/ACDB-LOADER: ACDB -> ACDB_CMD_GET_AUDPROC_COMMON_TABLE
2021-08-16 17:47:15.260 520-1033/? D/ACDB-LOADER: ACDB -> AUDIO_SET_AUDPROC_CAL
2021-08-16 17:47:15.261 520-1033/? D/ACDB-LOADER: ACDB -> send_audvoltable
2021-08-16 17:47:15.261 520-1033/? D/ACDB-LOADER: ACDB -> ACDB_CMD_GET_AUDPROC_GAIN_DEP_STEP_TABLE
2021-08-16 17:47:15.261 520-1033/? D/ACDB-LOADER: ACDB -> AUDIO_SET_AUDPROC_VOL_CAL
2021-08-16 17:47:15.261 520-1033/? D/ACDB-LOADER: ACDB -> send_afe_cal
2021-08-16 17:47:15.261 520-1033/? D/ACDB-LOADER: ACDB -> ACDB_CMD_GET_AFE_COMMON_TABLE
2021-08-16 17:47:15.261 520-1033/? D/ACDB-LOADER: ACDB -> AUDIO_SET_AFE_CAL
2021-08-16 17:47:15.261 520-1033/? D/ACDB-LOADER: ACDB -> send_hw_delay : acdb_id = 14 path = 0
2021-08-16 17:47:15.261 520-1033/? D/ACDB-LOADER: ACDB -> ACDB_AVSYNC_INFO: ACDB_CMD_GET_DEVICE_PROPERTY
2021-08-16 17:47:15.261 520-1033/? I/audio_hw_utils: audio_extn_utils_send_app_type_cfg: PLAYBACK  app_type 69936, acdb_dev_id 14, sample_rate 48000
2021-08-16 17:47:15.261 520-1033/? D/audio_hw_primary: enable_audio_route: apply mixer and update path: low-latency-playback
2021-08-16 17:47:15.262 520-1033/? D/audio_hw_primary: select_devices: done
2021-08-16 17:47:15.265 3609-5081/? I/ActivityManager: START u0 {act=android.net.wifi.PICK_WIFI_NETWORK cmp=com.android.settings/.wifi.WifiPickerActivity} from uid 10133 on display 0
2021-08-16 17:47:15.281 3609-5081/? D/ActivityTrigger: ActivityTrigger activityPauseTrigger 
2021-08-16 17:47:15.294 520-1033/? D/msm8916_platform: platform_set_channel_map mixer_ctl_name:Playback Channel Map12
2021-08-16 17:47:15.294 520-1033/? D/msm8916_platform: platform_set_channel_map: set mapping(1 2 3 0 0 0 0 0) for channel:2
2021-08-16 17:47:15.294 520-1033/? D/audio_hw_primary: start_output_stream: exit
2021-08-16 17:47:15.325 4999-4999/? V/BoostFramework: BoostFramework() : mPerf = com.qualcomm.qti.Performance@909e87a
2021-08-16 17:47:15.325 4999-4999/? V/BoostFramework: BoostFramework() : mPerf = com.qualcomm.qti.Performance@669582b
2021-08-16 17:47:15.326 4999-4999/? V/BoostFramework: BoostFramework() : mPerf = com.qualcomm.qti.Performance@ff9d488
2021-08-16 17:47:15.326 4999-4999/? V/BoostFramework: BoostFramework() : mPerf = com.qualcomm.qti.Performance@5511e21
2021-08-16 17:47:15.344 4999-18177/? E/ActivityThread: Failed to find provider info for com.qti.smq.qualcommFeedback.provider
2021-08-16 17:47:15.389 754-754/? I/paxservice: type=1400 audit(0.0:6530): avc: denied { write } for name="property_service" dev="tmpfs" ino=7302 scontext=u:r:init:s0 tcontext=u:object_r:property_socket:s0 tclass=sock_file permissive=1
2021-08-16 17:47:15.429 421-421/? I/servicemanager: type=1400 audit(0.0:6531): avc: denied { search } for name="486" dev="proc" ino=103590 scontext=u:r:servicemanager:s0 tcontext=u:r:init:s0 tclass=dir permissive=1
2021-08-16 17:47:15.429 421-421/? I/servicemanager: type=1400 audit(0.0:6532): avc: denied { read } for name="current" dev="proc" ino=105665 scontext=u:r:servicemanager:s0 tcontext=u:r:init:s0 tclass=file permissive=1
2021-08-16 17:47:15.429 421-421/? I/servicemanager: type=1400 audit(0.0:6533): avc: denied { open } for path="/proc/486/attr/current" dev="proc" ino=105665 scontext=u:r:servicemanager:s0 tcontext=u:r:init:s0 tclass=file permissive=1
2021-08-16 17:47:15.429 421-421/? I/servicemanager: type=1400 audit(0.0:6534): avc: denied { transfer } for scontext=u:r:servicemanager:s0 tcontext=u:r:init:s0 tclass=binder permissive=1
2021-08-16 17:47:15.429 754-754/? I/paxservice: type=1400 audit(0.0:6535): avc: denied { call } for scontext=u:r:init:s0 tcontext=u:r:system_app:s0 tclass=binder permissive=1
2021-08-16 17:47:15.440 4999-4999/? V/BoostFramework: BoostFramework() : mPerf = com.qualcomm.qti.Performance@21e3153
2021-08-16 17:47:15.440 4999-4999/? V/BoostFramework: BoostFramework() : mPerf = com.qualcomm.qti.Performance@3147a90
2021-08-16 17:47:15.444 5773-5969/? D/PaxSPManager/EV: PaxSystemBinder: 3 subcmd:5 data:50
2021-08-16 17:47:15.445 5773-5953/? D/PaxSPManager/SpdevServerThread: msg from sp
2021-08-16 17:47:15.445 5773-5953/? D/PaxSPManager/SpdevServerThread: get a message msg.cmd=3
2021-08-16 17:47:15.445 5773-5953/? D/PaxSPManager/SpdevServerThread: get a message msg : SpdevMsg [from_ap_sp=0, cmd=3, subcmd=5, data=[50, 0, 0, 0, 0, 0, 0, 0, 0, 0, 0, 0, 0, 0, 0, 0, 0, 0, 0, 0, 0, 0, 0, 0, 0, 0, 0, 0, 0, 0, 0, 0]]
2021-08-16 17:47:15.445 5773-5953/? D/PaxSPManager/SpdevServerThread: sp icon
2021-08-16 17:47:15.445 5773-5953/? D/PaxSPManager/SpdevServerThread: subcmd is:0x05
2021-08-16 17:47:15.445 5773-5953/? D/PaxSPManager/SpdevServerThread: msg is:0x32
2021-08-16 17:47:15.446 5773-5953/? W/PaxSPManager/ServerService: SP_ICON_SUBCMD_SPSTATUS
2021-08-16 17:47:15.446 5773-5953/? W/PaxSPManager/ServerService: The status is=50
2021-08-16 17:47:15.446 5773-5795/? D/PaxSPManager/EV: PaxSystemBinder: 14 subcmd:14 data:50
2021-08-16 17:47:15.447 5773-5953/? D/PaxSPManager/SpdevServerThread: msg from sp
2021-08-16 17:47:15.447 5773-5953/? D/PaxSPManager/SpdevServerThread: get a message msg.cmd=14
2021-08-16 17:47:15.447 5773-5953/? D/PaxSPManager/SpdevServerThread: get a message msg : SpdevMsg [from_ap_sp=0, cmd=14, subcmd=14, data=[50, 58, 48, 58, 51, 58, 48]]
2021-08-16 17:47:15.449 5773-5953/? W/ContextImpl: Calling a method in the system process without a qualified user: android.app.ContextImpl.startService:1432 android.content.ContextWrapper.startService:620 com.pax.daemon.observer.ServerService.checkDebugStatus:1095 com.pax.daemon.observer.ServerService.-wrap1:-1 com.pax.daemon.observer.ServerService$1.onReceiveAuthinfo:1036 
2021-08-16 17:47:15.449 5773-5953/? W/ContextImpl: Implicit intents with startService are not safe: Intent { act=com.pax.daemon.debug_status_icon } android.content.ContextWrapper.startService:620 com.pax.daemon.observer.ServerService.checkDebugStatus:1095 com.pax.daemon.observer.ServerService.-wrap1:-1 
2021-08-16 17:47:15.459 5773-5773/? D/PaxSPManager/TamperedActions: handleMessage check device whether tampered
2021-08-16 17:47:15.459 5773-5773/? D/PaxSPManager/TamperedActions: +++++isTampered lastbbstatus = 0   secMode=3   amperClear=2  my lastBbStatus = 0
2021-08-16 17:47:15.467 4999-4999/? D/Settings: isBaseDeviceOn  = 1
2021-08-16 17:47:15.449 4999-4999/? I/ndroid.settings: type=1400 audit(0.0:6536): avc: denied { read } for name="base_state" dev="debugfs" ino=2915 scontext=u:r:system_app:s0 tcontext=u:object_r:debugfs:s0 tclass=file permissive=1
2021-08-16 17:47:15.449 4999-4999/? I/ndroid.settings: type=1400 audit(0.0:6537): avc: denied { open } for path="/sys/kernel/debug/msm_otg/base_state" dev="debugfs" ino=2915 scontext=u:r:system_app:s0 tcontext=u:object_r:debugfs:s0 tclass=file permissive=1
2021-08-16 17:47:15.449 4999-4999/? I/ndroid.settings: type=1400 audit(0.0:6538): avc: denied { getattr } for path="/sys/kernel/debug/msm_otg/base_state" dev="debugfs" ino=2915 scontext=u:r:system_app:s0 tcontext=u:object_r:debugfs:s0 tclass=file permissive=1
2021-08-16 17:47:15.506 4999-18180/? D/Index: Indexing locale 'es_ES' took 22 millis
2021-08-16 17:47:15.580 4999-18179/? D/Index: Indexing locale 'es_ES' took 30 millis
2021-08-16 17:47:15.627 4999-18179/? W/PaxUtils: SettingsMenuInvisibleLists size :1
2021-08-16 17:47:15.628 4999-18179/? I/Settings: doUpdateTilesList  settingsMenuInvisibleLists===[date_time_settings]
2021-08-16 17:47:15.630 4999-18179/? E/Settings: unkown com.android.settings
2021-08-16 17:47:15.634 4999-18179/? E/Settings: unkown com.android.settings
2021-08-16 17:47:15.639 4999-18179/? E/Settings: unkown com.android.settings
2021-08-16 17:47:15.643 4999-18179/? E/Settings: unkown com.android.settings
2021-08-16 17:47:15.646 4999-18179/? E/Settings: unkown com.android.settings
2021-08-16 17:47:15.649 4999-18179/? E/Settings: unkown com.android.settings
2021-08-16 17:47:15.654 4999-18179/? E/Settings: unkown com.android.settings
2021-08-16 17:47:15.662 4999-18179/? E/Settings: unkown com.android.settings
2021-08-16 17:47:15.666 4999-18179/? I/sim: value == FALSE
2021-08-16 17:47:15.666 4999-18179/? E/Settings: unkown com.android.settings
2021-08-16 17:47:15.673 4999-18179/? E/Settings: unkown com.android.settings
2021-08-16 17:47:15.684 4999-18179/? E/Settings: unkown com.android.settings
2021-08-16 17:47:15.690 3609-4126/? I/ActivityManager: Displayed com.android.settings/.wifi.WifiPickerActivity: +400ms
2021-08-16 17:47:15.705 4999-18179/? E/Settings: unkown com.android.settings
2021-08-16 17:47:15.707 4999-18179/? E/Settings: unkown com.android.settings
2021-08-16 17:47:15.709 4999-18179/? E/Settings: unkown com.android.settings
2021-08-16 17:47:15.713 4999-18179/? E/Settings: unkown com.android.settings
2021-08-16 17:47:15.715 4999-18179/? E/Settings: unkown com.android.settings
2021-08-16 17:47:15.717 4999-18179/? E/Settings: unkown com.android.settings
2021-08-16 17:47:15.720 4999-18179/? E/Settings: unkown com.android.settings
2021-08-16 17:47:15.724 4999-18179/? E/Settings: unkown com.android.settings
2021-08-16 17:47:15.726 4999-18179/? E/Settings: unkown com.android.settings
2021-08-16 17:47:15.731 4999-18179/? E/Settings: unkown com.android.settings
2021-08-16 17:47:15.733 4999-18179/? E/Settings: unkown com.android.settings
2021-08-16 17:47:15.734 4999-18179/? E/Settings: unkown com.android.settings
2021-08-16 17:47:15.736 4999-18179/? E/Settings: unkown com.android.settings
2021-08-16 17:47:15.797 4999-18179/? D/Index: Deleting data for locale 'es_ES' took 5 millis
2021-08-16 17:47:15.805 4999-18179/? D/Index: Indexing locale 'es_ES' took 8 millis
2021-08-16 17:47:15.806 4743-4743/? D/KeyguardViewMediator: received DELAYED_KEYGUARD_ACTION with seq = 29, mDelayedShowingSequence = 31
2021-08-16 17:47:15.841 4999-18179/? D/Index: Deleting data for locale 'es_ES' took 9 millis
2021-08-16 17:47:15.848 4999-18179/? D/Index: Indexing locale 'es_ES' took 6 millis
2021-08-16 17:47:16.060 3609-3812/? D/ActivityTrigger: ActivityTrigger activityStopTrigger 
2021-08-16 17:47:17.315 3609-6479/? E/OsAgent:  Wifi Scan Always Available: 0
2021-08-16 17:47:17.315 3609-6479/? E/OsAgent:  Wifi Scan Always Available: 0
2021-08-16 17:47:17.316 3609-6479/? E/OsAgent:  Wifi Scan Always Available: 0
2021-08-16 17:47:17.317 3609-6479/? E/OsAgent:  Wifi Scan Always Available: 0
2021-08-16 17:47:17.319 3609-6491/? E/LocSvc_libulp: W/Loc HAL handshake did not happen yet...
2021-08-16 17:47:17.321 963-1186/? E/XTCC-5.1.0.19-d: [PredUnit] handleConnectivtyStatusChange failed
2021-08-16 17:47:17.326 3609-6479/? E/OsAgent:  Wifi Scan Always Available: 0
2021-08-16 17:47:17.328 963-1191/? E/XTCC-5.1.0.19-d: [WifiScanner] convLowiBatchCapabilityAsyncResult failed, result:7
2021-08-16 17:47:17.328 963-1191/? E/XTCC-5.1.0.19-d: [WifiScanner] convBatchCapabilityAsyncResult failed: 40
2021-08-16 17:47:17.328 963-1191/? E/XTCC-5.1.0.19-d: [FDAL_Manager] handleScanCapabilityResult failed: 10
2021-08-16 17:47:17.327 3609-6479/? E/OsAgent:  Wifi Scan Always Available: 0
2021-08-16 17:47:17.330 520-1033/? D/audio_hw_primary: out_set_parameters: enter: usecase(1: low-latency-playback) kvpairs: routing=2
2021-08-16 17:47:17.330 3609-6479/? E/OsAgent:  Wifi Scan Always Available: 0
2021-08-16 17:47:17.775 3609-4122/? D/IpManager.wlan0: interfaceAdded(wlan0)
2021-08-16 17:47:17.786 5052-6387/? I/QtiTetherService/TetherNotifier: Active=[]; Available=[wlan0]; Errored=[]
2021-08-16 17:47:17.786 5052-6387/? I/QtiTetherService/TetherCommunication: Posting: TetherEvent -- TetherStateChangedEvent{Active=[], Available=[wlan0], Errored=[]}
2021-08-16 17:47:17.787 5052-6387/? I/QtiTetherService: handleMessage(TetherEvent -- TetherStateChangedEvent{Active=[], Available=[wlan0], Errored=[]})
2021-08-16 17:47:17.793 3609-4683/? I/TetherStatsReporting: getTetherStats() called
2021-08-16 17:47:17.794 5052-5079/? D/QtiTetherService/IpaWrapper: getStats(false)
2021-08-16 17:47:17.826 562-4629/? D/SoftapController: Softap fwReload - Ok
2021-08-16 17:47:17.832 562-4629/? D/CommandListener: Setting iface cfg
2021-08-16 17:47:17.832 562-4629/? D/CommandListener: Trying to bring down wlan0
2021-08-16 17:47:17.834 562-4629/? D/CommandListener: Clearing all IP addresses on wlan0
2021-08-16 17:47:17.840 3609-4690/? E/WifiMonitor: killSupplicant p2ptrue init.svc.wpa_supplicant=unknown init.svc.p2p_supplicant=unknown
2021-08-16 17:47:17.846 3609-4690/? D/wifi: set interface wlan0 flags (UP)
2021-08-16 17:47:17.846 3609-4690/? I/WifiHAL: Initializing wifi
2021-08-16 17:47:17.852 3609-4690/? E/WifiHAL: get_firmware_bus_max_size_supported: requestResponse Error:-95
2021-08-16 17:47:17.852 3609-4690/? E/WifiHAL: Failed to get supported bus size, error : -95
2021-08-16 17:47:17.852 3609-4690/? D/wifi: Did set static halHandle = 0x8fae6a00
2021-08-16 17:47:17.852 3609-4690/? D/wifi: halHandle = 0x8fae6a00, mVM = 0xabdf3000, mCls = 0x188a
2021-08-16 17:47:17.852 3609-4690/? D/wifi: array field set
2021-08-16 17:47:17.859 3609-18198/? I/WifiNative-HAL: Waiting for HAL events mWifiHalHandle=-1884395008
2021-08-16 17:47:17.859 3609-18198/? D/wifi: waitForHalEvents called, vm = 0xabdf3000, obj = 0x188a, env = 0x8faaab10
2021-08-16 17:47:17.913 562-4620/? E/NetlinkEvent: NetlinkEvent::FindParam(): Parameter 'UID' not found
2021-08-16 17:47:17.954 3609-4690/? D/WifiMonitor: startMonitoring(wlan0) with mConnected = false
2021-08-16 17:47:17.956 3609-4690/? E/WifiHW: Unable to open connection to supplicant on "@android:wpa_wlan0": No such file or directory
2021-08-16 17:47:17.979 18199-18199/? I/libmdmdetect: ESOC framework not supported
2021-08-16 17:47:17.981 18199-18199/? I/libmdmdetect: Found internal modem: modem
2021-08-16 17:47:17.983 18199-18199/? D/wpa_supplicant: wpa_supplicant v2.6-devel-7.1.2
2021-08-16 17:47:17.983 18199-18199/? D/wpa_supplicant: random: Added entropy from /data/misc/wifi/entropy.bin (own_pool_ready=2)
2021-08-16 17:47:17.983 18199-18199/? D/wpa_supplicant: random: Trying to read entropy from /dev/random
2021-08-16 17:47:17.983 18199-18199/? D/wpa_supplicant: Get randomness: len=20 entropy=1
2021-08-16 17:47:17.993 18199-18199/? D/wpa_supplicant: random: Updated entropy file /data/misc/wifi/entropy.bin (own_pool_ready=2)
2021-08-16 17:47:17.993 18199-18199/? D/wpa_supplicant: Global control interface '@android:wpa_wlan0'
2021-08-16 17:47:17.993 18199-18199/? D/wpa_supplicant: Using Android control socket 'wpa_wlan0'
2021-08-16 17:47:17.993 18199-18199/? I/wpa_supplicant: Successfully initialized wpa_supplicant
2021-08-16 17:47:17.993 18199-18199/? D/wpa_supplicant: Override interface parameter: ctrl_interface ('(null)' -> '/data/misc/wifi/sockets')
2021-08-16 17:47:17.993 18199-18199/? D/wpa_supplicant: Initializing interface 'p2p0' conf '/data/misc/wifi/p2p_supplicant.conf' driver 'nl80211' ctrl_interface '/data/misc/wifi/sockets' bridge 'N/A'
2021-08-16 17:47:17.993 18199-18199/? D/wpa_supplicant: Configuration file '/data/misc/wifi/p2p_supplicant.conf' -> '/data/misc/wifi/p2p_supplicant.conf'
2021-08-16 17:47:17.993 18199-18199/? D/wpa_supplicant: Reading configuration file '/data/misc/wifi/p2p_supplicant.conf'
2021-08-16 17:47:17.993 18199-18199/? D/wpa_supplicant: ctrl_interface='/data/misc/wifi/sockets'
2021-08-16 17:47:17.993 18199-18199/? D/wpa_supplicant: disable_scan_offload=1
2021-08-16 17:47:17.993 18199-18199/? D/wpa_supplicant: update_config=1
2021-08-16 17:47:17.994 18199-18199/? D/wpa_supplicant: device_name='Android_348b'
2021-08-16 17:47:17.994 18199-18199/? D/wpa_supplicant: config_methods='virtual_push_button physical_display keypad'
2021-08-16 17:47:17.994 18199-18199/? D/wpa_supplicant: p2p_ssid_postfix='-Android_348b'
2021-08-16 17:47:17.994 18199-18199/? D/wpa_supplicant: persistent_reconnect=1
2021-08-16 17:47:17.994 18199-18199/? D/wpa_supplicant: pmf=1
2021-08-16 17:47:17.994 18199-18199/? D/wpa_supplicant: Reading configuration file '/system/etc/wifi/p2p_supplicant_overlay.conf'
2021-08-16 17:47:17.994 18199-18199/? D/wpa_supplicant: disable_scan_offload=1
2021-08-16 17:47:18.006 18199-18199/? D/wpa_supplicant: nl80211: Using driver-based roaming
2021-08-16 17:47:18.006 18199-18199/? D/wpa_supplicant: nl80211: TDLS supported
2021-08-16 17:47:18.006 18199-18199/? D/wpa_supplicant: nl80211: TDLS external setup
2021-08-16 17:47:18.006 18199-18199/? D/wpa_supplicant: nl80211: Supported cipher 00-0f-ac:1
2021-08-16 17:47:18.006 18199-18199/? D/wpa_supplicant: nl80211: Supported cipher 00-0f-ac:5
2021-08-16 17:47:18.006 18199-18199/? D/wpa_supplicant: nl80211: Supported cipher 00-0f-ac:2
2021-08-16 17:47:18.006 18199-18199/? D/wpa_supplicant: nl80211: Supported cipher 00-0f-ac:4
2021-08-16 17:47:18.006 18199-18199/? D/wpa_supplicant: nl80211: Supported cipher 00-14-72:1
2021-08-16 17:47:18.006 18199-18199/? D/wpa_supplicant: nl80211: Supported cipher 00-0f-ac:6
2021-08-16 17:47:18.006 18199-18199/? D/wpa_supplicant: nl80211: Supports Probe Response offload in AP mode
2021-08-16 17:47:18.006 18199-18199/? D/wpa_supplicant: nl80211: Using driver-based off-channel TX
2021-08-16 17:47:18.007 18199-18199/? D/wpa_supplicant: nl80211: Supported vendor command: vendor_id=0x1374 subcmd=9
2021-08-16 17:47:18.007 18199-18199/? D/wpa_supplicant: nl80211: Supported vendor command: vendor_id=0x1374 subcmd=12
2021-08-16 17:47:18.007 18199-18199/? D/wpa_supplicant: nl80211: Supported vendor command: vendor_id=0x1374 subcmd=16
2021-08-16 17:47:18.007 18199-18199/? D/wpa_supplicant: nl80211: Supported vendor command: vendor_id=0x1374 subcmd=14
2021-08-16 17:47:18.007 18199-18199/? D/wpa_supplicant: nl80211: Supported vendor command: vendor_id=0x1374 subcmd=15
2021-08-16 17:47:18.007 18199-18199/? D/wpa_supplicant: nl80211: Supported vendor command: vendor_id=0x1374 subcmd=20
2021-08-16 17:47:18.007 18199-18199/? D/wpa_supplicant: nl80211: Supported vendor command: vendor_id=0x1374 subcmd=21
2021-08-16 17:47:18.007 18199-18199/? D/wpa_supplicant: nl80211: Supported vendor command: vendor_id=0x1374 subcmd=22
2021-08-16 17:47:18.007 18199-18199/? D/wpa_supplicant: nl80211: Supported vendor command: vendor_id=0x1374 subcmd=23
2021-08-16 17:47:18.007 18199-18199/? D/wpa_supplicant: nl80211: Supported vendor command: vendor_id=0x1374 subcmd=24
2021-08-16 17:47:18.007 18199-18199/? D/wpa_supplicant: nl80211: Supported vendor command: vendor_id=0x1374 subcmd=29
2021-08-16 17:47:18.007 18199-18199/? D/wpa_supplicant: nl80211: Supported vendor command: vendor_id=0x1374 subcmd=30
2021-08-16 17:47:18.007 18199-18199/? D/wpa_supplicant: nl80211: Supported vendor command: vendor_id=0x1374 subcmd=34
2021-08-16 17:47:18.007 18199-18199/? D/wpa_supplicant: nl80211: Supported vendor command: vendor_id=0x1374 subcmd=35
2021-08-16 17:47:18.007 18199-18199/? D/wpa_supplicant: nl80211: Supported vendor command: vendor_id=0x1374 subcmd=36
2021-08-16 17:47:18.007 18199-18199/? D/wpa_supplicant: nl80211: Supported vendor command: vendor_id=0x1374 subcmd=38
2021-08-16 17:47:18.007 18199-18199/? D/wpa_supplicant: nl80211: Supported vendor command: vendor_id=0x1374 subcmd=40
2021-08-16 17:47:18.007 18199-18199/? D/wpa_supplicant: nl80211: Supported vendor command: vendor_id=0x1374 subcmd=39
2021-08-16 17:47:18.007 18199-18199/? D/wpa_supplicant: nl80211: Supported vendor command: vendor_id=0x1374 subcmd=42
2021-08-16 17:47:18.007 18199-18199/? D/wpa_supplicant: nl80211: Supported vendor command: vendor_id=0x1374 subcmd=63
2021-08-16 17:47:18.007 18199-18199/? D/wpa_supplicant: nl80211: Supported vendor command: vendor_id=0x1374 subcmd=105
2021-08-16 17:47:18.007 18199-18199/? D/wpa_supplicant: nl80211: Supported vendor command: vendor_id=0x1374 subcmd=62
2021-08-16 17:47:18.007 18199-18199/? D/wpa_supplicant: nl80211: Supported vendor command: vendor_id=0x1374 subcmd=61
2021-08-16 17:47:18.007 18199-18199/? D/wpa_supplicant: nl80211: Supported vendor command: vendor_id=0x1374 subcmd=77
2021-08-16 17:47:18.007 18199-18199/? D/wpa_supplicant: nl80211: Supported vendor command: vendor_id=0x1374 subcmd=80
2021-08-16 17:47:18.007 18199-18199/? D/wpa_supplicant: nl80211: Supported vendor command: vendor_id=0x1374 subcmd=79
2021-08-16 17:47:18.008 18199-18199/? D/wpa_supplicant: nl80211: Supported vendor command: vendor_id=0x1374 subcmd=101
2021-08-16 17:47:18.008 18199-18199/? D/wpa_supplicant: nl80211: Supported vendor command: vendor_id=0x1374 subcmd=74
2021-08-16 17:47:18.008 18199-18199/? D/wpa_supplicant: nl80211: Supported vendor command: vendor_id=0x1374 subcmd=149
2021-08-16 17:47:18.008 18199-18199/? D/wpa_supplicant: nl80211: Supported vendor command: vendor_id=0x1374 subcmd=150
2021-08-16 17:47:18.008 18199-18199/? D/wpa_supplicant: nl80211: Supported vendor command: vendor_id=0x1374 subcmd=121
2021-08-16 17:47:18.008 18199-18199/? D/wpa_supplicant: nl80211: Supported vendor event: vendor_id=0x1374 subcmd=10
2021-08-16 17:47:18.008 18199-18199/? D/wpa_supplicant: nl80211: Supported vendor event: vendor_id=0x1374 subcmd=14
2021-08-16 17:47:18.008 18199-18199/? D/wpa_supplicant: nl80211: Supported vendor event: vendor_id=0x1374 subcmd=15
2021-08-16 17:47:18.008 18199-18199/? D/wpa_supplicant: nl80211: Supported vendor event: vendor_id=0x1374 subcmd=16
2021-08-16 17:47:18.008 18199-18199/? D/wpa_supplicant: nl80211: Supported vendor event: vendor_id=0x1374 subcmd=17
2021-08-16 17:47:18.008 18199-18199/? D/wpa_supplicant: nl80211: Supported vendor event: vendor_id=0x1374 subcmd=18
2021-08-16 17:47:18.008 18199-18199/? D/wpa_supplicant: nl80211: Supported vendor event: vendor_id=0x1374 subcmd=19
2021-08-16 17:47:18.008 18199-18199/? D/wpa_supplicant: nl80211: Supported vendor event: vendor_id=0x1374 subcmd=20
2021-08-16 17:47:18.008 18199-18199/? D/wpa_supplicant: nl80211: Supported vendor event: vendor_id=0x1374 subcmd=21
2021-08-16 17:47:18.008 18199-18199/? D/wpa_supplicant: nl80211: Supported vendor event: vendor_id=0x1374 subcmd=23
2021-08-16 17:47:18.008 18199-18199/? D/wpa_supplicant: nl80211: Supported vendor event: vendor_id=0x1374 subcmd=24
2021-08-16 17:47:18.008 18199-18199/? D/wpa_supplicant: nl80211: Supported vendor event: vendor_id=0x1374 subcmd=25
2021-08-16 17:47:18.008 18199-18199/? D/wpa_supplicant: nl80211: Supported vendor event: vendor_id=0x1374 subcmd=26
2021-08-16 17:47:18.008 18199-18199/? D/wpa_supplicant: nl80211: Supported vendor event: vendor_id=0x1374 subcmd=27
2021-08-16 17:47:18.008 18199-18199/? D/wpa_supplicant: nl80211: Supported vendor event: vendor_id=0x1374 subcmd=28
2021-08-16 17:47:18.009 18199-18199/? D/wpa_supplicant: nl80211: Supported vendor event: vendor_id=0x1374 subcmd=29
2021-08-16 17:47:18.009 18199-18199/? D/wpa_supplicant: nl80211: Supported vendor event: vendor_id=0x1374 subcmd=30
2021-08-16 17:47:18.009 18199-18199/? D/wpa_supplicant: nl80211: Supported vendor event: vendor_id=0x1374 subcmd=37
2021-08-16 17:47:18.009 18199-18199/? D/wpa_supplicant: nl80211: Supported vendor event: vendor_id=0x0 subcmd=0
2021-08-16 17:47:18.009 18199-18199/? D/wpa_supplicant: nl80211: Supported vendor event: vendor_id=0x1374 subcmd=63
2021-08-16 17:47:18.009 18199-18199/? D/wpa_supplicant: nl80211: Supported vendor event: vendor_id=0x1374 subcmd=80
2021-08-16 17:47:18.009 18199-18199/? D/wpa_supplicant: nl80211: Supported vendor event: vendor_id=0x1374 subcmd=41
2021-08-16 17:47:18.009 18199-18199/? D/wpa_supplicant: nl80211: Supported vendor event: vendor_id=0x1374 subcmd=150
2021-08-16 17:47:18.009 18199-18199/? D/wpa_supplicant: nl80211: Use separate P2P group interface (driver advertised support)
2021-08-16 17:47:18.009 18199-18199/? D/wpa_supplicant: nl80211: Enable multi-channel concurrent (driver advertised support)
2021-08-16 17:47:18.009 18199-18199/? D/wpa_supplicant: nl80211: interface p2p0 in phy phy6
2021-08-16 17:47:18.010 18199-18199/? D/wpa_supplicant: nl80211: Set mode ifindex 35 iftype 2 (STATION)
2021-08-16 17:47:18.010 18199-18199/? D/wpa_supplicant: nl80211: Subscribe to mgmt frames with non-AP handle 0xa8b160c0
2021-08-16 17:47:18.010 18199-18199/? D/wpa_supplicant: nl80211: Register frame type=0xd0 (WLAN_FC_STYPE_ACTION) nl_handle=0xa8b160c0 match=0104
2021-08-16 17:47:18.010 18199-18199/? D/wpa_supplicant: nl80211: Register frame type=0xd0 (WLAN_FC_STYPE_ACTION) nl_handle=0xa8b160c0 match=040a
2021-08-16 17:47:18.010 18199-18199/? D/wpa_supplicant: nl80211: Register frame type=0xd0 (WLAN_FC_STYPE_ACTION) nl_handle=0xa8b160c0 match=040b
2021-08-16 17:47:18.011 18199-18199/? D/wpa_supplicant: nl80211: Register frame type=0xd0 (WLAN_FC_STYPE_ACTION) nl_handle=0xa8b160c0 match=040c
2021-08-16 17:47:18.011 18199-18199/? D/wpa_supplicant: nl80211: Register frame type=0xd0 (WLAN_FC_STYPE_ACTION) nl_handle=0xa8b160c0 match=040d
2021-08-16 17:47:18.011 18199-18199/? D/wpa_supplicant: nl80211: Register frame type=0xd0 (WLAN_FC_STYPE_ACTION) nl_handle=0xa8b160c0 match=090a
2021-08-16 17:47:18.011 18199-18199/? D/wpa_supplicant: nl80211: Register frame type=0xd0 (WLAN_FC_STYPE_ACTION) nl_handle=0xa8b160c0 match=090b
2021-08-16 17:47:18.011 18199-18199/? D/wpa_supplicant: nl80211: Register frame type=0xd0 (WLAN_FC_STYPE_ACTION) nl_handle=0xa8b160c0 match=090c
2021-08-16 17:47:18.011 18199-18199/? D/wpa_supplicant: nl80211: Register frame type=0xd0 (WLAN_FC_STYPE_ACTION) nl_handle=0xa8b160c0 match=090d
2021-08-16 17:47:18.011 18199-18199/? D/wpa_supplicant: nl80211: Register frame type=0xd0 (WLAN_FC_STYPE_ACTION) nl_handle=0xa8b160c0 match=0409506f9a09
2021-08-16 17:47:18.012 18199-18199/? D/wpa_supplicant: nl80211: Register frame type=0xd0 (WLAN_FC_STYPE_ACTION) nl_handle=0xa8b160c0 match=7f506f9a09
2021-08-16 17:47:18.012 18199-18199/? D/wpa_supplicant: nl80211: Register frame type=0xd0 (WLAN_FC_STYPE_ACTION) nl_handle=0xa8b160c0 match=0801
2021-08-16 17:47:18.012 18199-18199/? D/wpa_supplicant: nl80211: Register frame type=0xd0 (WLAN_FC_STYPE_ACTION) nl_handle=0xa8b160c0 match=040e
2021-08-16 17:47:18.012 18199-18199/? D/wpa_supplicant: nl80211: Register frame type=0xd0 (WLAN_FC_STYPE_ACTION) nl_handle=0xa8b160c0 match=12
2021-08-16 17:47:18.012 18199-18199/? D/wpa_supplicant: nl80211: Register frame type=0xd0 (WLAN_FC_STYPE_ACTION) nl_handle=0xa8b160c0 match=06
2021-08-16 17:47:18.012 18199-18199/? D/wpa_supplicant: nl80211: Register frame type=0xd0 (WLAN_FC_STYPE_ACTION) nl_handle=0xa8b160c0 match=0a07
2021-08-16 17:47:18.013 18199-18199/? D/wpa_supplicant: nl80211: Register frame type=0xd0 (WLAN_FC_STYPE_ACTION) nl_handle=0xa8b160c0 match=0a11
2021-08-16 17:47:18.013 18199-18199/? D/wpa_supplicant: nl80211: Register frame type=0xd0 (WLAN_FC_STYPE_ACTION) nl_handle=0xa8b160c0 match=0a1a
2021-08-16 17:47:18.013 18199-18199/? D/wpa_supplicant: nl80211: Register frame type=0xd0 (WLAN_FC_STYPE_ACTION) nl_handle=0xa8b160c0 match=1101
2021-08-16 17:47:18.013 18199-18199/? D/wpa_supplicant: nl80211: Register frame type=0xd0 (WLAN_FC_STYPE_ACTION) nl_handle=0xa8b160c0 match=1102
2021-08-16 17:47:18.014 18199-18199/? D/wpa_supplicant: nl80211: Register frame type=0xd0 (WLAN_FC_STYPE_ACTION) nl_handle=0xa8b160c0 match=0505
2021-08-16 17:47:18.015 18199-18199/? I/wpa_supplicant: rfkill: Cannot open RFKILL control device
2021-08-16 17:47:18.015 18199-18199/? D/wpa_supplicant: nl80211: RFKILL status not available
2021-08-16 17:47:18.023 18199-18199/? D/wpa_supplicant: netlink: Operstate: ifindex=35 linkmode=1 (userspace-control), operstate=5 (IF_OPER_DORMANT)
2021-08-16 17:47:18.027 18199-18199/? D/wpa_supplicant: Add interface p2p0 to a new radio phy6
2021-08-16 17:47:18.030 18199-18199/? D/wpa_supplicant: nl80211: Regulatory information - country=98
2021-08-16 17:47:18.031 18199-18199/? D/wpa_supplicant: nl80211: 2402-2482 @ 40 MHz 20 mBm
2021-08-16 17:47:18.031 18199-18199/? D/wpa_supplicant: nl80211: 5170-5250 @ 80 MHz 20 mBm
2021-08-16 17:47:18.031 18199-18199/? D/wpa_supplicant: nl80211: 5250-5330 @ 80 MHz 20 mBm (DFS)
2021-08-16 17:47:18.031 18199-18199/? D/wpa_supplicant: nl80211: 5735-5835 @ 80 MHz 20 mBm
2021-08-16 17:47:18.031 18199-18199/? D/wpa_supplicant: nl80211: Added 802.11b mode based on 802.11g information
2021-08-16 17:47:18.057 3609-4690/? E/WifiHW: Unable to open connection to supplicant on "@android:wpa_wlan0": No such file or directory
2021-08-16 17:47:18.060 568-568/? I/cnss-daemon: RTM_NEWROUTE Indication
2021-08-16 17:47:18.108 18199-18199/? D/wpa_supplicant: p2p0: Own MAC address: a6:d4:b2:89:14:7c
2021-08-16 17:47:18.109 18199-18199/? D/wpa_supplicant: wpa_driver_nl80211_set_key: ifindex=35 (p2p0) alg=0 addr=0x0 key_idx=0 set_tx=0 seq_len=0 key_len=0
2021-08-16 17:47:18.109 18199-18199/? D/wpa_supplicant: wpa_driver_nl80211_set_key: ifindex=35 (p2p0) alg=0 addr=0x0 key_idx=1 set_tx=0 seq_len=0 key_len=0
2021-08-16 17:47:18.109 18199-18199/? D/wpa_supplicant: wpa_driver_nl80211_set_key: ifindex=35 (p2p0) alg=0 addr=0x0 key_idx=2 set_tx=0 seq_len=0 key_len=0
2021-08-16 17:47:18.109 18199-18199/? D/wpa_supplicant: wpa_driver_nl80211_set_key: ifindex=35 (p2p0) alg=0 addr=0x0 key_idx=3 set_tx=0 seq_len=0 key_len=0
2021-08-16 17:47:18.110 18199-18199/? D/wpa_supplicant: wpa_driver_nl80211_set_key: ifindex=35 (p2p0) alg=0 addr=0x0 key_idx=4 set_tx=0 seq_len=0 key_len=0
2021-08-16 17:47:18.110 18199-18199/? D/wpa_supplicant: wpa_driver_nl80211_set_key: ifindex=35 (p2p0) alg=0 addr=0x0 key_idx=5 set_tx=0 seq_len=0 key_len=0
2021-08-16 17:47:18.110 18199-18199/? D/wpa_supplicant: p2p0: RSN: flushing PMKID list in the driver
2021-08-16 17:47:18.110 18199-18199/? D/wpa_supplicant: nl80211: Flush PMKIDs
2021-08-16 17:47:18.110 18199-18199/? D/wpa_supplicant: p2p0: State: DISCONNECTED -> INACTIVE
2021-08-16 17:47:18.149 568-568/? I/cnss-daemon: RTM_NEWROUTE Indication
2021-08-16 17:47:18.158 3609-4690/? E/WifiHW: Unable to open connection to supplicant on "@android:wpa_wlan0": No such file or directory
2021-08-16 17:47:18.190 18199-18199/? D/wpa_supplicant: TDLS: TDLS operation supported by driver
2021-08-16 17:47:18.190 18199-18199/? D/wpa_supplicant: TDLS: Driver uses external link setup
2021-08-16 17:47:18.190 18199-18199/? D/wpa_supplicant: TDLS: Driver does not support TDLS channel switching
2021-08-16 17:47:18.191 18199-18199/? D/wpa_supplicant: p2p0: WPS: UUID based on MAC address: a9b924e6-b9eb-5ac9-8e53-ca7ab937f033
2021-08-16 17:47:18.192 18199-18199/? D/wpa_supplicant: eap_proxy: eap_proxy_init  wpa_qmi_ssr 0
2021-08-16 17:47:18.192 18199-18199/? D/wpa_supplicant: EAPOL: SUPP_PAE entering state DISCONNECTED
2021-08-16 17:47:18.192 18199-18199/? D/wpa_supplicant: EAPOL: Supplicant port status: Unauthorized
2021-08-16 17:47:18.192 18199-18199/? D/wpa_supplicant: nl80211: Skip set_supp_port(unauthorized) while not associated
2021-08-16 17:47:18.192 18199-18199/? D/wpa_supplicant: EAPOL: KEY_RX entering state NO_KEY_RECEIVE
2021-08-16 17:47:18.192 18199-18199/? D/wpa_supplicant: EAPOL: SUPP_BE entering state INITIALIZE
2021-08-16 17:47:18.192 18199-18199/? D/wpa_supplicant: EAP: EAP entering state DISABLED
2021-08-16 17:47:18.193 18199-18199/? D/wpa_supplicant: P2P: Add operating class 81
2021-08-16 17:47:18.193 18199-18199/? D/wpa_supplicant: P2P: Channels - hexdump(len=13): 01 02 03 04 05 06 07 08 09 0a 0b 0c 0d
2021-08-16 17:47:18.193 18199-18199/? D/wpa_supplicant: P2P: Add operating class 115
2021-08-16 17:47:18.193 18199-18199/? D/wpa_supplicant: P2P: Channels - hexdump(len=4): 24 28 2c 30
2021-08-16 17:47:18.193 18199-18199/? D/wpa_supplicant: P2P: Add operating class 116
2021-08-16 17:47:18.194 18199-18199/? D/wpa_supplicant: P2P: Channels - hexdump(len=2): 24 2c
2021-08-16 17:47:18.194 18199-18199/? D/wpa_supplicant: P2P: Add operating class 117
2021-08-16 17:47:18.194 18199-18199/? D/wpa_supplicant: P2P: Channels - hexdump(len=2): 28 30
2021-08-16 17:47:18.194 18199-18199/? D/wpa_supplicant: P2P: Add operating class 124
2021-08-16 17:47:18.194 18199-18199/? D/wpa_supplicant: P2P: Channels - hexdump(len=4): 95 99 9d a1
2021-08-16 17:47:18.194 18199-18199/? D/wpa_supplicant: P2P: Add operating class 125
2021-08-16 17:47:18.194 18199-18199/? D/wpa_supplicant: P2P: Channels - hexdump(len=5): 95 99 9d a1 a5
2021-08-16 17:47:18.194 18199-18199/? D/wpa_supplicant: P2P: Add operating class 126
2021-08-16 17:47:18.194 18199-18199/? D/wpa_supplicant: P2P: Channels - hexdump(len=2): 95 9d
2021-08-16 17:47:18.194 18199-18199/? D/wpa_supplicant: P2P: Add operating class 127
2021-08-16 17:47:18.194 18199-18199/? D/wpa_supplicant: P2P: Channels - hexdump(len=2): 99 a1
2021-08-16 17:47:18.194 18199-18199/? D/wpa_supplicant: P2P: Add operating class 130
2021-08-16 17:47:18.194 18199-18199/? D/wpa_supplicant: P2P: Channels - hexdump(len=4): 24 28 2c 30
2021-08-16 17:47:18.197 18199-18199/? D/wpa_supplicant: P2P: Own listen channel: 81:6
2021-08-16 17:47:18.202 18199-18199/? D/wpa_supplicant: P2P: Random operating channel: 81:1
2021-08-16 17:47:18.205 18199-18199/? D/wpa_supplicant: P2P: initialized
2021-08-16 17:47:18.205 18199-18199/? D/wpa_supplicant: P2P: channels: 81:1,2,3,4,5,6,7,8,9,10,11,12,13 115:36,40,44,48 116:36,44 117:40,48 124:149,153,157,161 125:149,153,157,161,165 126:149,157 127:153,161 130:36,40,44,48
2021-08-16 17:47:18.206 18199-18199/? D/wpa_supplicant: P2P: cli_channels:
2021-08-16 17:47:18.206 18199-18199/? E/wpa_supplicant: eap_proxy:eap_proxy_get_imsi: Not initialized
2021-08-16 17:47:18.206 18199-18199/? D/wpa_supplicant: eap_proxy: IMSI not available
2021-08-16 17:47:18.206 18199-18199/? D/wpa_supplicant: nl80211: Scan default IEs - hexdump(len=7): 7f 05 00 00 0a 02 01
2021-08-16 17:47:18.206 18199-18199/? E/wpa_supplicant: nl80211: Set scan default IEs failed: ret=-524 (Unknown error 524)
2021-08-16 17:47:18.206 18199-18199/? D/wpa_supplicant: p2p0: Added interface p2p0
2021-08-16 17:47:18.206 18199-18199/? D/wpa_supplicant: p2p0: State: INACTIVE -> DISCONNECTED
2021-08-16 17:47:18.206 18199-18199/? D/wpa_supplicant: nl80211: Set p2p0 operstate 0->0 (DORMANT)
2021-08-16 17:47:18.206 18199-18199/? D/wpa_supplicant: netlink: Operstate: ifindex=35 linkmode=-1 (no change), operstate=5 (IF_OPER_DORMANT)
2021-08-16 17:47:18.206 18199-18199/? D/wpa_supplicant: p2p0: Determining shared radio frequencies (max len 2)
2021-08-16 17:47:18.207 18199-18199/? D/wpa_supplicant: p2p0: Shared frequencies (len=0): completed iteration
2021-08-16 17:47:18.207 18199-18199/? D/wpa_supplicant: P2P: Add operating class 81
2021-08-16 17:47:18.207 18199-18199/? D/wpa_supplicant: P2P: Channels - hexdump(len=13): 01 02 03 04 05 06 07 08 09 0a 0b 0c 0d
2021-08-16 17:47:18.207 18199-18199/? D/wpa_supplicant: P2P: Add operating class 115
2021-08-16 17:47:18.207 18199-18199/? D/wpa_supplicant: P2P: Channels - hexdump(len=4): 24 28 2c 30
2021-08-16 17:47:18.207 18199-18199/? D/wpa_supplicant: P2P: Add operating class 116
2021-08-16 17:47:18.207 18199-18199/? D/wpa_supplicant: P2P: Channels - hexdump(len=2): 24 2c
2021-08-16 17:47:18.207 18199-18199/? D/wpa_supplicant: P2P: Add operating class 117
2021-08-16 17:47:18.207 18199-18199/? D/wpa_supplicant: P2P: Channels - hexdump(len=2): 28 30
2021-08-16 17:47:18.207 18199-18199/? D/wpa_supplicant: P2P: Add operating class 124
2021-08-16 17:47:18.207 18199-18199/? D/wpa_supplicant: P2P: Channels - hexdump(len=4): 95 99 9d a1
2021-08-16 17:47:18.207 18199-18199/? D/wpa_supplicant: P2P: Add operating class 125
2021-08-16 17:47:18.207 18199-18199/? D/wpa_supplicant: P2P: Channels - hexdump(len=5): 95 99 9d a1 a5
2021-08-16 17:47:18.207 18199-18199/? D/wpa_supplicant: P2P: Add operating class 126
2021-08-16 17:47:18.207 18199-18199/? D/wpa_supplicant: P2P: Channels - hexdump(len=2): 95 9d
2021-08-16 17:47:18.207 18199-18199/? D/wpa_supplicant: P2P: Add operating class 127
2021-08-16 17:47:18.207 18199-18199/? D/wpa_supplicant: P2P: Channels - hexdump(len=2): 99 a1
2021-08-16 17:47:18.207 18199-18199/? D/wpa_supplicant: P2P: Add operating class 130
2021-08-16 17:47:18.207 18199-18199/? D/wpa_supplicant: P2P: Channels - hexdump(len=4): 24 28 2c 30
2021-08-16 17:47:18.207 18199-18199/? D/wpa_supplicant: P2P: Update channel list
2021-08-16 17:47:18.208 18199-18199/? D/wpa_supplicant: P2P: channels: 81:1,2,3,4,5,6,7,8,9,10,11,12,13 115:36,40,44,48 116:36,44 117:40,48 124:149,153,157,161 125:149,153,157,161,165 126:149,157 127:153,161 130:36,40,44,48
2021-08-16 17:47:18.208 18199-18199/? D/wpa_supplicant: P2P: cli_channels:
2021-08-16 17:47:18.208 18199-18199/? D/wpa_supplicant: Override interface parameter: ctrl_interface ('(null)' -> '/data/misc/wifi/sockets')
2021-08-16 17:47:18.208 18199-18199/? D/wpa_supplicant: Initializing interface 'wlan0' conf '/data/misc/wifi/wpa_supplicant.conf' driver 'nl80211' ctrl_interface '/data/misc/wifi/sockets' bridge 'N/A'
2021-08-16 17:47:18.208 18199-18199/? D/wpa_supplicant: Configuration file '/data/misc/wifi/wpa_supplicant.conf' -> '/data/misc/wifi/wpa_supplicant.conf'
2021-08-16 17:47:18.208 18199-18199/? D/wpa_supplicant: Reading configuration file '/data/misc/wifi/wpa_supplicant.conf'
2021-08-16 17:47:18.208 18199-18199/? D/wpa_supplicant: ctrl_interface='/data/misc/wifi/sockets'
2021-08-16 17:47:18.208 18199-18199/? D/wpa_supplicant: disable_scan_offload=1
2021-08-16 17:47:18.209 18199-18199/? D/wpa_supplicant: driver_param='use_p2p_group_interface=1'
2021-08-16 17:47:18.209 18199-18199/? D/wpa_supplicant: update_config=1
2021-08-16 17:47:18.209 18199-18199/? D/wpa_supplicant: device_name='msm8909'
2021-08-16 17:47:18.209 18199-18199/? D/wpa_supplicant: manufacturer='PAX'
2021-08-16 17:47:18.209 18199-18199/? D/wpa_supplicant: model_name='A920'
2021-08-16 17:47:18.209 18199-18199/? D/wpa_supplicant: model_number='A920'
2021-08-16 17:47:18.209 18199-18199/? D/wpa_supplicant: serial_number='0821667500'
2021-08-16 17:47:18.209 18199-18199/? D/wpa_supplicant: config_methods='physical_display virtual_push_button'
2021-08-16 17:47:18.209 18199-18199/? D/wpa_supplicant: p2p_disabled=1
2021-08-16 17:47:18.209 18199-18199/? D/wpa_supplicant: hs20=1
2021-08-16 17:47:18.209 18199-18199/? D/wpa_supplicant: interworking=1
2021-08-16 17:47:18.209 18199-18199/? D/wpa_supplicant: pmf=1
2021-08-16 17:47:18.209 18199-18199/? D/wpa_supplicant: external_sim=1
2021-08-16 17:47:18.209 18199-18199/? D/wpa_supplicant: tdls_external_control=1
2021-08-16 17:47:18.209 18199-18199/? D/wpa_supplicant: Line: 19 - start of a new network block
2021-08-16 17:47:18.209 18199-18199/? D/wpa_supplicant: ssid - hexdump(len=7): 43 61 6c 69 70 73 6f
2021-08-16 17:47:18.209 18199-18199/? D/wpa_supplicant: PSK (ASCII passphrase) - hexdump(len=13): [REMOVED]
2021-08-16 17:47:18.209 18199-18199/? D/wpa_supplicant: priority=1 (0x1)
