2021-08-16 17:47:57.233 520-1033/? D/audio_hw_primary: enable_audio_route: apply mixer and update path: low-latency-playback
2021-08-16 17:47:57.234 520-1033/? D/audio_hw_primary: select_devices: done
2021-08-16 17:47:57.287 520-1033/? D/msm8916_platform: platform_set_channel_map mixer_ctl_name:Playback Channel Map12
2021-08-16 17:47:57.287 520-1033/? D/msm8916_platform: platform_set_channel_map: set mapping(1 2 3 0 0 0 0 0) for channel:2
2021-08-16 17:47:57.288 520-1033/? D/audio_hw_primary: start_output_stream: exit
2021-08-16 17:47:57.302 3609-4690/? D/WifiStateMachine: WifiStateMachine: Leaving Connected state
2021-08-16 17:47:57.302 3609-6479/? E/OsAgent:  Wifi Scan Always Available: 0
2021-08-16 17:47:57.303 3609-6479/? E/OsAgent:  Wifi Scan Always Available: 0
2021-08-16 17:47:57.303 3609-6479/? E/OsAgent:  Wifi Scan Always Available: 0
2021-08-16 17:47:57.304 3609-6491/? E/LocSvc_libulp: W/Loc HAL handshake did not happen yet...
2021-08-16 17:47:57.304 3609-4690/? D/WifiNative-HAL: stopRssiMonitoring, cmdId 0
2021-08-16 17:47:57.304 3609-6479/? E/OsAgent:  Wifi Scan Always Available: 0
2021-08-16 17:47:57.304 3609-4690/? E/wifi_gbk2utf: g_pItemList is NULL
2021-08-16 17:47:57.304 3609-6479/? E/OsAgent:  Wifi Scan Always Available: 0
2021-08-16 17:47:57.305 3609-6479/? E/OsAgent:  Wifi Scan Always Available: 0
2021-08-16 17:47:57.305 963-1186/? E/XTCC-5.1.0.19-d: [PredUnit] handleConnectivtyStatusChange failed
2021-08-16 17:47:57.305 18199-18199/? D/wpa_supplicant: wlan0: Control interface command 'SET_NETWORK [REMOVED]'
2021-08-16 17:47:57.305 3609-6479/? E/OsAgent:  Wifi Scan Always Available: 0
2021-08-16 17:47:57.305 18199-18199/? D/wpa_supplicant: CTRL_IFACE: SET_NETWORK id=1 name='bssid'
2021-08-16 17:47:57.305 18199-18199/? D/wpa_supplicant: CTRL_IFACE: value - hexdump(len=3): [REMOVED]
2021-08-16 17:47:57.305 18199-18199/? D/wpa_supplicant: BSSID any
2021-08-16 17:47:57.305 18199-18199/? D/wpa_supplicant: CTRL-DEBUG: global_ctrl_sock-sendto: sock=8 sndbuf=163840 outq=0 send_len=3
2021-08-16 17:47:57.307 18199-18199/? D/wpa_supplicant: wlan0: Control interface command 'SET ps 1'
2021-08-16 17:47:57.307 18199-18199/? D/wpa_supplicant: CTRL_IFACE SET 'ps'='1'
2021-08-16 17:47:57.307 3609-4692/? D/DhcpClient: doQuit
2021-08-16 17:47:57.307 18199-18199/? D/wpa_supplicant: nl80211: set_p2p_powersave (legacy_ps=1 opp_ps=-1 ctwindow=-1)
2021-08-16 17:47:57.307 18199-18199/? D/wpa_supplicant: CTRL-DEBUG: global_ctrl_sock-sendto: sock=8 sndbuf=163840 outq=0 send_len=3
2021-08-16 17:47:57.308 18199-18199/? D/wpa_supplicant: wlan0: Control interface command 'DRIVER BTCOEXMODE 2'
2021-08-16 17:47:57.309 18199-18199/? D/wpa_supplicant: wpa_driver_nl80211_driver_cmd BTCOEXMODE 2 len = 0, 4096
2021-08-16 17:47:57.309 18199-18199/? D/wpa_supplicant: CTRL-DEBUG: global_ctrl_sock-sendto: sock=8 sndbuf=163840 outq=0 send_len=3
2021-08-16 17:47:57.310 3609-4700/? D/ConnectivityService: NetworkAgentInfo [WIFI () - 111] EVENT_NETWORK_INFO_CHANGED, going from CONNECTED to DISCONNECTED
2021-08-16 17:47:57.310 3609-4700/? W/ConnectivityService: updateShareNetwork(), networkinfo=[ [type: WIFI[], state: DISCONNECTED/DISCONNECTED, reason: (unspecified), extra: <unknown ssid>, failover: false, available: true, roaming: false, metered: false] ]; state= 2
2021-08-16 17:47:57.310 3609-4700/? W/ConnectivityService: updateShareNetwork() remove networkType=1 from mShareNetworks
2021-08-16 17:47:57.310 3609-4700/? W/ConnectivityService: updateShareNetwork share network size=1 >>>>>>
2021-08-16 17:47:57.310 3609-4700/? W/ConnectivityService: network: [type: MOBILE[LTE], state: DISCONNECTED/DISCONNECTED, reason: (unspecified), extra: (none), failover: false, available: true, roaming: false, metered: true]
2021-08-16 17:47:57.311 3609-4700/? W/ConnectivityService: updateShareNetwork share network <<<<<<
2021-08-16 17:47:57.311 3609-4700/? D/ConnectivityService: NetworkAgentInfo [WIFI () - 111] got DISCONNECTED, was satisfying 5
2021-08-16 17:47:57.311 3609-18407/? D/DhcpClient: onQuitting
2021-08-16 17:47:57.314 3609-4690/? E/wifi_gbk2utf: g_pItemList is NULL
2021-08-16 17:47:57.315 18199-18199/? D/wpa_supplicant: wlan0: Control interface command 'SET_NETWORK [REMOVED]'
2021-08-16 17:47:57.315 18199-18199/? D/wpa_supplicant: CTRL_IFACE: SET_NETWORK id=1 name='bssid'
2021-08-16 17:47:57.315 18199-18199/? D/wpa_supplicant: CTRL_IFACE: value - hexdump(len=3): [REMOVED]
2021-08-16 17:47:57.315 18199-18199/? D/wpa_supplicant: BSSID any
2021-08-16 17:47:57.315 18199-18199/? D/wpa_supplicant: CTRL-DEBUG: global_ctrl_sock-sendto: sock=8 sndbuf=163840 outq=0 send_len=3
2021-08-16 17:47:57.316 18199-18199/? D/wpa_supplicant: wlan0: Control interface command 'DRIVER COUNTRY CL'
2021-08-16 17:47:57.316 18199-18199/? D/wpa_supplicant: wpa_driver_nl80211_driver_cmd COUNTRY CL len = 0, 4096
2021-08-16 17:47:57.316 18199-18199/? D/wpa_supplicant: wlan0: Event CHANNEL_LIST_CHANGED (28) received
2021-08-16 17:47:57.317 18199-18199/? I/wpa_supplicant: wlan0: CTRL-EVENT-REGDOM-CHANGE init=USER type=COUNTRY alpha2=CL
2021-08-16 17:47:57.317 18199-18199/? D/wpa_supplicant: CTRL-DEBUG: ctrl_sock-sendmsg: sock=8 sndbuf=163840 outq=0 send_len=57
2021-08-16 17:47:57.317 18199-18199/? D/wpa_supplicant: CTRL_IFACE monitor sent successfully to /data/misc/wifi/sockets/wpa_ctrl_3609-29\x00
2021-08-16 17:47:57.317 18199-18199/? D/wpa_supplicant: wlan0: Updating hw mode
2021-08-16 17:47:57.319 568-568/? I/cnss-daemon: RTM_NEWNEIGH message received: 28
2021-08-16 17:47:57.319 568-568/? I/cnss-daemon: NDA_DST received: 192.168.1.1 ul: 16885952
2021-08-16 17:47:57.319 568-568/? I/cnss-daemon: NDA_LLADDR received
2021-08-16 17:47:57.320 568-568/? E/cnss-daemon: gateway ipv4 address: 192.168.1.1
2021-08-16 17:47:57.320 568-568/? E/cnss-daemon: gateway mac address: %02x:%02x:%02x:%02x:%02x:%02x
    : cc:ed:dc:53:bf:20
2021-08-16 17:47:57.320 18199-18199/? D/wpa_supplicant: nl80211: Regulatory information - country=CL
2021-08-16 17:47:57.320 4999-4999/? I/NetworkConnectChangedReceiver: enableWifiAssistant =false
2021-08-16 17:47:57.321 18199-18199/? D/wpa_supplicant: nl80211: 2402-2482 @ 40 MHz 20 mBm
2021-08-16 17:47:57.321 568-568/? E/cnss-daemon: gw update message successfully sent
2021-08-16 17:47:57.321 18199-18199/? D/wpa_supplicant: nl80211: 5170-5330 @ 160 MHz 20 mBm
2021-08-16 17:47:57.321 18199-18199/? D/wpa_supplicant: nl80211: 5735-5835 @ 80 MHz 20 mBm
2021-08-16 17:47:57.321 18199-18199/? D/wpa_supplicant: nl80211: Added 802.11b mode based on 802.11g information
2021-08-16 17:47:57.321 18199-18199/? D/wpa_supplicant: p2p0: Updating hw mode
2021-08-16 17:47:57.324 4999-4999/? I/NetworkConnectChangedReceiver: enableWifiAssistant =false
2021-08-16 17:47:57.323 3609-4700/? I/TetherStatsReporting: getTetherStats() called
2021-08-16 17:47:57.326 5052-6389/? D/QtiTetherService/IpaWrapper: getStats(false)
2021-08-16 17:47:57.327 18199-18199/? D/wpa_supplicant: nl80211: Regulatory information - country=CL
2021-08-16 17:47:57.328 18199-18199/? D/wpa_supplicant: nl80211: 2402-2482 @ 40 MHz 20 mBm
2021-08-16 17:47:57.328 18199-18199/? D/wpa_supplicant: nl80211: 5170-5330 @ 160 MHz 20 mBm
2021-08-16 17:47:57.328 18199-18199/? D/wpa_supplicant: nl80211: 5735-5835 @ 80 MHz 20 mBm
2021-08-16 17:47:57.328 18199-18199/? D/wpa_supplicant: nl80211: Added 802.11b mode based on 802.11g information
2021-08-16 17:47:57.328 18199-18199/? D/wpa_supplicant: wlan0: Determining shared radio frequencies (max len 2)
2021-08-16 17:47:57.328 18199-18199/? D/wpa_supplicant: wlan0: Shared frequencies (len=1): completed iteration
2021-08-16 17:47:57.328 18199-18199/? D/wpa_supplicant: wlan0: freq[0]: 5745, flags=0x1
2021-08-16 17:47:57.328 18199-18199/? D/wpa_supplicant: P2P: Add operating class 81
2021-08-16 17:47:57.329 18199-18199/? D/wpa_supplicant: P2P: Channels - hexdump(len=13): 01 02 03 04 05 06 07 08 09 0a 0b 0c 0d
2021-08-16 17:47:57.329 18199-18199/? D/wpa_supplicant: P2P: Add operating class 115
2021-08-16 17:47:57.329 18199-18199/? D/wpa_supplicant: P2P: Channels - hexdump(len=4): 24 28 2c 30
2021-08-16 17:47:57.329 18199-18199/? D/wpa_supplicant: P2P: Add operating class 116
2021-08-16 17:47:57.329 18199-18199/? D/wpa_supplicant: P2P: Channels - hexdump(len=2): 24 2c
2021-08-16 17:47:57.329 18199-18199/? D/wpa_supplicant: P2P: Add operating class 117
2021-08-16 17:47:57.329 18199-18199/? D/wpa_supplicant: P2P: Channels - hexdump(len=2): 28 30
2021-08-16 17:47:57.329 18199-18199/? D/wpa_supplicant: P2P: Add operating class 124
2021-08-16 17:47:57.329 18199-18199/? D/wpa_supplicant: P2P: Channels - hexdump(len=4): 95 99 9d a1
2021-08-16 17:47:57.329 18199-18199/? D/wpa_supplicant: P2P: Add operating class 125
2021-08-16 17:47:57.329 18199-18199/? D/wpa_supplicant: P2P: Channels - hexdump(len=5): 95 99 9d a1 a5
2021-08-16 17:47:57.329 18199-18199/? D/wpa_supplicant: P2P: Add operating class 126
2021-08-16 17:47:57.329 18199-18199/? D/wpa_supplicant: P2P: Channels - hexdump(len=2): 95 9d
2021-08-16 17:47:57.329 18199-18199/? D/wpa_supplicant: P2P: Add operating class 127
2021-08-16 17:47:57.329 18199-18199/? D/wpa_supplicant: P2P: Channels - hexdump(len=2): 99 a1
2021-08-16 17:47:57.329 18199-18199/? D/wpa_supplicant: P2P: Add operating class 130
2021-08-16 17:47:57.329 18199-18199/? D/wpa_supplicant: P2P: Channels - hexdump(len=8): 24 28 2c 30 34 38 3c 40
2021-08-16 17:47:57.329 18199-18199/? D/wpa_supplicant: P2P: Update channel list
2021-08-16 17:47:57.330 18199-18199/? D/wpa_supplicant: P2P: channels: 81:1,2,3,4,5,6,7,8,9,10,11,12,13 115:36,40,44,48 116:36,44 117:40,48 124:149,153,157,161 125:149,153,157,161,165 126:149,157 127:153,161 130:36,40,44,48,52,56,60,64
2021-08-16 17:47:57.330 18199-18199/? D/wpa_supplicant: P2P: cli_channels:
2021-08-16 17:47:57.330 18199-18199/? D/wpa_supplicant: CTRL-DEBUG: global_ctrl_sock-sendto: sock=8 sndbuf=163840 outq=0 send_len=3
2021-08-16 17:47:57.330 3609-4690/? D/WifiCountryCode: Succeeded to set country code to: CL
2021-08-16 17:47:57.335 5052-5128/? W/QCNEJ: |CORE| network lost: 111
2021-08-16 17:47:57.336 5052-5128/? W/QCNEJ: |CORE| onLost: unbind the process to WIFI
2021-08-16 17:47:57.343 3609-4690/? I/WifiConnectivityManager: Set WiFi disabled
2021-08-16 17:47:57.343 3609-4690/? D/wifi: android_net_wifi_reset_alert_handler = 0x8faa6840
2021-08-16 17:47:57.343 3609-4690/? D/wifi: android_net_wifi_reset_log_handler = 0x8faa6840
2021-08-16 17:47:57.343 3609-4690/? D/wifi: android_net_wifi_start_logging_ring_buffer = 0x8faa6840
2021-08-16 17:47:57.343 3609-4690/? D/wifi: start logging for ring power_events_rb
2021-08-16 17:47:57.344 3609-4690/? D/wifi: android_net_wifi_start_logging_ring_buffer = 0x8faa6840
2021-08-16 17:47:57.344 3609-4690/? D/wifi: start logging for ring connectivity_events_rb
2021-08-16 17:47:57.344 3609-4690/? D/wifi: android_net_wifi_start_logging_ring_buffer = 0x8faa6840
2021-08-16 17:47:57.344 3609-4690/? D/wifi: start logging for ring pkt_stats_rb
2021-08-16 17:47:57.345 3609-4690/? D/wifi: android_net_wifi_start_logging_ring_buffer = 0x8faa6840
2021-08-16 17:47:57.345 3609-4690/? D/wifi: start logging for ring driver_prints_rb
2021-08-16 17:47:57.345 3609-4690/? D/wifi: android_net_wifi_start_logging_ring_buffer = 0x8faa6840
2021-08-16 17:47:57.345 3609-4690/? D/wifi: start logging for ring firmware_prints_rb
2021-08-16 17:47:57.347 3609-3609/? D/RttService: SCAN_AVAILABLE : 1
2021-08-16 17:47:57.347 3609-4698/? I/WifiScanningService: wifi driver unloaded
2021-08-16 17:47:57.347 3609-4690/? D/WifiNetworkAgent: NetworkAgent: NetworkAgent channel lost
2021-08-16 17:47:57.347 3609-4698/? W/AlarmManager: Unrecognized alarm listener com.android.server.wifi.scanner.SupplicantWifiScannerImpl$2@736f906
2021-08-16 17:47:57.347 3609-4699/? D/RttService: EnabledState got{ when=0 what=160513 target=com.android.internal.util.StateMachine$SmHandler }
2021-08-16 17:47:57.351 3609-4690/? D/WifiNative-HAL: stopRssiMonitoring, cmdId 0
2021-08-16 17:47:57.352 3609-3832/? E/BatteryStatsService: no controller energy info supplied
2021-08-16 17:47:57.354 18199-18199/? D/wpa_supplicant: wlan0: Control interface command 'SET ps 1'
2021-08-16 17:47:57.354 18199-18199/? D/wpa_supplicant: CTRL_IFACE SET 'ps'='1'
2021-08-16 17:47:57.354 18199-18199/? D/wpa_supplicant: nl80211: set_p2p_powersave (legacy_ps=1 opp_ps=-1 ctwindow=-1)
2021-08-16 17:47:57.354 18199-18199/? D/wpa_supplicant: CTRL-DEBUG: global_ctrl_sock-sendto: sock=8 sndbuf=163840 outq=0 send_len=3
2021-08-16 17:47:57.355 18199-18199/? D/wpa_supplicant: wlan0: Control interface command 'DRIVER BTCOEXMODE 2'
2021-08-16 17:47:57.356 18199-18199/? D/wpa_supplicant: wpa_driver_nl80211_driver_cmd BTCOEXMODE 2 len = 0, 4096
2021-08-16 17:47:57.356 18199-18199/? D/wpa_supplicant: CTRL-DEBUG: global_ctrl_sock-sendto: sock=8 sndbuf=163840 outq=0 send_len=3
2021-08-16 17:47:57.358 3609-4690/? D/WifiStateMachine: SupplicantStoppingState: stopSupplicant  init.svc.wpa_supplicant=unknown init.svc.p2p_supplicant=unknown
2021-08-16 17:47:57.358 18199-18199/? D/wpa_supplicant: wlan0: Control interface command 'TERMINATE'
2021-08-16 17:47:57.358 18199-18199/? D/wpa_supplicant: CTRL-DEBUG: global_ctrl_sock-sendto: sock=8 sndbuf=163840 outq=0 send_len=3
2021-08-16 17:47:57.358 18199-18199/? D/wpa_supplicant: wlan0: Removing interface wlan0
2021-08-16 17:47:57.358 18199-18199/? D/wpa_supplicant: wlan0: Request to deauthenticate - bssid=cc:ed:dc:53:bf:29 pending_bssid=00:00:00:00:00:00 reason=3 state=COMPLETED
2021-08-16 17:47:57.359 18199-18199/? D/wpa_supplicant: TDLS: Tear down peers
2021-08-16 17:47:57.359 18199-18199/? D/wpa_supplicant: wpa_driver_nl80211_disconnect(reason_code=3)
2021-08-16 17:47:57.359 4999-4999/? I/NetworkConnectChangedReceiver: enableWifiAssistant =false
2021-08-16 17:47:57.379 3609-18409/? D/DhcpClient: Receive thread stopped
2021-08-16 17:47:57.383 3609-3634/? D/ConnectivityService: requestNetwork for uid/pid:10133/8593 NetworkRequest [ TRACK_DEFAULT id=18, [ Capabilities: INTERNET&NOT_RESTRICTED&TRUSTED&NOT_VPN] ]
2021-08-16 17:47:57.387 8593-8593/? D/[viewModel.cellularConnectionStatus]: not started
2021-08-16 17:47:57.396 5070-5070/? D/TelephonyProvider: subIdString = 6 subId = 6
2021-08-16 17:47:57.410 18199-18199/? D/wpa_supplicant: wlan0: Event DEAUTH (12) received
2021-08-16 17:47:57.411 18199-18199/? D/wpa_supplicant: wlan0: Deauthentication notification
2021-08-16 17:47:57.411 18199-18199/? D/wpa_supplicant: wlan0:  * reason 3 (locally generated)
2021-08-16 17:47:57.411 18199-18199/? D/wpa_supplicant: Deauthentication frame IE(s) - hexdump(len=0): [NULL]
2021-08-16 17:47:57.411 18199-18199/? I/wpa_supplicant: wlan0: CTRL-EVENT-DISCONNECTED bssid=cc:ed:dc:53:bf:29 reason=3 locally_generated=1
2021-08-16 17:47:57.411 18199-18199/? D/wpa_supplicant: CTRL-DEBUG: ctrl_sock-sendmsg: sock=8 sndbuf=163840 outq=0 send_len=76
2021-08-16 17:47:57.411 18199-18199/? D/wpa_supplicant: CTRL_IFACE monitor sent successfully to /data/misc/wifi/sockets/wpa_ctrl_3609-29\x00
2021-08-16 17:47:57.411 18199-18199/? D/wpa_supplicant: wlan0: Auto connect disabled: do not try to re-connect
2021-08-16 17:47:57.411 18199-18199/? D/wpa_supplicant: wlan0: Ignore connection failure indication since interface has been put into disconnected state
2021-08-16 17:47:57.411 18199-18199/? D/wpa_supplicant: TDLS: Remove peers on disassociation
2021-08-16 17:47:57.411 18199-18199/? D/wpa_supplicant: wlan0: WPA: Clear old PMK and PTK
2021-08-16 17:47:57.411 18199-18199/? D/wpa_supplicant: wlan0: Disconnect event - remove keys
2021-08-16 17:47:57.412 18199-18199/? D/wpa_supplicant: wpa_driver_nl80211_set_key: ifindex=34 (wlan0) alg=0 addr=0x0 key_idx=0 set_tx=0 seq_len=0 key_len=0
2021-08-16 17:47:57.412 18199-18199/? D/wpa_supplicant: wpa_driver_nl80211_set_key: ifindex=34 (wlan0) alg=0 addr=0x0 key_idx=1 set_tx=0 seq_len=0 key_len=0
2021-08-16 17:47:57.412 18199-18199/? D/wpa_supplicant: wpa_driver_nl80211_set_key: ifindex=34 (wlan0) alg=0 addr=0xa8b2aabc key_idx=0 set_tx=0 seq_len=0 key_len=0
2021-08-16 17:47:57.412 18199-18199/? D/wpa_supplicant:    addr=cc:ed:dc:53:bf:29
2021-08-16 17:47:57.413 18199-18199/? D/wpa_supplicant: wlan0: State: COMPLETED -> DISCONNECTED
2021-08-16 17:47:57.413 18199-18199/? D/wpa_supplicant: nl80211: Set wlan0 operstate 1->0 (DORMANT)
2021-08-16 17:47:57.413 18199-18199/? D/wpa_supplicant: netlink: Operstate: ifindex=34 linkmode=-1 (no change), operstate=5 (IF_OPER_DORMANT)
2021-08-16 17:47:57.413 18199-18199/? D/wpa_supplicant: CTRL-DEBUG: ctrl_sock-sendmsg: sock=8 sndbuf=163840 outq=0 send_len=76
2021-08-16 17:47:57.413 18199-18199/? D/wpa_supplicant: CTRL_IFACE monitor sent successfully to /data/misc/wifi/sockets/wpa_ctrl_3609-29\x00
2021-08-16 17:47:57.413 18199-18199/? D/wpa_supplicant: wlan0: Determining shared radio frequencies (max len 2)
2021-08-16 17:47:57.413 18199-18199/? D/wpa_supplicant: wlan0: Shared frequencies (len=0): completed iteration
2021-08-16 17:47:57.413 18199-18199/? D/wpa_supplicant: P2P: Add operating class 81
2021-08-16 17:47:57.413 18199-18199/? D/wpa_supplicant: P2P: Channels - hexdump(len=13): 01 02 03 04 05 06 07 08 09 0a 0b 0c 0d
2021-08-16 17:47:57.413 18199-18199/? D/wpa_supplicant: P2P: Add operating class 115
2021-08-16 17:47:57.414 18199-18199/? D/wpa_supplicant: P2P: Channels - hexdump(len=4): 24 28 2c 30
2021-08-16 17:47:57.414 18199-18199/? D/wpa_supplicant: P2P: Add operating class 116
2021-08-16 17:47:57.414 18199-18199/? D/wpa_supplicant: P2P: Channels - hexdump(len=2): 24 2c
2021-08-16 17:47:57.414 18199-18199/? D/wpa_supplicant: P2P: Add operating class 117
2021-08-16 17:47:57.414 18199-18199/? D/wpa_supplicant: P2P: Channels - hexdump(len=2): 28 30
2021-08-16 17:47:57.414 18199-18199/? D/wpa_supplicant: P2P: Add operating class 124
2021-08-16 17:47:57.414 18199-18199/? D/wpa_supplicant: P2P: Channels - hexdump(len=4): 95 99 9d a1
2021-08-16 17:47:57.414 18199-18199/? D/wpa_supplicant: P2P: Add operating class 125
2021-08-16 17:47:57.414 18199-18199/? D/wpa_supplicant: P2P: Channels - hexdump(len=5): 95 99 9d a1 a5
2021-08-16 17:47:57.414 18199-18199/? D/wpa_supplicant: P2P: Add operating class 126
2021-08-16 17:47:57.414 18199-18199/? D/wpa_supplicant: P2P: Channels - hexdump(len=2): 95 9d
2021-08-16 17:47:57.414 18199-18199/? D/wpa_supplicant: P2P: Add operating class 127
2021-08-16 17:47:57.414 18199-18199/? D/wpa_supplicant: P2P: Channels - hexdump(len=2): 99 a1
2021-08-16 17:47:57.414 18199-18199/? D/wpa_supplicant: P2P: Add operating class 130
2021-08-16 17:47:57.414 18199-18199/? D/wpa_supplicant: P2P: Channels - hexdump(len=8): 24 28 2c 30 34 38 3c 40
2021-08-16 17:47:57.414 18199-18199/? D/wpa_supplicant: P2P: Update channel list
2021-08-16 17:47:57.414 18199-18199/? D/wpa_supplicant: P2P: channels: 81:1,2,3,4,5,6,7,8,9,10,11,12,13 115:36,40,44,48 116:36,44 117:40,48 124:149,153,157,161 125:149,153,157,161,165 126:149,157 127:153,161 130:36,40,44,48,52,56,60,64
2021-08-16 17:47:57.414 18199-18199/? D/wpa_supplicant: P2P: cli_channels:
2021-08-16 17:47:57.414 18199-18199/? D/wpa_supplicant: EAPOL: External notification - portEnabled=0
2021-08-16 17:47:57.414 18199-18199/? D/wpa_supplicant: EAPOL: SUPP_PAE entering state DISCONNECTED
2021-08-16 17:47:57.415 18199-18199/? D/wpa_supplicant: EAPOL: Supplicant port status: Unauthorized
2021-08-16 17:47:57.415 18199-18199/? D/wpa_supplicant: nl80211: Skip set_supp_port(unauthorized) while not associated
2021-08-16 17:47:57.415 18199-18199/? D/wpa_supplicant: EAPOL: SUPP_BE entering state INITIALIZE
2021-08-16 17:47:57.415 18199-18199/? D/wpa_supplicant: EAPOL: External notification - portValid=0
2021-08-16 17:47:57.415 18199-18199/? D/wpa_supplicant: EAPOL: External notification - EAP success=0
2021-08-16 17:47:57.415 18199-18199/? E/wpa_supplicant: eap_proxy: eap_proxy_notify_config
2021-08-16 17:47:57.415 18199-18199/? D/wpa_supplicant: wlan0: State: DISCONNECTED -> DISCONNECTED
2021-08-16 17:47:57.415 18199-18199/? D/wpa_supplicant: nl80211: Set wlan0 operstate 0->0 (DORMANT)
2021-08-16 17:47:57.415 18199-18199/? D/wpa_supplicant: netlink: Operstate: ifindex=34 linkmode=-1 (no change), operstate=5 (IF_OPER_DORMANT)
2021-08-16 17:47:57.415 18199-18199/? D/wpa_supplicant: EAPOL: External notification - portEnabled=0
2021-08-16 17:47:57.415 18199-18199/? D/wpa_supplicant: EAP: EAP entering state DISABLED
2021-08-16 17:47:57.415 18199-18199/? D/wpa_supplicant: EAPOL: External notification - portValid=0
2021-08-16 17:47:57.415 18199-18199/? E/wpa_supplicant: eap_proxy: eap_proxy_notify_config
2021-08-16 17:47:57.415 18199-18199/? E/wpa_supplicant: eap_proxy: eap_proxy_notify_config
2021-08-16 17:47:57.418 3609-3832/? E/BatteryStatsService: no controller energy info supplied
2021-08-16 17:47:57.429 568-568/? I/cnss-daemon: RTM_NEWNEIGH message received: 28
2021-08-16 17:47:57.429 568-568/? E/cnss-daemon: Stale or unreachable neighbors, ndm state: 4
2021-08-16 17:47:57.463 18199-18199/? E/wpa_supplicant: eap_proxy: session not started for client = 1
2021-08-16 17:47:57.475 562-4629/? V/IdletimerController: runCmd(/system/bin/ip6tables -w -W 10000 -t raw -D idletimer_raw_PREROUTING -i wlan0 -j IDLETIMER --timeout 15 --label 1 --send_nl_msg 1) res_ipv4=0, res_ipv6=0
2021-08-16 17:47:57.547 568-568/? I/cnss-daemon: RTM_NEWROUTE Indication
2021-08-16 17:47:57.547 568-568/? I/cnss-daemon: RTM_NEWROUTE Indication
2021-08-16 17:47:57.558 18199-18199/? E/wpa_supplicant: eap_proxy: Released QMI UIM service client
2021-08-16 17:47:57.567 562-4629/? V/IdletimerController: runCmd(/system/bin/ip6tables -w -W 10000 -t mangle -D idletimer_mangle_POSTROUTING -o wlan0 -j IDLETIMER --timeout 15 --label 1 --send_nl_msg 1) res_ipv4=0, res_ipv6=0
2021-08-16 17:47:57.567 562-4629/? D/CommandListener: Setting iface cfg
2021-08-16 17:47:57.569 562-4621/? I/Netd: Destroyed 1 sockets on 192.168.1.96 in 1.0 ms
2021-08-16 17:47:57.570 3609-4700/? D/ConnectivityService: Sending DISCONNECTED broadcast for type 1 NetworkAgentInfo [WIFI () - 111] isDefaultNetwork=true
2021-08-16 17:47:57.570 6062-18841/? E/MPUSH: read packet ex, do reconnect
    java.io.IOException: Software caused connection abort
        at sun.nio.ch.FileDispatcherImpl.read0(Native Method)
        at sun.nio.ch.SocketDispatcher.read(SocketDispatcher.java:43)
        at sun.nio.ch.IOUtil.readIntoNativeBuffer(IOUtil.java:223)
        at sun.nio.ch.IOUtil.read(IOUtil.java:192)
        at sun.nio.ch.SocketChannelImpl.read(SocketChannelImpl.java:382)
        at OooO00o.OooO0O0.OooO0O0.OooO00o.OooO0Oo(AsyncPacketReader.java:1)
        at OooO00o.OooO0O0.OooO0O0.OooO00o.run(AsyncPacketReader.java:4)
        at java.lang.Thread.run(Thread.java:761)
2021-08-16 17:47:57.574 4999-4999/? I/NetworkConnectChangedReceiver: enableWifiAssistant =false
2021-08-16 17:47:57.576 3609-3609/? I/NetworkPolicy: 	mCurrNetWork === -1
2021-08-16 17:47:57.577 5804-5804/? D/OTA/BootBroadcastReceiver: NET false
2021-08-16 17:47:57.580 4743-5398/? D/TelephonyIcons: updateDataType slot=0, type=13, inetCondition=1 showAtLeast3G=false show4GforLte=true hspaDistinguishable=false
2021-08-16 17:47:57.584 6062-6062/? W/ContextImpl: Calling a method in the system process without a qualified user: android.app.ContextImpl.startService:1432 android.content.ContextWrapper.startService:620 android.content.ContextWrapper.startService:620 com.pax.market.android.app.presentation.common.receiver.ConnectivityChangeReceiver.onReceive:3 android.app.ActivityThread.handleReceiver:3041 
2021-08-16 17:47:57.589 4743-5398/? D/TelephonyIcons: data type item name: array/telephony_data_type_sim1 id:2131427376
2021-08-16 17:47:57.590 4743-5398/? D/TelephonyIcons: updateDataType mSelectedDataTypeIcon[0]=2130838284, mSelectedDataActivityIndex=5
2021-08-16 17:47:57.591 4743-5398/? D/TelephonyIcons: getSignalStrengthIcon: slot=0, inetCondition=1, level=4, roaming=false
2021-08-16 17:47:57.592 4743-5398/? D/TelephonyIcons: signalStrengthArray.length=9
2021-08-16 17:47:57.593 4743-5398/? D/TelephonyIcons: selectedTypeArray.length=2
2021-08-16 17:47:57.594 4743-5398/? D/TelephonyIcons: inetArray.length=5
2021-08-16 17:47:57.597 6062-18871/? D/ConnectivityChangeService -: Net shutdown 
2021-08-16 17:47:57.603 6062-6062/? W/ContextImpl: Calling a method in the system process without a qualified user: android.app.ContextImpl.startService:1432 android.content.ContextWrapper.startService:620 android.content.ContextWrapper.startService:620 com.pax.market.android.app.push.mpush.MPushReceiver.onReceive:22 android.app.ActivityThread.handleReceiver:3041 
2021-08-16 17:47:57.610 6062-6062/? W/ContextImpl: Calling a method in the system process without a qualified user: android.app.ContextImpl.startService:1432 android.content.ContextWrapper.startService:620 com.pax.market.android.app.push.mpush.MPushReceiver.OooO0O0:6 com.pax.market.android.app.push.mpush.MPushReceiver.onReceive:23 android.app.ActivityThread.handleReceiver:3041 
2021-08-16 17:47:57.619 568-568/? I/cnss-daemon: RTM_NEWROUTE Indication
2021-08-16 17:47:57.619 568-568/? I/cnss-daemon: RTM_NEWROUTE Indication
2021-08-16 17:47:57.619 568-568/? I/cnss-daemon: RTM_NEWROUTE Indication
2021-08-16 17:47:57.620 568-568/? I/cnss-daemon: RTM_NEWROUTE Indication
2021-08-16 17:47:57.625 4743-5398/? D/TelephonyIcons: null signal icon name: drawable/stat_sys_signal_null
2021-08-16 17:47:57.625 6062-18873/? I/NetStateChangeService: MPush onNetStateChange: false
2021-08-16 17:47:57.626 6062-18873/? I/MPUSH: network state change, isConnected=false, connection=TcpConnection{state=connected, channel=java.nio.channels.SocketChannel[connected local=/192.168.1.96:9224 remote=mpush2.whatspos.com/63.35.167.102:3000], lastReadTime=1629150472995, lastWriteTime=1629150472785, totalReconnectCount=8, reconnectCount=0, autoConnect=false}
2021-08-16 17:47:57.626 4743-5398/? D/TelephonyIcons: getDataTypeIcon sub=0
2021-08-16 17:47:57.631 6062-18878/? E/AlarmService: operation is not null, cancel it!!
2021-08-16 17:47:57.639 698-18875/? E/QC-QMI: qmi_client [698] 1d3: failed to locate client data
2021-08-16 17:47:57.641 764-764/? E/QC-DS-LIB: qmuxd: RX on fd=18 returned error=0 errno[2:No such file or directory]
2021-08-16 17:47:57.641 764-764/? E/QC-QMI: QMUX qmux_client_id=1d3 not found in qmux client list, unable to remove
2021-08-16 17:47:57.649 18199-18199/? E/wpa_supplicant: eap_proxy: Released QMI EAP service client
2021-08-16 17:47:57.649 18199-18199/? E/wpa_supplicant: eap_proxy: session not started for client = 2
2021-08-16 17:47:57.651 698-18884/? E/QC-QMI: qmi_client [698] 1d4: failed to locate client data
2021-08-16 17:47:57.653 764-764/? E/QC-DS-LIB: qmuxd: RX on fd=18 returned error=0 errno[2:No such file or directory]
2021-08-16 17:47:57.653 764-764/? E/QC-QMI: QMUX qmux_client_id=1d4 not found in qmux client list, unable to remove
2021-08-16 17:47:57.663 698-18893/? E/QC-QMI: qmi_client [698] 1d5: failed to locate client data
2021-08-16 17:47:57.665 764-764/? E/QC-DS-LIB: qmuxd: RX on fd=18 returned error=0 errno[2:No such file or directory]
2021-08-16 17:47:57.665 764-764/? E/QC-QMI: QMUX qmux_client_id=1d5 not found in qmux client list, unable to remove
2021-08-16 17:47:57.680 698-18902/? E/QC-QMI: qmi_client [698] 1d6: failed to locate client data
2021-08-16 17:47:57.681 764-764/? E/QC-DS-LIB: qmuxd: RX on fd=18 returned error=0 errno[2:No such file or directory]
2021-08-16 17:47:57.681 764-764/? E/QC-QMI: QMUX qmux_client_id=1d6 not found in qmux client list, unable to remove
2021-08-16 17:47:57.701 698-18912/? E/QC-QMI: qmi_client [698] 1d7: failed to locate client data
2021-08-16 17:47:57.708 764-764/? E/QC-DS-LIB: qmuxd: RX on fd=18 returned error=0 errno[2:No such file or directory]
2021-08-16 17:47:57.708 764-764/? E/QC-QMI: QMUX qmux_client_id=1d7 not found in qmux client list, unable to remove
2021-08-16 17:47:57.721 698-18921/? E/QC-QMI: qmi_client [698] 1d8: failed to locate client data
2021-08-16 17:47:57.723 764-764/? E/QC-DS-LIB: qmuxd: RX on fd=18 returned error=0 errno[2:No such file or directory]
2021-08-16 17:47:57.723 764-764/? E/QC-QMI: QMUX qmux_client_id=1d8 not found in qmux client list, unable to remove
2021-08-16 17:47:57.739 18199-18199/? E/wpa_supplicant: eap_proxy: Released QMI UIM service client
2021-08-16 17:47:57.849 562-4629/? E/Netd: netlink response contains error (No such file or directory)
2021-08-16 17:47:57.855 5070-5070/? D/PhoneSwitcherNetworkRequstListener: got request NetworkRequest [ TRACK_DEFAULT id=18, [ Capabilities: INTERNET&NOT_RESTRICTED&TRUSTED&NOT_VPN] ] with score 0
2021-08-16 17:47:57.856 3609-4726/? D/Ethernet: got request NetworkRequest [ TRACK_DEFAULT id=18, [ Capabilities: INTERNET&NOT_RESTRICTED&TRUSTED&NOT_VPN] ] with score 0
2021-08-16 17:47:57.856 3609-4690/? D/WIFI: got request NetworkRequest [ TRACK_DEFAULT id=18, [ Capabilities: INTERNET&NOT_RESTRICTED&TRUSTED&NOT_VPN] ] with score 0
2021-08-16 17:47:57.856 3609-4690/? D/WIFI_UT: got request NetworkRequest [ TRACK_DEFAULT id=18, [ Capabilities: INTERNET&NOT_RESTRICTED&TRUSTED&NOT_VPN] ] with score 0
2021-08-16 17:47:57.859 5070-5070/? E/QtiRilInterface: instance = com.qualcomm.qti.internal.telephony.QtiRilInterface@9e2eae8
2021-08-16 17:47:57.864 562-4629/? D/CommandListener: Clearing all IP addresses on wlan0
2021-08-16 17:47:57.864 5070-5070/? D/QC_RIL_OEM_HOOK: dds phoneId: 0
2021-08-16 17:47:57.864 5070-5070/? V/QC_RIL_OEM_HOOK: sendRilOemHookMsg: Outgoing Data is 514f454d484f4f4b270008000400000000000000
2021-08-16 17:47:57.868 5365-5365/? D/QcrilMsgTunnelIfaceManager: handleMessage what = 1
2021-08-16 17:47:57.873 18199-18199/? E/wpa_supplicant: eap_proxy: Released QMI EAP service client
2021-08-16 17:47:57.873 5365-5365/? D/QcrilMsgTunnelIfaceManager: handleMessage what = 2
2021-08-16 17:47:57.873 18199-18199/? I/wpa_supplicant: eap_proxy: eap_proxy Deinitialzed
2021-08-16 17:47:57.874 5070-5070/? D/QC_RIL_OEM_HOOK: sendOemRilRequestRaw returns value = 0
2021-08-16 17:47:57.874 5070-5070/? D/QC_RIL_OEM_HOOK: dds phoneId: 0
2021-08-16 17:47:57.875 5070-5070/? V/QC_RIL_OEM_HOOK: sendRilOemHookMsg: Outgoing Data is 514f454d484f4f4b270008000400000000000000
2021-08-16 17:47:57.875 5365-5365/? D/QcrilMsgTunnelIfaceManager: handleMessage what = 1
2021-08-16 17:47:57.877 5365-5365/? D/QcrilMsgTunnelIfaceManager: handleMessage what = 0
2021-08-16 17:47:57.883 5365-5365/? D/QcrilMsgTunnelIfaceManager: handleMessage what = 2
2021-08-16 17:47:57.883 5365-5365/? D/QcrilMsgTunnelIfaceManager: handleMessage what = 0
2021-08-16 17:47:57.883 5070-5070/? D/QC_RIL_OEM_HOOK: sendOemRilRequestRaw returns value = 0
2021-08-16 17:47:57.892 5070-5070/? D/QC_RIL_OEM_HOOK: Received Broadcast Intent ACTION_UNSOL_RESPONSE_OEM_HOOK_RAW
2021-08-16 17:47:57.892 5070-5070/? D/QC_RIL_OEM_HOOK: Oem ID in QCRILHOOK UNSOL RESP is QOEMHOOK
2021-08-16 17:47:57.892 5070-5070/? D/QC_RIL_OEM_HOOK: Received Broadcast Intent ACTION_UNSOL_RESPONSE_OEM_HOOK_RAW
2021-08-16 17:47:57.893 5070-5070/? D/QC_RIL_OEM_HOOK: Oem ID in QCRILHOOK UNSOL RESP is QOEMHOOK
2021-08-16 17:47:57.893 5070-5070/? D/QC_RIL_OEM_HOOK: Received Broadcast Intent ACTION_UNSOL_RESPONSE_OEM_HOOK_RAW
2021-08-16 17:47:57.893 5070-5070/? D/QC_RIL_OEM_HOOK: Oem ID in QCRILHOOK UNSOL RESP is QOEMHOOK
2021-08-16 17:47:57.895 5070-5070/? D/QC_RIL_OEM_HOOK: Received Broadcast Intent ACTION_UNSOL_RESPONSE_OEM_HOOK_RAW
2021-08-16 17:47:57.896 5070-5070/? D/QC_RIL_OEM_HOOK: Oem ID in QCRILHOOK UNSOL RESP is QOEMHOOK
2021-08-16 17:47:57.896 5070-5070/? D/QC_RIL_OEM_HOOK: Received Broadcast Intent ACTION_UNSOL_RESPONSE_OEM_HOOK_RAW
2021-08-16 17:47:57.896 5070-5070/? D/QC_RIL_OEM_HOOK: Oem ID in QCRILHOOK UNSOL RESP is QOEMHOOK
2021-08-16 17:47:57.896 5070-5070/? D/QC_RIL_OEM_HOOK: Received Broadcast Intent ACTION_UNSOL_RESPONSE_OEM_HOOK_RAW
2021-08-16 17:47:57.896 5070-5070/? D/QC_RIL_OEM_HOOK: Oem ID in QCRILHOOK UNSOL RESP is QOEMHOOK
2021-08-16 17:47:57.940 18199-18199/? D/wpa_supplicant: wlan0: WPA: Clear old PMK and PTK
2021-08-16 17:47:57.940 18199-18199/? D/wpa_supplicant: wlan0: BSS: Remove id 3 BSSID 40:0d:10:29:06:cf SSID 'VTR-2077238' due to wpa_bss_flush
2021-08-16 17:47:57.940 18199-18199/? D/wpa_supplicant: CTRL-DEBUG: ctrl_sock-sendmsg: sock=8 sndbuf=163840 outq=0 send_len=42
2021-08-16 17:47:57.941 18199-18199/? D/wpa_supplicant: CTRL_IFACE monitor sent successfully to /data/misc/wifi/sockets/wpa_ctrl_3609-29\x00
2021-08-16 17:47:57.941 18199-18199/? D/wpa_supplicant: wlan0: BSS: Remove id 4 BSSID 78:29:ed:72:32:42 SSID 'movistar5GHZ_723242' due to wpa_bss_flush
2021-08-16 17:47:57.941 18199-18199/? D/wpa_supplicant: CTRL-DEBUG: ctrl_sock-sendmsg: sock=8 sndbuf=163840 outq=448 send_len=42
2021-08-16 17:47:57.941 18199-18199/? D/wpa_supplicant: CTRL_IFACE monitor sent successfully to /data/misc/wifi/sockets/wpa_ctrl_3609-29\x00
2021-08-16 17:47:57.941 18199-18199/? D/wpa_supplicant: wlan0: BSS: Remove id 0 BSSID cc:ed:dc:53:bf:21 SSID 'DANIELA' due to wpa_bss_flush
2021-08-16 17:47:57.941 18199-18199/? D/wpa_supplicant: CTRL-DEBUG: ctrl_sock-sendmsg: sock=8 sndbuf=163840 outq=0 send_len=42
2021-08-16 17:47:57.941 18199-18199/? D/wpa_supplicant: CTRL_IFACE monitor sent successfully to /data/misc/wifi/sockets/wpa_ctrl_3609-29\x00
2021-08-16 17:47:57.941 18199-18199/? D/wpa_supplicant: wlan0: BSS: Remove id 2 BSSID cc:ed:dc:53:bf:29 SSID 'DANIELA 5G' due to wpa_bss_flush
2021-08-16 17:47:57.942 18199-18199/? D/wpa_supplicant: CTRL-DEBUG: ctrl_sock-sendmsg: sock=8 sndbuf=163840 outq=0 send_len=42
2021-08-16 17:47:57.943 18199-18199/? D/wpa_supplicant: CTRL_IFACE monitor sent successfully to /data/misc/wifi/sockets/wpa_ctrl_3609-29\x00
2021-08-16 17:47:57.943 18199-18199/? D/wpa_supplicant: wlan0: BSS: Remove id 1 BSSID c6:ed:dc:53:bf:29 SSID 'DANIELA' due to wpa_bss_flush
2021-08-16 17:47:57.943 18199-18199/? D/wpa_supplicant: CTRL-DEBUG: ctrl_sock-sendmsg: sock=8 sndbuf=163840 outq=0 send_len=42
2021-08-16 17:47:57.943 18199-18199/? D/wpa_supplicant: CTRL_IFACE monitor sent successfully to /data/misc/wifi/sockets/wpa_ctrl_3609-29\x00
2021-08-16 17:47:57.943 18199-18199/? D/wpa_supplicant: wlan0: BSS: Remove id 5 BSSID e4:ab:89:05:cf:90 SSID 'Martin 2.4' due to wpa_bss_flush
2021-08-16 17:47:57.943 18199-18199/? D/wpa_supplicant: CTRL-DEBUG: ctrl_sock-sendmsg: sock=8 sndbuf=163840 outq=0 send_len=42
2021-08-16 17:47:57.943 18199-18199/? D/wpa_supplicant: CTRL_IFACE monitor sent successfully to /data/misc/wifi/sockets/wpa_ctrl_3609-29\x00
2021-08-16 17:47:57.943 18199-18199/? D/wpa_supplicant: wlan0: Cancelling delayed sched scan
2021-08-16 17:47:57.944 18199-18199/? D/wpa_supplicant: wlan0: Cancelling scan request
2021-08-16 17:47:57.944 18199-18199/? D/wpa_supplicant: wlan0: Cancelling authentication timeout
2021-08-16 17:47:57.944 18199-18199/? D/wpa_supplicant: Off-channel: Clear pending Action frame TX (pending_action_tx=0x0
2021-08-16 17:47:57.944 18199-18199/? D/wpa_supplicant: HS20: Delete all stored icons
2021-08-16 17:47:57.944 18199-18199/? D/wpa_supplicant: Remove interface wlan0 from radio phy6
2021-08-16 17:47:57.944 18199-18199/? I/wpa_supplicant: nl80211: deinit ifname=wlan0 disabled_11b_rates=0
2021-08-16 17:47:58.009 18199-18199/? D/wpa_supplicant: nl80211: Remove monitor interface: refcount=0
2021-08-16 17:47:58.009 18199-18199/? D/wpa_supplicant: netlink: Operstate: ifindex=34 linkmode=0 (kernel-control), operstate=6 (IF_OPER_UP)
2021-08-16 17:47:58.009 18199-18199/? D/wpa_supplicant: nl80211: Set mode ifindex 34 iftype 2 (STATION)
2021-08-16 17:47:58.010 18199-18199/? D/wpa_supplicant: nl80211: Unsubscribe mgmt frames handle 0x2039e939 (mode change)
2021-08-16 17:47:58.010 18199-18199/? I/wpa_supplicant: wlan0: CTRL-EVENT-TERMINATING 
2021-08-16 17:47:58.010 18199-18199/? D/wpa_supplicant: CTRL-DEBUG: ctrl_sock-sendmsg: sock=8 sndbuf=163840 outq=0 send_len=23
2021-08-16 17:47:58.011 18199-18199/? D/wpa_supplicant: CTRL_IFACE monitor sent successfully to /data/misc/wifi/sockets/wpa_ctrl_3609-29\x00
2021-08-16 17:47:58.011 18199-18199/? D/wpa_supplicant: Control interface directory not empty - leaving it behind
2021-08-16 17:47:58.011 18199-18199/? D/wpa_supplicant: p2p0: Removing interface p2p0
2021-08-16 17:47:58.012 18199-18199/? D/wpa_supplicant: p2p0: Request to deauthenticate - bssid=00:00:00:00:00:00 pending_bssid=00:00:00:00:00:00 reason=3 state=DISCONNECTED
2021-08-16 17:47:58.012 18199-18199/? D/wpa_supplicant: TDLS: Tear down peers
2021-08-16 17:47:58.012 18199-18199/? D/wpa_supplicant: p2p0: State: DISCONNECTED -> DISCONNECTED
2021-08-16 17:47:58.012 18199-18199/? D/wpa_supplicant: nl80211: Set p2p0 operstate 0->0 (DORMANT)
2021-08-16 17:47:58.012 18199-18199/? D/wpa_supplicant: netlink: Operstate: ifindex=35 linkmode=-1 (no change), operstate=5 (IF_OPER_DORMANT)
2021-08-16 17:47:58.012 18199-18199/? D/wpa_supplicant: EAPOL: External notification - portEnabled=0
2021-08-16 17:47:58.012 18199-18199/? D/wpa_supplicant: EAPOL: External notification - portValid=0
2021-08-16 17:47:58.012 18199-18199/? E/wpa_supplicant: eap_proxy: eap_proxy_notify_config
2021-08-16 17:47:58.012 18199-18199/? E/wpa_supplicant: eap_proxy: eap_proxy_notify_config
2021-08-16 17:47:58.060 3609-5081/? D/ConnectivityService: registerNetworkAgent NetworkAgentInfo{ ni{[type: MOBILE[LTE], state: CONNECTED/CONNECTED, reason: connected, extra: M2M.ENTEL.CL, failover: false, available: true, roaming: false, metered: true]}  network{112}  nethandle{481052773086}  lp{{InterfaceName: rmnet_data0 LinkAddresses: [10.4.181.125/30,]  Routes: [0.0.0.0/0 -> 10.4.181.126 rmnet_data0,] DnsAddresses: [172.18.150.65,172.18.150.66,] Domains: null MTU: 1500 TcpBufferSizes: 2097152,4194304,8388608,262144,524288,1048576}}  nc{[ Transports: CELLULAR Capabilities: SUPL&INTERNET&NOT_RESTRICTED&TRUSTED&NOT_VPN LinkUpBandwidth>=51200Kbps LinkDnBandwidth>=102400Kbps Specifier: <6>]}  Score{10}  everValidated{false}  lastValidated{false}  created{false} lingering{false} explicitlySelected{false} acceptUnvalidated{false} everCaptivePortalDetected{false} lastCaptivePortalDetected{false} }
2021-08-16 17:47:58.060 3609-4700/? D/ConnectivityService: NetworkAgentInfo [MOBILE (LTE) - 112] EVENT_NETWORK_INFO_CHANGED, going from null to CONNECTED
2021-08-16 17:47:58.062 18199-18199/? E/wpa_supplicant: eap_proxy: session not started for client = 1
2021-08-16 17:47:58.071 6062-18841/? W/MPUSH: read an error, do reconnect!!!
2021-08-16 17:47:58.072 6062-18841/? I/MPUSH: stop write packet, remove all packet write tasks [totalCount=0, successCount=0]
2021-08-16 17:47:58.072 6062-18841/? W/MPUSH: channel closed !!!
2021-08-16 17:47:58.073 6062-18841/? W/MPUSH: connection closed !!!
2021-08-16 17:47:58.073 6062-14541/? I/MPushService -: mpush onDisConnected
2021-08-16 17:47:58.079 6062-14541/? W/ContextImpl: Calling a method in the system process without a qualified user: android.app.ContextImpl.startService:1432 android.content.ContextWrapper.startService:620 com.pax.market.android.app.push.mpush.MPushReceiver.OooO00o:5 com.pax.market.android.app.push.mpush.MPushService.OooO0o0:2 com.mpush.client.OooO$OooO0O0.run:2 
2021-08-16 17:47:58.082 6062-18980/? W/MPUSH: doReconnect failure reconnect count over limit or autoConnect off, total=8, state=connecting, autoConnect=false
2021-08-16 17:47:58.084 6062-14541/? D/MPushService -: MPushService L274>>> START POLLING ALARM
2021-08-16 17:47:58.088 6062-14541/? W/ContextImpl: Calling a method in the system process without a qualified user: android.app.ContextImpl.startService:1432 android.content.ContextWrapper.startService:620 com.pax.market.android.app.push.mpush.MPushReceiver.OooO0o0:9 com.pax.market.android.app.push.mpush.MPushService.OooO0o0:5 com.mpush.client.OooO$OooO0O0.run:2 
2021-08-16 17:47:58.090 6062-18982/? E/AlarmService: operation is not null, cancel it!!
2021-08-16 17:47:58.091 6062-14541/? W/MPushService: >>> onDisConnected, client handshakeOk is true startPollingAlarm...
2021-08-16 17:47:58.092 6062-14541/? W/MPushService -: mpush onDisConnected, handshakeOk true> try reset
2021-08-16 17:47:58.092 6062-14541/? I/MPushService: >>> onDisConnected, client reset handshakeOk to false...
2021-08-16 17:47:58.093 6062-14541/? W/ContextImpl: Calling a method in the system process without a qualified user: android.app.ContextImpl.sendBroadcast:952 android.content.ContextWrapper.sendBroadcast:428 com.pax.market.android.app.push.mpush.MPushService.OooO0o0:17 com.mpush.client.OooO$OooO0O0.run:2 java.util.concurrent.ThreadPoolExecutor.runWorker:1133 
2021-08-16 17:47:58.098 6062-6062/? I/ConnChangeReceiver: On mpush disconnect.....time millis:1629150478098
2021-08-16 17:47:58.099 6062-6062/? W/ContextImpl: Calling a method in the system process without a qualified user: android.app.ContextImpl.startService:1432 android.content.ContextWrapper.startService:620 android.content.ContextWrapper.startService:620 com.pax.market.android.app.presentation.pushbiz.receiver.PushConnectChangeReceiver.onReceive:5 android.app.ActivityThread.handleReceiver:3041 
2021-08-16 17:47:58.120 4743-5398/? D/TelephonyIcons: updateDataType slot=0, type=13, inetCondition=1 showAtLeast3G=false show4GforLte=true hspaDistinguishable=false
2021-08-16 17:47:58.121 4743-5398/? D/TelephonyIcons: data type item name: array/telephony_data_type_sim1 id:2131427376
2021-08-16 17:47:58.122 4743-5398/? D/TelephonyIcons: updateDataType mSelectedDataTypeIcon[0]=2130838284, mSelectedDataActivityIndex=5
2021-08-16 17:47:58.123 4743-5398/? D/TelephonyIcons: getSignalStrengthIcon: slot=0, inetCondition=1, level=4, roaming=false
2021-08-16 17:47:58.125 4743-5398/? D/TelephonyIcons: signalStrengthArray.length=9
2021-08-16 17:47:58.126 4743-5398/? D/TelephonyIcons: selectedTypeArray.length=2
2021-08-16 17:47:58.127 4743-5398/? D/TelephonyIcons: inetArray.length=5
2021-08-16 17:47:58.131 4743-5398/? D/TelephonyIcons: getDataActivity, slot=0, activity=4
2021-08-16 17:47:58.136 4743-5398/? D/TelephonyIcons: null signal icon name: drawable/stat_sys_signal_null
2021-08-16 17:47:58.137 4743-5398/? D/TelephonyIcons: getDataTypeIcon sub=0
2021-08-16 17:47:58.139 4743-5398/? D/TelephonyIcons: updateDataType slot=0, type=13, inetCondition=1 showAtLeast3G=false show4GforLte=true hspaDistinguishable=false
2021-08-16 17:47:58.140 4743-5398/? D/TelephonyIcons: data type item name: array/telephony_data_type_sim1 id:2131427376
2021-08-16 17:47:58.141 4743-5398/? D/TelephonyIcons: updateDataType mSelectedDataTypeIcon[0]=2130838284, mSelectedDataActivityIndex=5
2021-08-16 17:47:58.141 4743-5398/? D/TelephonyIcons: getSignalStrengthIcon: slot=0, inetCondition=1, level=4, roaming=false
2021-08-16 17:47:58.143 4743-5398/? D/TelephonyIcons: signalStrengthArray.length=9
2021-08-16 17:47:58.144 4743-5398/? D/TelephonyIcons: selectedTypeArray.length=2
2021-08-16 17:47:58.145 4743-5398/? D/TelephonyIcons: inetArray.length=5
2021-08-16 17:47:58.147 4743-5398/? D/TelephonyIcons: getDataActivity, slot=0, activity=4
2021-08-16 17:47:58.151 4743-5398/? D/TelephonyIcons: null signal icon name: drawable/stat_sys_signal_null
2021-08-16 17:47:58.152 4743-5398/? D/TelephonyIcons: getDataTypeIcon sub=0
2021-08-16 17:47:58.153 4743-5398/? D/TelephonyIcons: updateDataType slot=0, type=13, inetCondition=1 showAtLeast3G=false show4GforLte=true hspaDistinguishable=false
2021-08-16 17:47:58.154 4743-5398/? D/TelephonyIcons: data type item name: array/telephony_data_type_sim1 id:2131427376
2021-08-16 17:47:58.156 4743-5398/? D/TelephonyIcons: updateDataType mSelectedDataTypeIcon[0]=2130838284, mSelectedDataActivityIndex=5
2021-08-16 17:47:58.156 4743-5398/? D/TelephonyIcons: getSignalStrengthIcon: slot=0, inetCondition=1, level=4, roaming=false
2021-08-16 17:47:58.157 4743-5398/? D/TelephonyIcons: signalStrengthArray.length=9
2021-08-16 17:47:58.158 18199-18199/? E/wpa_supplicant: eap_proxy: Released QMI UIM service client
2021-08-16 17:47:58.159 4743-5398/? D/TelephonyIcons: selectedTypeArray.length=2
2021-08-16 17:47:58.160 4743-5398/? D/TelephonyIcons: inetArray.length=5
2021-08-16 17:47:58.161 4743-5398/? D/TelephonyIcons: getDataActivity, slot=0, activity=4
2021-08-16 17:47:58.165 4743-5398/? D/TelephonyIcons: null signal icon name: drawable/stat_sys_signal_null
2021-08-16 17:47:58.166 4743-5398/? D/TelephonyIcons: getDataTypeIcon sub=0
2021-08-16 17:47:58.168 4743-5398/? D/TelephonyIcons: updateDataType slot=0, type=13, inetCondition=1 showAtLeast3G=false show4GforLte=true hspaDistinguishable=false
2021-08-16 17:47:58.170 4743-5398/? D/TelephonyIcons: data type item name: array/telephony_data_type_sim1 id:2131427376
2021-08-16 17:47:58.171 4743-5398/? D/TelephonyIcons: updateDataType mSelectedDataTypeIcon[0]=2130838284, mSelectedDataActivityIndex=5
2021-08-16 17:47:58.172 4743-5398/? D/TelephonyIcons: getSignalStrengthIcon: slot=0, inetCondition=1, level=4, roaming=false
2021-08-16 17:47:58.173 4743-5398/? D/TelephonyIcons: signalStrengthArray.length=9
2021-08-16 17:47:58.175 4743-5398/? D/TelephonyIcons: selectedTypeArray.length=2
2021-08-16 17:47:58.177 4743-5398/? D/TelephonyIcons: inetArray.length=5
2021-08-16 17:47:58.179 4743-5398/? D/TelephonyIcons: getDataActivity, slot=0, activity=0
2021-08-16 17:47:58.183 4743-5398/? D/TelephonyIcons: null signal icon name: drawable/stat_sys_signal_null
2021-08-16 17:47:58.184 4743-5398/? D/TelephonyIcons: getDataTypeIcon sub=0
2021-08-16 17:47:58.278 18199-18199/? E/wpa_supplicant: eap_proxy: Released QMI EAP service client
2021-08-16 17:47:58.278 18199-18199/? E/wpa_supplicant: eap_proxy: session not started for client = 2
2021-08-16 17:47:58.335 18199-18199/? E/wpa_supplicant: eap_proxy: Released QMI UIM service client
2021-08-16 17:47:58.337 3609-4700/? D/ConnectivityService: Adding iface rmnet_data0 to network 112
2021-08-16 17:47:58.458 18199-18199/? E/wpa_supplicant: eap_proxy: Released QMI EAP service client
2021-08-16 17:47:58.458 18199-18199/? I/wpa_supplicant: eap_proxy: eap_proxy Deinitialzed
2021-08-16 17:47:58.579 18199-18199/? D/wpa_supplicant: p2p0: WPA: Clear old PMK and PTK
2021-08-16 17:47:58.580 18199-18199/? D/wpa_supplicant: p2p0: Cancelling delayed sched scan
2021-08-16 17:47:58.580 18199-18199/? D/wpa_supplicant: p2p0: Cancelling scan request
2021-08-16 17:47:58.580 18199-18199/? D/wpa_supplicant: p2p0: Cancelling authentication timeout
2021-08-16 17:47:58.580 18199-18199/? D/wpa_supplicant: Off-channel: Clear pending Action frame TX (pending_action_tx=0x0
2021-08-16 17:47:58.580 18199-18199/? D/wpa_supplicant: HS20: Delete all stored icons
2021-08-16 17:47:58.580 18199-18199/? D/wpa_supplicant: p2p0: P2P: Disable P2P since removing the management interface is being removed
2021-08-16 17:47:58.580 18199-18199/? D/wpa_supplicant: P2P: All ASP advertisements flushed
2021-08-16 17:47:58.580 18199-18199/? D/wpa_supplicant: P2P: Disabling Extended Listen Timing
2021-08-16 17:47:58.580 18199-18199/? D/wpa_supplicant: P2P: Stopping find
2021-08-16 17:47:58.580 18199-18199/? D/wpa_supplicant: P2P: Clear timeout (state=IDLE)
2021-08-16 17:47:58.580 18199-18199/? D/wpa_supplicant: P2P: State IDLE -> IDLE
2021-08-16 17:47:58.580 18199-18199/? D/wpa_supplicant: P2P: All ASP advertisements flushed
2021-08-16 17:47:58.580 18199-18199/? D/wpa_supplicant: Remove interface p2p0 from radio phy6
2021-08-16 17:47:58.580 18199-18199/? D/wpa_supplicant: Remove radio phy6
2021-08-16 17:47:58.580 18199-18199/? I/wpa_supplicant: nl80211: deinit ifname=p2p0 disabled_11b_rates=0
2021-08-16 17:47:58.628 568-568/? I/cnss-daemon: RTM_NEWROUTE Indication
2021-08-16 17:47:58.629 568-568/? I/cnss-daemon: RTM_NEWROUTE Indication
2021-08-16 17:47:58.664 18199-18199/? D/wpa_supplicant: nl80211: Remove monitor interface: refcount=0
2021-08-16 17:47:58.664 18199-18199/? D/wpa_supplicant: netlink: Operstate: ifindex=35 linkmode=0 (kernel-control), operstate=6 (IF_OPER_UP)
2021-08-16 17:47:58.668 18199-18199/? D/wpa_supplicant: nl80211: Set mode ifindex 35 iftype 2 (STATION)
2021-08-16 17:47:58.668 18199-18199/? D/wpa_supplicant: nl80211: Unsubscribe mgmt frames handle 0x2039e849 (mode change)
2021-08-16 17:47:58.668 18199-18199/? I/wpa_supplicant: p2p0: CTRL-EVENT-TERMINATING 
2021-08-16 17:47:58.669 18199-18199/? D/wpa_supplicant: CTRL-DEBUG: ctrl_sock-sendmsg: sock=8 sndbuf=163840 outq=0 send_len=23
2021-08-16 17:47:58.669 18199-18199/? D/wpa_supplicant: CTRL_IFACE monitor: 2 (No such file or directory) for /data/misc/wifi/sockets/wpa_ctrl_3609-29\x00
2021-08-16 17:47:58.669 18199-18199/? I/wpa_supplicant: CTRL_IFACE: Detach monitor that cannot receive messages: /data/misc/wifi/sockets/wpa_ctrl_3609-29\x00
2021-08-16 17:47:58.669 18199-18199/? D/wpa_supplicant: CTRL_IFACE monitor detached /data/misc/wifi/sockets/wpa_ctrl_3609-29\x00
2021-08-16 17:47:58.670 18199-18199/? D/wpa_supplicant: Get randomness: len=20 entropy=14
2021-08-16 17:47:58.675 18199-18199/? D/wpa_supplicant: random: Updated entropy file /data/misc/wifi/entropy.bin (own_pool_ready=2)
2021-08-16 17:47:58.809 568-568/? I/cnss-daemon: RTM_NEWROUTE Indication
2021-08-16 17:47:58.809 568-568/? I/cnss-daemon: ip type is ipv4
2021-08-16 17:47:58.811 3609-4700/? D/ConnectivityService: Setting DNS servers for network 112 to [/172.18.150.65, /172.18.150.66]
2021-08-16 17:47:58.824 3609-4700/? I/TetherStatsReporting: getTetherStats() called
2021-08-16 17:47:58.826 5052-5080/? D/QtiTetherService/IpaWrapper: getStats(false)
2021-08-16 17:47:58.838 3609-4700/? I/TetherStatsReporting: getTetherStats() called
2021-08-16 17:47:58.840 5052-6389/? D/QtiTetherService/IpaWrapper: getStats(false)
2021-08-16 17:47:58.850 3609-18977/? D/NetworkMonitor/NetworkAgentInfo [MOBILE (LTE) - 112]: Validation disabled.
